[INFO] Scanning for projects...
[INFO] 
[INFO] -------------------< cone017:herokuAppQAAutomation >--------------------
[INFO] Building herokuAppQAAutomation 1.0-SNAPSHOT
[INFO]   from pom.xml
[INFO] --------------------------------[ jar ]---------------------------------
Downloading from central: https://repo.maven.apache.org/maven2/org/apache/maven/plugins/maven-resources-plugin/3.4.0/maven-resources-plugin-3.4.0.pom
Progress (1): 766 BProgress (1): 1.7 kBProgress (1): 3.7 kBProgress (1): 6.8 kBProgress (1): 7.9 kB                    Downloaded from central: https://repo.maven.apache.org/maven2/org/apache/maven/plugins/maven-resources-plugin/3.4.0/maven-resources-plugin-3.4.0.pom (7.9 kB at 17 kB/s)
Downloading from central: https://repo.maven.apache.org/maven2/org/apache/maven/plugins/maven-plugins/45/maven-plugins-45.pom
Progress (1): 772 BProgress (1): 1.8 kBProgress (1): 4.3 kBProgress (1): 7.0 kBProgress (1): 8.4 kB                    Downloaded from central: https://repo.maven.apache.org/maven2/org/apache/maven/plugins/maven-plugins/45/maven-plugins-45.pom (8.4 kB at 161 kB/s)
Downloading from central: https://repo.maven.apache.org/maven2/org/apache/maven/maven-parent/45/maven-parent-45.pom
Progress (1): 708 BProgress (1): 1.6 kBProgress (1): 4.4 kBProgress (1): 8.4 kBProgress (1): 12 kB Progress (1): 16 kBProgress (1): 21 kBProgress (1): 23 kBProgress (1): 27 kBProgress (1): 28 kBProgress (1): 30 kBProgress (1): 35 kBProgress (1): 38 kBProgress (1): 40 kBProgress (1): 42 kBProgress (1): 45 kBProgress (1): 48 kBProgress (1): 53 kB                   Downloaded from central: https://repo.maven.apache.org/maven2/org/apache/maven/maven-parent/45/maven-parent-45.pom (53 kB at 734 kB/s)
Downloading from central: https://repo.maven.apache.org/maven2/org/apache/apache/35/apache-35.pom
Progress (1): 809 BProgress (1): 1.7 kBProgress (1): 3.3 kBProgress (1): 5.0 kBProgress (1): 7.1 kBProgress (1): 12 kB Progress (1): 17 kBProgress (1): 19 kBProgress (1): 22 kBProgress (1): 24 kB                   Downloaded from central: https://repo.maven.apache.org/maven2/org/apache/apache/35/apache-35.pom (24 kB at 398 kB/s)
Downloading from central: https://repo.maven.apache.org/maven2/org/junit/junit-bom/5.13.1/junit-bom-5.13.1.pom
Progress (1): 908 BProgress (1): 2.2 kBProgress (1): 5.6 kB                    Downloaded from central: https://repo.maven.apache.org/maven2/org/junit/junit-bom/5.13.1/junit-bom-5.13.1.pom (5.6 kB at 118 kB/s)
Downloading from central: https://repo.maven.apache.org/maven2/org/apache/maven/plugins/maven-resources-plugin/3.4.0/maven-resources-plugin-3.4.0.jar
Progress (1): 0.9/31 kBProgress (1): 2.3/31 kBProgress (1): 3.6/31 kBProgress (1): 5.0/31 kBProgress (1): 6.4/31 kBProgress (1): 7.7/31 kBProgress (1): 9.1/31 kBProgress (1): 10/31 kB Progress (1): 12/31 kBProgress (1): 13/31 kBProgress (1): 15/31 kBProgress (1): 16/31 kBProgress (1): 17/31 kBProgress (1): 19/31 kBProgress (1): 20/31 kBProgress (1): 21/31 kBProgress (1): 23/31 kBProgress (1): 24/31 kBProgress (1): 25/31 kBProgress (1): 30/31 kBProgress (1): 31 kB                      Downloaded from central: https://repo.maven.apache.org/maven2/org/apache/maven/plugins/maven-resources-plugin/3.4.0/maven-resources-plugin-3.4.0.jar (31 kB at 489 kB/s)
Downloading from central: https://repo.maven.apache.org/maven2/org/apache/maven/plugins/maven-compiler-plugin/3.15.0/maven-compiler-plugin-3.15.0.pom
Progress (1): 758 BProgress (1): 2.3 kBProgress (1): 4.6 kBProgress (1): 8.3 kBProgress (1): 9.5 kB                    Downloaded from central: https://repo.maven.apache.org/maven2/org/apache/maven/plugins/maven-compiler-plugin/3.15.0/maven-compiler-plugin-3.15.0.pom (9.5 kB at 245 kB/s)
Downloading from central: https://repo.maven.apache.org/maven2/org/apache/maven/plugins/maven-plugins/47/maven-plugins-47.pom
Progress (1): 771 BProgress (1): 2.3 kBProgress (1): 4.9 kBProgress (1): 7.2 kB                    Downloaded from central: https://repo.maven.apache.org/maven2/org/apache/maven/plugins/maven-plugins/47/maven-plugins-47.pom (7.2 kB at 160 kB/s)
Downloading from central: https://repo.maven.apache.org/maven2/org/apache/maven/maven-parent/47/maven-parent-47.pom
Progress (1): 716 BProgress (1): 1.9 kBProgress (1): 5.6 kBProgress (1): 9.7 kBProgress (1): 14 kB Progress (1): 19 kBProgress (1): 23 kBProgress (1): 25 kBProgress (1): 27 kBProgress (1): 29 kBProgress (1): 33 kBProgress (1): 37 kBProgress (1): 39 kBProgress (1): 42 kBProgress (1): 45 kBProgress (1): 49 kBProgress (1): 51 kBProgress (1): 54 kB                   Downloaded from central: https://repo.maven.apache.org/maven2/org/apache/maven/maven-parent/47/maven-parent-47.pom (54 kB at 1.1 MB/s)
Downloading from central: https://repo.maven.apache.org/maven2/org/apache/apache/37/apache-37.pom
Progress (1): 733 BProgress (1): 2.0 kBProgress (1): 4.0 kBProgress (1): 5.9 kBProgress (1): 10 kB Progress (1): 16 kBProgress (1): 19 kBProgress (1): 20 kBProgress (1): 23 kBProgress (1): 25 kBProgress (1): 26 kB                   Downloaded from central: https://repo.maven.apache.org/maven2/org/apache/apache/37/apache-37.pom (26 kB at 493 kB/s)
Downloading from central: https://repo.maven.apache.org/maven2/org/junit/junit-bom/5.14.2/junit-bom-5.14.2.pom
Progress (1): 908 BProgress (1): 4.1 kBProgress (1): 5.7 kB                    Downloaded from central: https://repo.maven.apache.org/maven2/org/junit/junit-bom/5.14.2/junit-bom-5.14.2.pom (5.7 kB at 103 kB/s)
Downloading from central: https://repo.maven.apache.org/maven2/org/apache/maven/plugins/maven-compiler-plugin/3.15.0/maven-compiler-plugin-3.15.0.jar
Progress (1): 3.8/84 kBProgress (1): 8.0/84 kBProgress (1): 8.2/84 kBProgress (1): 12/84 kB Progress (1): 17/84 kBProgress (1): 21/84 kBProgress (1): 25/84 kBProgress (1): 29/84 kBProgress (1): 34/84 kBProgress (1): 38/84 kBProgress (1): 42/84 kBProgress (1): 46/84 kBProgress (1): 50/84 kBProgress (1): 55/84 kBProgress (1): 59/84 kBProgress (1): 63/84 kBProgress (1): 66/84 kBProgress (1): 70/84 kBProgress (1): 74/84 kBProgress (1): 78/84 kBProgress (1): 82/84 kBProgress (1): 84 kB                      Downloaded from central: https://repo.maven.apache.org/maven2/org/apache/maven/plugins/maven-compiler-plugin/3.15.0/maven-compiler-plugin-3.15.0.jar (84 kB at 1.1 MB/s)
Downloading from central: https://repo.maven.apache.org/maven2/org/apache/maven/plugins/maven-surefire-plugin/3.2.5/maven-surefire-plugin-3.2.5.pom
Progress (1): 834 BProgress (1): 2.7 kBProgress (1): 5.3 kB                    Downloaded from central: https://repo.maven.apache.org/maven2/org/apache/maven/plugins/maven-surefire-plugin/3.2.5/maven-surefire-plugin-3.2.5.pom (5.3 kB at 127 kB/s)
Downloading from central: https://repo.maven.apache.org/maven2/org/apache/maven/surefire/surefire/3.2.5/surefire-3.2.5.pom
Progress (1): 787 BProgress (1): 2.4 kBProgress (1): 4.1 kBProgress (1): 7.9 kBProgress (1): 12 kB Progress (1): 14 kBProgress (1): 17 kBProgress (1): 18 kBProgress (1): 20 kBProgress (1): 22 kB                   Downloaded from central: https://repo.maven.apache.org/maven2/org/apache/maven/surefire/surefire/3.2.5/surefire-3.2.5.pom (22 kB at 536 kB/s)
Downloading from central: https://repo.maven.apache.org/maven2/org/apache/maven/maven-parent/41/maven-parent-41.pom
Progress (1): 724 BProgress (1): 1.9 kBProgress (1): 5.5 kBProgress (1): 9.9 kBProgress (1): 14 kB Progress (1): 19 kBProgress (1): 23 kBProgress (1): 27 kBProgress (1): 28 kBProgress (1): 31 kBProgress (1): 34 kBProgress (1): 37 kBProgress (1): 40 kBProgress (1): 43 kBProgress (1): 48 kBProgress (1): 48 kBProgress (1): 50 kB                   Downloaded from central: https://repo.maven.apache.org/maven2/org/apache/maven/maven-parent/41/maven-parent-41.pom (50 kB at 1.0 MB/s)
Downloading from central: https://repo.maven.apache.org/maven2/org/apache/apache/31/apache-31.pom
Progress (1): 739 BProgress (1): 2.1 kBProgress (1): 3.9 kBProgress (1): 6.2 kBProgress (1): 11 kB Progress (1): 16 kBProgress (1): 20 kBProgress (1): 22 kBProgress (1): 24 kB                   Downloaded from central: https://repo.maven.apache.org/maven2/org/apache/apache/31/apache-31.pom (24 kB at 619 kB/s)
Downloading from central: https://repo.maven.apache.org/maven2/org/junit/junit-bom/5.9.3/junit-bom-5.9.3.pom
Progress (1): 907 BProgress (1): 4.1 kBProgress (1): 5.6 kB                    Downloaded from central: https://repo.maven.apache.org/maven2/org/junit/junit-bom/5.9.3/junit-bom-5.9.3.pom (5.6 kB at 131 kB/s)
Downloading from central: https://repo.maven.apache.org/maven2/org/apache/maven/plugins/maven-surefire-plugin/3.2.5/maven-surefire-plugin-3.2.5.jar
Progress (1): 7.7/45 kBProgress (1): 16/45 kB Progress (1): 32/45 kBProgress (1): 45 kB                      Downloaded from central: https://repo.maven.apache.org/maven2/org/apache/maven/plugins/maven-surefire-plugin/3.2.5/maven-surefire-plugin-3.2.5.jar (45 kB at 611 kB/s)
Downloading from central: https://repo.maven.apache.org/maven2/org/seleniumhq/selenium/selenium-java/4.45.0/selenium-java-4.45.0.pom
Progress (1): 1.1 kBProgress (1): 4.4 kB                    Downloaded from central: https://repo.maven.apache.org/maven2/org/seleniumhq/selenium/selenium-java/4.45.0/selenium-java-4.45.0.pom (4.4 kB at 77 kB/s)
Downloading from central: https://repo.maven.apache.org/maven2/org/seleniumhq/selenium/selenium-api/4.45.0/selenium-api-4.45.0.pom
Progress (1): 1.1 kBProgress (1): 2.3 kB                    Downloaded from central: https://repo.maven.apache.org/maven2/org/seleniumhq/selenium/selenium-api/4.45.0/selenium-api-4.45.0.pom (2.3 kB at 49 kB/s)
Downloading from central: https://repo.maven.apache.org/maven2/org/jspecify/jspecify/1.0.0/jspecify-1.0.0.pom
Progress (1): 994 BProgress (1): 1.5 kB                    Downloaded from central: https://repo.maven.apache.org/maven2/org/jspecify/jspecify/1.0.0/jspecify-1.0.0.pom (1.5 kB at 30 kB/s)
Downloading from central: https://repo.maven.apache.org/maven2/org/seleniumhq/selenium/selenium-chrome-driver/4.45.0/selenium-chrome-driver-4.45.0.pom
Progress (1): 1.1 kBProgress (1): 3.6 kB                    Downloaded from central: https://repo.maven.apache.org/maven2/org/seleniumhq/selenium/selenium-chrome-driver/4.45.0/selenium-chrome-driver-4.45.0.pom (3.6 kB at 57 kB/s)
Downloading from central: https://repo.maven.apache.org/maven2/com/google/auto/service/auto-service-annotations/1.1.1/auto-service-annotations-1.1.1.pom
Progress (1): 832 BProgress (1): 2.3 kB                    Downloaded from central: https://repo.maven.apache.org/maven2/com/google/auto/service/auto-service-annotations/1.1.1/auto-service-annotations-1.1.1.pom (2.3 kB at 53 kB/s)
Downloading from central: https://repo.maven.apache.org/maven2/com/google/auto/service/auto-service-aggregator/1.1.1/auto-service-aggregator-1.1.1.pom
Progress (1): 813 BProgress (1): 2.4 kBProgress (1): 4.3 kB                    Downloaded from central: https://repo.maven.apache.org/maven2/com/google/auto/service/auto-service-aggregator/1.1.1/auto-service-aggregator-1.1.1.pom (4.3 kB at 73 kB/s)
Downloading from central: https://repo.maven.apache.org/maven2/org/sonatype/oss/oss-parent/7/oss-parent-7.pom
Progress (1): 848 BProgress (1): 2.5 kBProgress (1): 4.8 kB                    Downloaded from central: https://repo.maven.apache.org/maven2/org/sonatype/oss/oss-parent/7/oss-parent-7.pom (4.8 kB at 89 kB/s)
Downloading from central: https://repo.maven.apache.org/maven2/org/seleniumhq/selenium/selenium-chromium-driver/4.45.0/selenium-chromium-driver-4.45.0.pom
Progress (1): 1.1 kBProgress (1): 3.0 kB                    Downloaded from central: https://repo.maven.apache.org/maven2/org/seleniumhq/selenium/selenium-chromium-driver/4.45.0/selenium-chromium-driver-4.45.0.pom (3.0 kB at 45 kB/s)
Downloading from central: https://repo.maven.apache.org/maven2/org/seleniumhq/selenium/selenium-json/4.45.0/selenium-json-4.45.0.pom
Progress (1): 1.1 kBProgress (1): 2.5 kB                    Downloaded from central: https://repo.maven.apache.org/maven2/org/seleniumhq/selenium/selenium-json/4.45.0/selenium-json-4.45.0.pom (2.5 kB at 47 kB/s)
Downloading from central: https://repo.maven.apache.org/maven2/org/seleniumhq/selenium/selenium-remote-driver/4.45.0/selenium-remote-driver-4.45.0.pom
Progress (1): 1.1 kBProgress (1): 5.3 kB                    Downloaded from central: https://repo.maven.apache.org/maven2/org/seleniumhq/selenium/selenium-remote-driver/4.45.0/selenium-remote-driver-4.45.0.pom (5.3 kB at 126 kB/s)
Downloading from central: https://repo.maven.apache.org/maven2/com/google/guava/guava/33.6.0-jre/guava-33.6.0-jre.pom
Progress (1): 919 BProgress (1): 2.9 kBProgress (1): 5.1 kBProgress (1): 7.2 kBProgress (1): 9.7 kBProgress (1): 9.8 kB                    Downloaded from central: https://repo.maven.apache.org/maven2/com/google/guava/guava/33.6.0-jre/guava-33.6.0-jre.pom (9.8 kB at 239 kB/s)
Downloading from central: https://repo.maven.apache.org/maven2/com/google/guava/guava-parent/33.6.0-jre/guava-parent-33.6.0-jre.pom
Progress (1): 885 BProgress (1): 2.4 kBProgress (1): 4.6 kBProgress (1): 6.4 kBProgress (1): 8.4 kBProgress (1): 10.0 kBProgress (1): 13 kB  Progress (1): 16 kBProgress (1): 18 kBProgress (1): 21 kBProgress (1): 23 kBProgress (1): 26 kB                   Downloaded from central: https://repo.maven.apache.org/maven2/com/google/guava/guava-parent/33.6.0-jre/guava-parent-33.6.0-jre.pom (26 kB at 570 kB/s)
Downloading from central: https://repo.maven.apache.org/maven2/com/google/guava/failureaccess/1.0.3/failureaccess-1.0.3.pom
Progress (1): 947 BProgress (1): 2.9 kBProgress (1): 5.2 kBProgress (1): 5.6 kB                    Downloaded from central: https://repo.maven.apache.org/maven2/com/google/guava/failureaccess/1.0.3/failureaccess-1.0.3.pom (5.6 kB at 113 kB/s)
Downloading from central: https://repo.maven.apache.org/maven2/com/google/guava/guava-parent/33.4.0-android/guava-parent-33.4.0-android.pom
Progress (1): 810 BProgress (1): 2.4 kBProgress (1): 4.2 kBProgress (1): 5.9 kBProgress (1): 8.2 kBProgress (1): 11 kB Progress (1): 14 kBProgress (1): 16 kBProgress (1): 18 kBProgress (1): 20 kBProgress (1): 22 kB                   Downloaded from central: https://repo.maven.apache.org/maven2/com/google/guava/guava-parent/33.4.0-android/guava-parent-33.4.0-android.pom (22 kB at 342 kB/s)
Downloading from central: https://repo.maven.apache.org/maven2/com/google/guava/listenablefuture/9999.0-empty-to-avoid-conflict-with-guava/listenablefuture-9999.0-empty-to-avoid-conflict-with-guava.pom
Progress (1): 1.0 kBProgress (1): 2.3 kB                    Downloaded from central: https://repo.maven.apache.org/maven2/com/google/guava/listenablefuture/9999.0-empty-to-avoid-conflict-with-guava/listenablefuture-9999.0-empty-to-avoid-conflict-with-guava.pom (2.3 kB at 48 kB/s)
Downloading from central: https://repo.maven.apache.org/maven2/com/google/guava/guava-parent/26.0-android/guava-parent-26.0-android.pom
Progress (1): 986 BProgress (1): 2.8 kBProgress (1): 5.4 kBProgress (1): 7.4 kBProgress (1): 10 kB                    Downloaded from central: https://repo.maven.apache.org/maven2/com/google/guava/guava-parent/26.0-android/guava-parent-26.0-android.pom (10 kB at 226 kB/s)
Downloading from central: https://repo.maven.apache.org/maven2/org/sonatype/oss/oss-parent/9/oss-parent-9.pom
Progress (1): 838 BProgress (1): 2.7 kBProgress (1): 6.5 kBProgress (1): 6.6 kB                    Downloaded from central: https://repo.maven.apache.org/maven2/org/sonatype/oss/oss-parent/9/oss-parent-9.pom (6.6 kB at 149 kB/s)
Downloading from central: https://repo.maven.apache.org/maven2/com/google/errorprone/error_prone_annotations/2.47.0/error_prone_annotations-2.47.0.pom
Progress (1): 759 BProgress (1): 2.7 kBProgress (1): 4.3 kB                    Downloaded from central: https://repo.maven.apache.org/maven2/com/google/errorprone/error_prone_annotations/2.47.0/error_prone_annotations-2.47.0.pom (4.3 kB at 104 kB/s)
Downloading from central: https://repo.maven.apache.org/maven2/com/google/errorprone/error_prone_parent/2.47.0/error_prone_parent-2.47.0.pom
Progress (1): 732 BProgress (1): 2.2 kBProgress (1): 4.1 kBProgress (1): 6.4 kBProgress (1): 11 kB Progress (1): 14 kBProgress (1): 16 kB                   Downloaded from central: https://repo.maven.apache.org/maven2/com/google/errorprone/error_prone_parent/2.47.0/error_prone_parent-2.47.0.pom (16 kB at 294 kB/s)
Downloading from central: https://repo.maven.apache.org/maven2/com/google/j2objc/j2objc-annotations/3.1/j2objc-annotations-3.1.pom
Progress (1): 827 BProgress (1): 2.5 kBProgress (1): 5.4 kB                    Downloaded from central: https://repo.maven.apache.org/maven2/com/google/j2objc/j2objc-annotations/3.1/j2objc-annotations-3.1.pom (5.4 kB at 115 kB/s)
Downloading from central: https://repo.maven.apache.org/maven2/io/opentelemetry/opentelemetry-api/1.63.0/opentelemetry-api-1.63.0.pom
Progress (1): 1.0 kBProgress (1): 1.8 kB                    Downloaded from central: https://repo.maven.apache.org/maven2/io/opentelemetry/opentelemetry-api/1.63.0/opentelemetry-api-1.63.0.pom (1.8 kB at 30 kB/s)
Downloading from central: https://repo.maven.apache.org/maven2/io/opentelemetry/opentelemetry-context/1.63.0/opentelemetry-context-1.63.0.pom
Progress (1): 989 BProgress (1): 1.8 kB                    Downloaded from central: https://repo.maven.apache.org/maven2/io/opentelemetry/opentelemetry-context/1.63.0/opentelemetry-context-1.63.0.pom (1.8 kB at 35 kB/s)
Downloading from central: https://repo.maven.apache.org/maven2/io/opentelemetry/opentelemetry-common/1.63.0/opentelemetry-common-1.63.0.pom
Progress (1): 1.0 kBProgress (1): 1.6 kB                    Downloaded from central: https://repo.maven.apache.org/maven2/io/opentelemetry/opentelemetry-common/1.63.0/opentelemetry-common-1.63.0.pom (1.6 kB at 25 kB/s)
Downloading from central: https://repo.maven.apache.org/maven2/io/opentelemetry/opentelemetry-exporter-logging/1.63.0/opentelemetry-exporter-logging-1.63.0.pom
Progress (1): 996 BProgress (1): 1.8 kB                    Downloaded from central: https://repo.maven.apache.org/maven2/io/opentelemetry/opentelemetry-exporter-logging/1.63.0/opentelemetry-exporter-logging-1.63.0.pom (1.8 kB at 36 kB/s)
Downloading from central: https://repo.maven.apache.org/maven2/io/opentelemetry/opentelemetry-sdk/1.63.0/opentelemetry-sdk-1.63.0.pom
Progress (1): 994 BProgress (1): 2.5 kB                    Downloaded from central: https://repo.maven.apache.org/maven2/io/opentelemetry/opentelemetry-sdk/1.63.0/opentelemetry-sdk-1.63.0.pom (2.5 kB at 44 kB/s)
Downloading from central: https://repo.maven.apache.org/maven2/io/opentelemetry/opentelemetry-sdk-common/1.63.0/opentelemetry-sdk-common-1.63.0.pom
Progress (1): 1.0 kBProgress (1): 1.8 kB                    Downloaded from central: https://repo.maven.apache.org/maven2/io/opentelemetry/opentelemetry-sdk-common/1.63.0/opentelemetry-sdk-common-1.63.0.pom (1.8 kB at 34 kB/s)
Downloading from central: https://repo.maven.apache.org/maven2/io/opentelemetry/opentelemetry-sdk-trace/1.63.0/opentelemetry-sdk-trace-1.63.0.pom
Progress (1): 978 BProgress (1): 2.0 kB                    Downloaded from central: https://repo.maven.apache.org/maven2/io/opentelemetry/opentelemetry-sdk-trace/1.63.0/opentelemetry-sdk-trace-1.63.0.pom (2.0 kB at 36 kB/s)
Downloading from central: https://repo.maven.apache.org/maven2/io/opentelemetry/opentelemetry-sdk-metrics/1.63.0/opentelemetry-sdk-metrics-1.63.0.pom
Progress (1): 997 BProgress (1): 2.0 kB                    Downloaded from central: https://repo.maven.apache.org/maven2/io/opentelemetry/opentelemetry-sdk-metrics/1.63.0/opentelemetry-sdk-metrics-1.63.0.pom (2.0 kB at 41 kB/s)
Downloading from central: https://repo.maven.apache.org/maven2/io/opentelemetry/opentelemetry-sdk-logs/1.63.0/opentelemetry-sdk-logs-1.63.0.pom
Progress (1): 990 BProgress (1): 2.0 kB                    Downloaded from central: https://repo.maven.apache.org/maven2/io/opentelemetry/opentelemetry-sdk-logs/1.63.0/opentelemetry-sdk-logs-1.63.0.pom (2.0 kB at 43 kB/s)
Downloading from central: https://repo.maven.apache.org/maven2/io/opentelemetry/opentelemetry-sdk-extension-autoconfigure-spi/1.63.0/opentelemetry-sdk-extension-autoconfigure-spi-1.63.0.pom
Progress (1): 977 BProgress (1): 1.8 kB                    Downloaded from central: https://repo.maven.apache.org/maven2/io/opentelemetry/opentelemetry-sdk-extension-autoconfigure-spi/1.63.0/opentelemetry-sdk-extension-autoconfigure-spi-1.63.0.pom (1.8 kB at 42 kB/s)
Downloading from central: https://repo.maven.apache.org/maven2/io/opentelemetry/opentelemetry-sdk-extension-autoconfigure/1.63.0/opentelemetry-sdk-extension-autoconfigure-1.63.0.pom
Progress (1): 984 BProgress (1): 2.0 kB                    Downloaded from central: https://repo.maven.apache.org/maven2/io/opentelemetry/opentelemetry-sdk-extension-autoconfigure/1.63.0/opentelemetry-sdk-extension-autoconfigure-1.63.0.pom (2.0 kB at 38 kB/s)
Downloading from central: https://repo.maven.apache.org/maven2/net/bytebuddy/byte-buddy/1.18.10/byte-buddy-1.18.10.pom
Progress (1): 942 BProgress (1): 3.6 kBProgress (1): 6.7 kBProgress (1): 15 kB Progress (1): 21 kBProgress (1): 21 kB                   Downloaded from central: https://repo.maven.apache.org/maven2/net/bytebuddy/byte-buddy/1.18.10/byte-buddy-1.18.10.pom (21 kB at 441 kB/s)
Downloading from central: https://repo.maven.apache.org/maven2/net/bytebuddy/byte-buddy-parent/1.18.10/byte-buddy-parent-1.18.10.pom
Progress (1): 844 BProgress (1): 2.1 kBProgress (1): 3.7 kBProgress (1): 6.2 kBProgress (1): 8.1 kBProgress (1): 10.0 kBProgress (1): 13 kB  Progress (1): 16 kBProgress (1): 21 kBProgress (1): 25 kBProgress (1): 30 kBProgress (1): 46 kBProgress (1): 53 kBProgress (1): 59 kBProgress (1): 62 kBProgress (1): 62 kBProgress (1): 68 kB                   Downloaded from central: https://repo.maven.apache.org/maven2/net/bytebuddy/byte-buddy-parent/1.18.10/byte-buddy-parent-1.18.10.pom (68 kB at 1.4 MB/s)
Downloading from central: https://repo.maven.apache.org/maven2/org/seleniumhq/selenium/selenium-http/4.45.0/selenium-http-4.45.0.pom
Progress (1): 1.1 kBProgress (1): 3.2 kB                    Downloaded from central: https://repo.maven.apache.org/maven2/org/seleniumhq/selenium/selenium-http/4.45.0/selenium-http-4.45.0.pom (3.2 kB at 66 kB/s)
Downloading from central: https://repo.maven.apache.org/maven2/org/seleniumhq/selenium/selenium-manager/4.45.0/selenium-manager-4.45.0.pom
Progress (1): 1.1 kBProgress (1): 3.0 kB                    Downloaded from central: https://repo.maven.apache.org/maven2/org/seleniumhq/selenium/selenium-manager/4.45.0/selenium-manager-4.45.0.pom (3.0 kB at 66 kB/s)
Downloading from central: https://repo.maven.apache.org/maven2/org/seleniumhq/selenium/selenium-os/4.45.0/selenium-os-4.45.0.pom
Progress (1): 1.1 kBProgress (1): 2.5 kB                    Downloaded from central: https://repo.maven.apache.org/maven2/org/seleniumhq/selenium/selenium-os/4.45.0/selenium-os-4.45.0.pom (2.5 kB at 47 kB/s)
Downloading from central: https://repo.maven.apache.org/maven2/org/seleniumhq/selenium/selenium-devtools-latest/4.45.0/selenium-devtools-latest-4.45.0.pom
Progress (1): 1.1 kBProgress (1): 3.0 kB                    Downloaded from central: https://repo.maven.apache.org/maven2/org/seleniumhq/selenium/selenium-devtools-latest/4.45.0/selenium-devtools-latest-4.45.0.pom (3.0 kB at 57 kB/s)
Downloading from central: https://repo.maven.apache.org/maven2/org/seleniumhq/selenium/selenium-devtools-v149/4.45.0/selenium-devtools-v149-4.45.0.pom
Progress (1): 1.1 kBProgress (1): 3.1 kB                    Downloaded from central: https://repo.maven.apache.org/maven2/org/seleniumhq/selenium/selenium-devtools-v149/4.45.0/selenium-devtools-v149-4.45.0.pom (3.1 kB at 57 kB/s)
Downloading from central: https://repo.maven.apache.org/maven2/org/seleniumhq/selenium/selenium-devtools-v147/4.45.0/selenium-devtools-v147-4.45.0.pom
Progress (1): 1.1 kBProgress (1): 3.1 kB                    Downloaded from central: https://repo.maven.apache.org/maven2/org/seleniumhq/selenium/selenium-devtools-v147/4.45.0/selenium-devtools-v147-4.45.0.pom (3.1 kB at 70 kB/s)
Downloading from central: https://repo.maven.apache.org/maven2/org/seleniumhq/selenium/selenium-devtools-v148/4.45.0/selenium-devtools-v148-4.45.0.pom
Progress (1): 1.1 kBProgress (1): 3.1 kB                    Downloaded from central: https://repo.maven.apache.org/maven2/org/seleniumhq/selenium/selenium-devtools-v148/4.45.0/selenium-devtools-v148-4.45.0.pom (3.1 kB at 50 kB/s)
Downloading from central: https://repo.maven.apache.org/maven2/org/seleniumhq/selenium/selenium-edge-driver/4.45.0/selenium-edge-driver-4.45.0.pom
Progress (1): 1.1 kBProgress (1): 3.4 kB                    Downloaded from central: https://repo.maven.apache.org/maven2/org/seleniumhq/selenium/selenium-edge-driver/4.45.0/selenium-edge-driver-4.45.0.pom (3.4 kB at 62 kB/s)
Downloading from central: https://repo.maven.apache.org/maven2/org/seleniumhq/selenium/selenium-firefox-driver/4.45.0/selenium-firefox-driver-4.45.0.pom
Progress (1): 1.1 kBProgress (1): 3.7 kB                    Downloaded from central: https://repo.maven.apache.org/maven2/org/seleniumhq/selenium/selenium-firefox-driver/4.45.0/selenium-firefox-driver-4.45.0.pom (3.7 kB at 65 kB/s)
Downloading from central: https://repo.maven.apache.org/maven2/org/seleniumhq/selenium/selenium-ie-driver/4.45.0/selenium-ie-driver-4.45.0.pom
Progress (1): 1.1 kBProgress (1): 3.2 kB                    Downloaded from central: https://repo.maven.apache.org/maven2/org/seleniumhq/selenium/selenium-ie-driver/4.45.0/selenium-ie-driver-4.45.0.pom (3.2 kB at 58 kB/s)
Downloading from central: https://repo.maven.apache.org/maven2/org/seleniumhq/selenium/selenium-safari-driver/4.45.0/selenium-safari-driver-4.45.0.pom
Progress (1): 1.1 kBProgress (1): 3.0 kB                    Downloaded from central: https://repo.maven.apache.org/maven2/org/seleniumhq/selenium/selenium-safari-driver/4.45.0/selenium-safari-driver-4.45.0.pom (3.0 kB at 54 kB/s)
Downloading from central: https://repo.maven.apache.org/maven2/org/seleniumhq/selenium/selenium-support/4.45.0/selenium-support-4.45.0.pom
Progress (1): 1.1 kBProgress (1): 3.4 kB                    Downloaded from central: https://repo.maven.apache.org/maven2/org/seleniumhq/selenium/selenium-support/4.45.0/selenium-support-4.45.0.pom (3.4 kB at 61 kB/s)
Downloading from central: https://repo.maven.apache.org/maven2/org/testng/testng/7.12.0/testng-7.12.0.pom
Progress (1): 999 BProgress (1): 2.6 kB                    Downloaded from central: https://repo.maven.apache.org/maven2/org/testng/testng/7.12.0/testng-7.12.0.pom (2.6 kB at 57 kB/s)
Downloading from central: https://repo.maven.apache.org/maven2/org/slf4j/slf4j-api/2.0.16/slf4j-api-2.0.16.pom
Progress (1): 1.1 kBProgress (1): 2.8 kB                    Downloaded from central: https://repo.maven.apache.org/maven2/org/slf4j/slf4j-api/2.0.16/slf4j-api-2.0.16.pom (2.8 kB at 55 kB/s)
Downloading from central: https://repo.maven.apache.org/maven2/org/slf4j/slf4j-parent/2.0.16/slf4j-parent-2.0.16.pom
Progress (1): 953 BProgress (1): 3.2 kBProgress (1): 6.0 kBProgress (1): 8.2 kBProgress (1): 11 kB Progress (1): 13 kB                   Downloaded from central: https://repo.maven.apache.org/maven2/org/slf4j/slf4j-parent/2.0.16/slf4j-parent-2.0.16.pom (13 kB at 243 kB/s)
Downloading from central: https://repo.maven.apache.org/maven2/org/slf4j/slf4j-bom/2.0.16/slf4j-bom-2.0.16.pom
Progress (1): 1.0 kBProgress (1): 4.6 kBProgress (1): 7.3 kBProgress (1): 7.3 kB                    Downloaded from central: https://repo.maven.apache.org/maven2/org/slf4j/slf4j-bom/2.0.16/slf4j-bom-2.0.16.pom (7.3 kB at 171 kB/s)
Downloading from central: https://repo.maven.apache.org/maven2/org/jcommander/jcommander/1.83/jcommander-1.83.pom
Progress (1): 1.0 kBProgress (1): 1.5 kB                    Downloaded from central: https://repo.maven.apache.org/maven2/org/jcommander/jcommander/1.83/jcommander-1.83.pom (1.5 kB at 24 kB/s)
Downloading from central: https://repo.maven.apache.org/maven2/org/webjars/jquery/3.7.1/jquery-3.7.1.pom
Progress (1): 1.2 kBProgress (1): 3.7 kBProgress (1): 7.6 kB                    Downloaded from central: https://repo.maven.apache.org/maven2/org/webjars/jquery/3.7.1/jquery-3.7.1.pom (7.6 kB at 117 kB/s)
Downloading from central: https://repo.maven.apache.org/maven2/io/github/bonigarcia/webdrivermanager/6.3.4/webdrivermanager-6.3.4.pom
Progress (1): 1.2 kBProgress (1): 3.4 kBProgress (1): 6.6 kBProgress (1): 11 kB Progress (1): 15 kBProgress (1): 19 kBProgress (1): 24 kB                   Downloaded from central: https://repo.maven.apache.org/maven2/io/github/bonigarcia/webdrivermanager/6.3.4/webdrivermanager-6.3.4.pom (24 kB at 332 kB/s)
Downloading from central: https://repo.maven.apache.org/maven2/org/slf4j/slf4j-api/2.0.17/slf4j-api-2.0.17.pom
Progress (1): 1.1 kBProgress (1): 2.8 kB                    Downloaded from central: https://repo.maven.apache.org/maven2/org/slf4j/slf4j-api/2.0.17/slf4j-api-2.0.17.pom (2.8 kB at 57 kB/s)
Downloading from central: https://repo.maven.apache.org/maven2/org/slf4j/slf4j-parent/2.0.17/slf4j-parent-2.0.17.pom
Progress (1): 953 BProgress (1): 3.2 kBProgress (1): 6.0 kBProgress (1): 8.2 kBProgress (1): 11 kB Progress (1): 13 kB                   Downloaded from central: https://repo.maven.apache.org/maven2/org/slf4j/slf4j-parent/2.0.17/slf4j-parent-2.0.17.pom (13 kB at 273 kB/s)
Downloading from central: https://repo.maven.apache.org/maven2/org/slf4j/slf4j-bom/2.0.17/slf4j-bom-2.0.17.pom
Progress (1): 997 BProgress (1): 4.7 kBProgress (1): 7.3 kBProgress (1): 7.3 kB                    Downloaded from central: https://repo.maven.apache.org/maven2/org/slf4j/slf4j-bom/2.0.17/slf4j-bom-2.0.17.pom (7.3 kB at 166 kB/s)
Downloading from central: https://repo.maven.apache.org/maven2/com/google/code/gson/gson/2.13.2/gson-2.13.2.pom
Progress (1): 723 BProgress (1): 1.9 kBProgress (1): 4.0 kBProgress (1): 6.3 kBProgress (1): 9.0 kBProgress (1): 12 kB Progress (1): 13 kB                   Downloaded from central: https://repo.maven.apache.org/maven2/com/google/code/gson/gson/2.13.2/gson-2.13.2.pom (13 kB at 201 kB/s)
Downloading from central: https://repo.maven.apache.org/maven2/com/google/code/gson/gson-parent/2.13.2/gson-parent-2.13.2.pom
Progress (1): 705 BProgress (1): 2.0 kBProgress (1): 3.7 kBProgress (1): 5.7 kBProgress (1): 7.2 kBProgress (1): 9.0 kBProgress (1): 10 kB Progress (1): 12 kBProgress (1): 15 kBProgress (1): 18 kBProgress (1): 19 kBProgress (1): 22 kBProgress (1): 24 kBProgress (1): 27 kBProgress (1): 27 kB                   Downloaded from central: https://repo.maven.apache.org/maven2/com/google/code/gson/gson-parent/2.13.2/gson-parent-2.13.2.pom (27 kB at 587 kB/s)
Downloading from central: https://repo.maven.apache.org/maven2/com/google/errorprone/error_prone_annotations/2.41.0/error_prone_annotations-2.41.0.pom
Progress (1): 759 BProgress (1): 2.7 kBProgress (1): 4.3 kB                    Downloaded from central: https://repo.maven.apache.org/maven2/com/google/errorprone/error_prone_annotations/2.41.0/error_prone_annotations-2.41.0.pom (4.3 kB at 72 kB/s)
Downloading from central: https://repo.maven.apache.org/maven2/com/google/errorprone/error_prone_parent/2.41.0/error_prone_parent-2.41.0.pom
Progress (1): 729 BProgress (1): 2.2 kBProgress (1): 4.1 kBProgress (1): 6.4 kBProgress (1): 11 kB Progress (1): 14 kBProgress (1): 16 kB                   Downloaded from central: https://repo.maven.apache.org/maven2/com/google/errorprone/error_prone_parent/2.41.0/error_prone_parent-2.41.0.pom (16 kB at 295 kB/s)
Downloading from central: https://repo.maven.apache.org/maven2/com/github/docker-java/docker-java/3.7.1/docker-java-3.7.1.pom
Progress (1): 1.9 kBProgress (1): 4.8 kBProgress (1): 5.7 kB                    Downloaded from central: https://repo.maven.apache.org/maven2/com/github/docker-java/docker-java/3.7.1/docker-java-3.7.1.pom (5.7 kB at 145 kB/s)
Downloading from central: https://repo.maven.apache.org/maven2/com/github/docker-java/docker-java-parent/3.7.1/docker-java-parent-3.7.1.pom
Progress (1): 1.1 kBProgress (1): 2.7 kBProgress (1): 5.7 kBProgress (1): 8.9 kBProgress (1): 12 kB Progress (1): 12 kB                   Downloaded from central: https://repo.maven.apache.org/maven2/com/github/docker-java/docker-java-parent/3.7.1/docker-java-parent-3.7.1.pom (12 kB at 264 kB/s)
Downloading from central: https://repo.maven.apache.org/maven2/com/github/docker-java/docker-java-core/3.7.1/docker-java-core-3.7.1.pom
Progress (1): 1.8 kBProgress (1): 3.0 kB                    Downloaded from central: https://repo.maven.apache.org/maven2/com/github/docker-java/docker-java-core/3.7.1/docker-java-core-3.7.1.pom (3.0 kB at 52 kB/s)
Downloading from central: https://repo.maven.apache.org/maven2/com/github/docker-java/docker-java-api/3.7.1/docker-java-api-3.7.1.pom
Progress (1): 1.3 kBProgress (1): 3.1 kB                    Downloaded from central: https://repo.maven.apache.org/maven2/com/github/docker-java/docker-java-api/3.7.1/docker-java-api-3.7.1.pom (3.1 kB at 59 kB/s)
Downloading from central: https://repo.maven.apache.org/maven2/com/fasterxml/jackson/core/jackson-annotations/2.20/jackson-annotations-2.20.pom
Progress (1): 952 BProgress (1): 2.3 kBProgress (1): 3.8 kBProgress (1): 6.4 kBProgress (1): 7.0 kB                    Downloaded from central: https://repo.maven.apache.org/maven2/com/fasterxml/jackson/core/jackson-annotations/2.20/jackson-annotations-2.20.pom (7.0 kB at 110 kB/s)
Downloading from central: https://repo.maven.apache.org/maven2/com/fasterxml/jackson/jackson-parent/2.20/jackson-parent-2.20.pom
Progress (1): 1.1 kBProgress (1): 2.5 kBProgress (1): 4.1 kBProgress (1): 6.2 kBProgress (1): 6.8 kB                    Downloaded from central: https://repo.maven.apache.org/maven2/com/fasterxml/jackson/jackson-parent/2.20/jackson-parent-2.20.pom (6.8 kB at 125 kB/s)
Downloading from central: https://repo.maven.apache.org/maven2/com/fasterxml/oss-parent/70/oss-parent-70.pom
Progress (1): 952 BProgress (1): 2.9 kBProgress (1): 4.1 kBProgress (1): 6.1 kBProgress (1): 9.9 kBProgress (1): 12 kB Progress (1): 15 kBProgress (1): 18 kBProgress (1): 21 kBProgress (1): 24 kB                   Downloaded from central: https://repo.maven.apache.org/maven2/com/fasterxml/oss-parent/70/oss-parent-70.pom (24 kB at 430 kB/s)
Downloading from central: https://repo.maven.apache.org/maven2/org/slf4j/slf4j-api/1.7.30/slf4j-api-1.7.30.pom
Progress (1): 1.0 kBProgress (1): 3.3 kBProgress (1): 3.8 kB                    Downloaded from central: https://repo.maven.apache.org/maven2/org/slf4j/slf4j-api/1.7.30/slf4j-api-1.7.30.pom (3.8 kB at 96 kB/s)
Downloading from central: https://repo.maven.apache.org/maven2/org/slf4j/slf4j-parent/1.7.30/slf4j-parent-1.7.30.pom
Progress (1): 1.0 kBProgress (1): 3.2 kBProgress (1): 6.0 kBProgress (1): 9.1 kBProgress (1): 12 kB Progress (1): 14 kB                   Downloaded from central: https://repo.maven.apache.org/maven2/org/slf4j/slf4j-parent/1.7.30/slf4j-parent-1.7.30.pom (14 kB at 251 kB/s)
Downloading from central: https://repo.maven.apache.org/maven2/com/github/docker-java/docker-java-transport/3.7.1/docker-java-transport-3.7.1.pom
Progress (1): 1.4 kBProgress (1): 1.6 kB                    Downloaded from central: https://repo.maven.apache.org/maven2/com/github/docker-java/docker-java-transport/3.7.1/docker-java-transport-3.7.1.pom (1.6 kB at 33 kB/s)
Downloading from central: https://repo.maven.apache.org/maven2/commons-io/commons-io/2.21.0/commons-io-2.21.0.pom
Progress (1): 810 BProgress (1): 2.3 kBProgress (1): 4.7 kBProgress (1): 6.5 kBProgress (1): 8.6 kBProgress (1): 11 kB Progress (1): 14 kBProgress (1): 17 kBProgress (1): 20 kBProgress (1): 21 kB                   Downloaded from central: https://repo.maven.apache.org/maven2/commons-io/commons-io/2.21.0/commons-io-2.21.0.pom (21 kB at 326 kB/s)
Downloading from central: https://repo.maven.apache.org/maven2/org/apache/commons/commons-parent/91/commons-parent-91.pom
Progress (1): 699 BProgress (1): 1.9 kBProgress (1): 3.2 kBProgress (1): 4.7 kBProgress (1): 6.8 kBProgress (1): 9.4 kBProgress (1): 11 kB Progress (1): 14 kBProgress (1): 16 kBProgress (1): 18 kBProgress (1): 21 kBProgress (1): 23 kBProgress (1): 25 kBProgress (1): 29 kBProgress (1): 32 kBProgress (1): 32 kBProgress (1): 37 kBProgress (1): 41 kBProgress (1): 45 kBProgress (1): 47 kBProgress (1): 50 kBProgress (1): 52 kBProgress (1): 56 kBProgress (1): 58 kBProgress (1): 61 kBProgress (1): 64 kBProgress (1): 68 kBProgress (1): 71 kBProgress (1): 74 kBProgress (1): 76 kBProgress (1): 78 kBProgress (1): 79 kB                   Downloaded from central: https://repo.maven.apache.org/maven2/org/apache/commons/commons-parent/91/commons-parent-91.pom (79 kB at 1.2 MB/s)
Downloading from central: https://repo.maven.apache.org/maven2/org/junit/junit-bom/5.13.4/junit-bom-5.13.4.pom
Progress (1): 908 BProgress (1): 4.1 kBProgress (1): 5.7 kB                    Downloaded from central: https://repo.maven.apache.org/maven2/org/junit/junit-bom/5.13.4/junit-bom-5.13.4.pom (5.7 kB at 145 kB/s)
Downloading from central: https://repo.maven.apache.org/maven2/org/apache/commons/commons-compress/1.28.0/commons-compress-1.28.0.pom
Progress (1): 750 BProgress (1): 1.9 kBProgress (1): 3.7 kBProgress (1): 5.3 kBProgress (1): 9.1 kBProgress (1): 11 kB Progress (1): 14 kBProgress (1): 17 kBProgress (1): 22 kBProgress (1): 25 kBProgress (1): 25 kB                   Downloaded from central: https://repo.maven.apache.org/maven2/org/apache/commons/commons-compress/1.28.0/commons-compress-1.28.0.pom (25 kB at 589 kB/s)
Downloading from central: https://repo.maven.apache.org/maven2/org/apache/commons/commons-parent/85/commons-parent-85.pom
Progress (1): 702 BProgress (1): 1.9 kBProgress (1): 3.2 kBProgress (1): 4.7 kBProgress (1): 6.8 kBProgress (1): 9.4 kBProgress (1): 11 kB Progress (1): 14 kBProgress (1): 16 kBProgress (1): 19 kBProgress (1): 21 kBProgress (1): 23 kBProgress (1): 25 kBProgress (1): 29 kBProgress (1): 32 kBProgress (1): 32 kBProgress (1): 37 kBProgress (1): 41 kBProgress (1): 45 kBProgress (1): 47 kBProgress (1): 50 kBProgress (1): 52 kBProgress (1): 56 kBProgress (1): 58 kBProgress (1): 61 kBProgress (1): 64 kBProgress (1): 69 kBProgress (1): 71 kBProgress (1): 74 kBProgress (1): 76 kBProgress (1): 78 kB                   Downloaded from central: https://repo.maven.apache.org/maven2/org/apache/commons/commons-parent/85/commons-parent-85.pom (78 kB at 1.2 MB/s)
Downloading from central: https://repo.maven.apache.org/maven2/commons-codec/commons-codec/1.19.0/commons-codec-1.19.0.pom
Progress (1): 818 BProgress (1): 2.1 kBProgress (1): 3.9 kBProgress (1): 5.6 kBProgress (1): 8.1 kBProgress (1): 11 kB Progress (1): 14 kBProgress (1): 17 kBProgress (1): 18 kB                   Downloaded from central: https://repo.maven.apache.org/maven2/commons-codec/commons-codec/1.19.0/commons-codec-1.19.0.pom (18 kB at 290 kB/s)
Downloading from central: https://repo.maven.apache.org/maven2/commons-io/commons-io/2.20.0/commons-io-2.20.0.pom
Progress (1): 810 BProgress (1): 2.3 kBProgress (1): 3.2 kBProgress (1): 5.3 kBProgress (1): 7.2 kBProgress (1): 9.3 kBProgress (1): 13 kB Progress (1): 16 kBProgress (1): 19 kBProgress (1): 20 kB                   Downloaded from central: https://repo.maven.apache.org/maven2/commons-io/commons-io/2.20.0/commons-io-2.20.0.pom (20 kB at 512 kB/s)
Downloading from central: https://repo.maven.apache.org/maven2/org/apache/commons/commons-lang3/3.18.0/commons-lang3-3.18.0.pom
Progress (1): 743 BProgress (1): 1.8 kBProgress (1): 4.1 kBProgress (1): 5.7 kBProgress (1): 7.6 kBProgress (1): 9.7 kBProgress (1): 12 kB Progress (1): 16 kBProgress (1): 19 kBProgress (1): 22 kBProgress (1): 25 kBProgress (1): 29 kBProgress (1): 32 kB                   Downloaded from central: https://repo.maven.apache.org/maven2/org/apache/commons/commons-lang3/3.18.0/commons-lang3-3.18.0.pom (32 kB at 745 kB/s)
Downloading from central: https://repo.maven.apache.org/maven2/org/apache/commons/commons-lang3/3.19.0/commons-lang3-3.19.0.pom
Progress (1): 741 BProgress (1): 1.8 kBProgress (1): 4.2 kBProgress (1): 5.5 kBProgress (1): 7.5 kBProgress (1): 9.7 kBProgress (1): 12 kB Progress (1): 16 kBProgress (1): 19 kBProgress (1): 22 kBProgress (1): 25 kBProgress (1): 29 kBProgress (1): 32 kBProgress (1): 32 kB                   Downloaded from central: https://repo.maven.apache.org/maven2/org/apache/commons/commons-lang3/3.19.0/commons-lang3-3.19.0.pom (32 kB at 556 kB/s)
Downloading from central: https://repo.maven.apache.org/maven2/org/apache/commons/commons-parent/88/commons-parent-88.pom
Progress (1): 699 BProgress (1): 1.9 kBProgress (1): 3.2 kBProgress (1): 4.7 kBProgress (1): 6.6 kBProgress (1): 9.2 kBProgress (1): 11 kB Progress (1): 13 kBProgress (1): 16 kBProgress (1): 18 kBProgress (1): 21 kBProgress (1): 23 kBProgress (1): 25 kBProgress (1): 28 kBProgress (1): 32 kBProgress (1): 32 kBProgress (1): 36 kBProgress (1): 41 kBProgress (1): 44 kBProgress (1): 47 kBProgress (1): 50 kBProgress (1): 52 kBProgress (1): 56 kBProgress (1): 58 kBProgress (1): 61 kBProgress (1): 64 kBProgress (1): 68 kBProgress (1): 71 kBProgress (1): 74 kBProgress (1): 76 kBProgress (1): 78 kBProgress (1): 80 kB                   Downloaded from central: https://repo.maven.apache.org/maven2/org/apache/commons/commons-parent/88/commons-parent-88.pom (80 kB at 1.3 MB/s)
Downloading from central: https://repo.maven.apache.org/maven2/com/fasterxml/jackson/core/jackson-databind/2.20.1/jackson-databind-2.20.1.pom
Progress (1): 969 BProgress (1): 2.4 kBProgress (1): 3.7 kBProgress (1): 6.4 kBProgress (1): 8.2 kBProgress (1): 10 kB Progress (1): 12 kBProgress (1): 16 kBProgress (1): 19 kBProgress (1): 21 kBProgress (1): 23 kB                   Downloaded from central: https://repo.maven.apache.org/maven2/com/fasterxml/jackson/core/jackson-databind/2.20.1/jackson-databind-2.20.1.pom (23 kB at 409 kB/s)
Downloading from central: https://repo.maven.apache.org/maven2/com/fasterxml/jackson/jackson-base/2.20.1/jackson-base-2.20.1.pom
Progress (1): 922 BProgress (1): 2.7 kBProgress (1): 4.6 kBProgress (1): 6.4 kBProgress (1): 8.5 kBProgress (1): 11 kB Progress (1): 13 kB                   Downloaded from central: https://repo.maven.apache.org/maven2/com/fasterxml/jackson/jackson-base/2.20.1/jackson-base-2.20.1.pom (13 kB at 178 kB/s)
Downloading from central: https://repo.maven.apache.org/maven2/com/fasterxml/jackson/jackson-bom/2.20.1/jackson-bom-2.20.1.pom
Progress (1): 930 BProgress (1): 2.3 kBProgress (1): 6.8 kBProgress (1): 16 kB Progress (1): 20 kBProgress (1): 20 kB                   Downloaded from central: https://repo.maven.apache.org/maven2/com/fasterxml/jackson/jackson-bom/2.20.1/jackson-bom-2.20.1.pom (20 kB at 311 kB/s)
Downloading from central: https://repo.maven.apache.org/maven2/com/fasterxml/jackson/core/jackson-core/2.20.1/jackson-core-2.20.1.pom
Progress (1): 957 BProgress (1): 3.6 kBProgress (1): 8.0 kBProgress (1): 9.7 kB                    Downloaded from central: https://repo.maven.apache.org/maven2/com/fasterxml/jackson/core/jackson-core/2.20.1/jackson-core-2.20.1.pom (9.7 kB at 150 kB/s)
Downloading from central: https://repo.maven.apache.org/maven2/com/google/guava/guava/33.4.8-jre/guava-33.4.8-jre.pom
Progress (1): 937 BProgress (1): 2.9 kBProgress (1): 5.0 kBProgress (1): 7.1 kBProgress (1): 9.4 kBProgress (1): 9.6 kB                    Downloaded from central: https://repo.maven.apache.org/maven2/com/google/guava/guava/33.4.8-jre/guava-33.4.8-jre.pom (9.6 kB at 126 kB/s)
Downloading from central: https://repo.maven.apache.org/maven2/com/google/guava/guava-parent/33.4.8-jre/guava-parent-33.4.8-jre.pom
Progress (1): 806 BProgress (1): 2.1 kBProgress (1): 3.9 kBProgress (1): 5.9 kBProgress (1): 8.0 kBProgress (1): 11 kB Progress (1): 14 kBProgress (1): 16 kBProgress (1): 19 kBProgress (1): 21 kBProgress (1): 25 kBProgress (1): 25 kB                   Downloaded from central: https://repo.maven.apache.org/maven2/com/google/guava/guava-parent/33.4.8-jre/guava-parent-33.4.8-jre.pom (25 kB at 417 kB/s)
Downloading from central: https://repo.maven.apache.org/maven2/com/google/errorprone/error_prone_annotations/2.36.0/error_prone_annotations-2.36.0.pom
Progress (1): 759 BProgress (1): 2.7 kBProgress (1): 4.3 kB                    Downloaded from central: https://repo.maven.apache.org/maven2/com/google/errorprone/error_prone_annotations/2.36.0/error_prone_annotations-2.36.0.pom (4.3 kB at 47 kB/s)
Downloading from central: https://repo.maven.apache.org/maven2/com/google/errorprone/error_prone_parent/2.36.0/error_prone_parent-2.36.0.pom
Progress (1): 728 BProgress (1): 2.1 kBProgress (1): 4.1 kBProgress (1): 6.4 kBProgress (1): 11 kB Progress (1): 14 kBProgress (1): 16 kB                   Downloaded from central: https://repo.maven.apache.org/maven2/com/google/errorprone/error_prone_parent/2.36.0/error_prone_parent-2.36.0.pom (16 kB at 363 kB/s)
Downloading from central: https://repo.maven.apache.org/maven2/com/google/j2objc/j2objc-annotations/3.0.0/j2objc-annotations-3.0.0.pom
Progress (1): 827 BProgress (1): 2.5 kBProgress (1): 5.1 kB                    Downloaded from central: https://repo.maven.apache.org/maven2/com/google/j2objc/j2objc-annotations/3.0.0/j2objc-annotations-3.0.0.pom (5.1 kB at 92 kB/s)
Downloading from central: https://repo.maven.apache.org/maven2/org/slf4j/jcl-over-slf4j/1.7.30/jcl-over-slf4j-1.7.30.pom
Progress (1): 1.2 kB                    Downloaded from central: https://repo.maven.apache.org/maven2/org/slf4j/jcl-over-slf4j/1.7.30/jcl-over-slf4j-1.7.30.pom (1.2 kB at 21 kB/s)
Downloading from central: https://repo.maven.apache.org/maven2/com/github/docker-java/docker-java-transport-httpclient5/3.7.1/docker-java-transport-httpclient5-3.7.1.pom
Progress (1): 1.5 kBProgress (1): 2.1 kB                    Downloaded from central: https://repo.maven.apache.org/maven2/com/github/docker-java/docker-java-transport-httpclient5/3.7.1/docker-java-transport-httpclient5-3.7.1.pom (2.1 kB at 39 kB/s)
Downloading from central: https://repo.maven.apache.org/maven2/org/apache/httpcomponents/client5/httpclient5/5.5.1/httpclient5-5.5.1.pom
Progress (1): 868 BProgress (1): 3.2 kBProgress (1): 5.6 kBProgress (1): 6.1 kB                    Downloaded from central: https://repo.maven.apache.org/maven2/org/apache/httpcomponents/client5/httpclient5/5.5.1/httpclient5-5.5.1.pom (6.1 kB at 96 kB/s)
Downloading from central: https://repo.maven.apache.org/maven2/org/apache/httpcomponents/client5/httpclient5-parent/5.5.1/httpclient5-parent-5.5.1.pom
Progress (1): 837 BProgress (1): 2.2 kBProgress (1): 4.0 kBProgress (1): 8.5 kBProgress (1): 12 kB Progress (1): 15 kBProgress (1): 17 kB                   Downloaded from central: https://repo.maven.apache.org/maven2/org/apache/httpcomponents/client5/httpclient5-parent/5.5.1/httpclient5-parent-5.5.1.pom (17 kB at 222 kB/s)
Downloading from central: https://repo.maven.apache.org/maven2/org/apache/httpcomponents/httpcomponents-parent/14/httpcomponents-parent-14.pom
Progress (1): 805 BProgress (1): 2.2 kBProgress (1): 4.0 kBProgress (1): 5.9 kBProgress (1): 7.1 kBProgress (1): 8.5 kBProgress (1): 13 kB Progress (1): 16 kBProgress (1): 18 kBProgress (1): 22 kBProgress (1): 24 kBProgress (1): 27 kBProgress (1): 30 kBProgress (1): 30 kB                   Downloaded from central: https://repo.maven.apache.org/maven2/org/apache/httpcomponents/httpcomponents-parent/14/httpcomponents-parent-14.pom (30 kB at 552 kB/s)
Downloading from central: https://repo.maven.apache.org/maven2/org/apache/apache/27/apache-27.pom
Progress (1): 745 BProgress (1): 2.1 kBProgress (1): 3.9 kBProgress (1): 7.3 kBProgress (1): 12 kB Progress (1): 16 kBProgress (1): 19 kBProgress (1): 20 kB                   Downloaded from central: https://repo.maven.apache.org/maven2/org/apache/apache/27/apache-27.pom (20 kB at 453 kB/s)
Downloading from central: https://repo.maven.apache.org/maven2/org/junit/junit-bom/5.13.0/junit-bom-5.13.0.pom
Progress (1): 908 BProgress (1): 4.1 kBProgress (1): 5.6 kB                    Downloaded from central: https://repo.maven.apache.org/maven2/org/junit/junit-bom/5.13.0/junit-bom-5.13.0.pom (5.6 kB at 149 kB/s)
Downloading from central: https://repo.maven.apache.org/maven2/org/apache/httpcomponents/core5/httpcore5/5.3.6/httpcore5-5.3.6.pom
Progress (1): 883 BProgress (1): 2.9 kBProgress (1): 3.9 kB                    Downloaded from central: https://repo.maven.apache.org/maven2/org/apache/httpcomponents/core5/httpcore5/5.3.6/httpcore5-5.3.6.pom (3.9 kB at 99 kB/s)
Downloading from central: https://repo.maven.apache.org/maven2/org/apache/httpcomponents/core5/httpcore5-parent/5.3.6/httpcore5-parent-5.3.6.pom
Progress (1): 846 BProgress (1): 2.2 kBProgress (1): 3.9 kBProgress (1): 7.5 kBProgress (1): 10 kB Progress (1): 14 kB                   Downloaded from central: https://repo.maven.apache.org/maven2/org/apache/httpcomponents/core5/httpcore5-parent/5.3.6/httpcore5-parent-5.3.6.pom (14 kB at 268 kB/s)
Downloading from central: https://repo.maven.apache.org/maven2/org/apache/httpcomponents/httpcomponents-parent/13/httpcomponents-parent-13.pom
Progress (1): 805 BProgress (1): 2.1 kBProgress (1): 4.1 kBProgress (1): 5.9 kBProgress (1): 7.1 kBProgress (1): 8.5 kBProgress (1): 12 kB Progress (1): 16 kBProgress (1): 18 kBProgress (1): 22 kBProgress (1): 24 kBProgress (1): 27 kBProgress (1): 30 kBProgress (1): 30 kB                   Downloaded from central: https://repo.maven.apache.org/maven2/org/apache/httpcomponents/httpcomponents-parent/13/httpcomponents-parent-13.pom (30 kB at 472 kB/s)
Downloading from central: https://repo.maven.apache.org/maven2/org/junit/junit-bom/5.11.4/junit-bom-5.11.4.pom
Progress (1): 908 BProgress (1): 4.1 kBProgress (1): 5.6 kB                    Downloaded from central: https://repo.maven.apache.org/maven2/org/junit/junit-bom/5.11.4/junit-bom-5.11.4.pom (5.6 kB at 109 kB/s)
Downloading from central: https://repo.maven.apache.org/maven2/org/apache/httpcomponents/core5/httpcore5-h2/5.3.6/httpcore5-h2-5.3.6.pom
Progress (1): 889 BProgress (1): 3.1 kBProgress (1): 3.6 kB                    Downloaded from central: https://repo.maven.apache.org/maven2/org/apache/httpcomponents/core5/httpcore5-h2/5.3.6/httpcore5-h2-5.3.6.pom (3.6 kB at 88 kB/s)
Downloading from central: https://repo.maven.apache.org/maven2/org/slf4j/slf4j-api/1.7.36/slf4j-api-1.7.36.pom
Progress (1): 1.0 kBProgress (1): 2.7 kB                    Downloaded from central: https://repo.maven.apache.org/maven2/org/slf4j/slf4j-api/1.7.36/slf4j-api-1.7.36.pom (2.7 kB at 56 kB/s)
Downloading from central: https://repo.maven.apache.org/maven2/org/slf4j/slf4j-parent/1.7.36/slf4j-parent-1.7.36.pom
Progress (1): 1.0 kBProgress (1): 3.0 kBProgress (1): 5.9 kBProgress (1): 8.7 kBProgress (1): 12 kB Progress (1): 14 kB                   Downloaded from central: https://repo.maven.apache.org/maven2/org/slf4j/slf4j-parent/1.7.36/slf4j-parent-1.7.36.pom (14 kB at 217 kB/s)
Downloading from central: https://repo.maven.apache.org/maven2/net/java/dev/jna/jna/5.18.1/jna-5.18.1.pom
Progress (1): 1.4 kBProgress (1): 2.0 kB                    Downloaded from central: https://repo.maven.apache.org/maven2/net/java/dev/jna/jna/5.18.1/jna-5.18.1.pom (2.0 kB at 28 kB/s)
Downloading from central: https://repo.maven.apache.org/maven2/org/brotli/dec/0.1.2/dec-0.1.2.pom
Progress (1): 1.5 kBProgress (1): 4.3 kB                    Downloaded from central: https://repo.maven.apache.org/maven2/org/brotli/dec/0.1.2/dec-0.1.2.pom (4.3 kB at 86 kB/s)
Downloading from central: https://repo.maven.apache.org/maven2/org/brotli/parent/0.1.2/parent-0.1.2.pom
Progress (1): 1.2 kBProgress (1): 3.0 kB                    Downloaded from central: https://repo.maven.apache.org/maven2/org/brotli/parent/0.1.2/parent-0.1.2.pom (3.0 kB at 76 kB/s)
Downloading from central: https://repo.maven.apache.org/maven2/org/apache/commons/commons-lang3/3.20.0/commons-lang3-3.20.0.pom
Progress (1): 740 BProgress (1): 1.8 kBProgress (1): 4.1 kBProgress (1): 5.5 kBProgress (1): 7.5 kBProgress (1): 9.7 kBProgress (1): 12 kB Progress (1): 16 kBProgress (1): 19 kBProgress (1): 22 kBProgress (1): 25 kBProgress (1): 28 kBProgress (1): 32 kBProgress (1): 33 kB                   Downloaded from central: https://repo.maven.apache.org/maven2/org/apache/commons/commons-lang3/3.20.0/commons-lang3-3.20.0.pom (33 kB at 724 kB/s)
Downloading from central: https://repo.maven.apache.org/maven2/org/apache/commons/commons-parent/92/commons-parent-92.pom
Progress (1): 699 BProgress (1): 1.9 kBProgress (1): 3.2 kBProgress (1): 4.7 kBProgress (1): 6.8 kBProgress (1): 9.5 kBProgress (1): 11 kB Progress (1): 14 kBProgress (1): 16 kBProgress (1): 18 kBProgress (1): 21 kBProgress (1): 23 kBProgress (1): 25 kBProgress (1): 29 kBProgress (1): 32 kBProgress (1): 32 kBProgress (1): 37 kBProgress (1): 41 kBProgress (1): 45 kBProgress (1): 47 kBProgress (1): 50 kBProgress (1): 52 kBProgress (1): 56 kBProgress (1): 58 kBProgress (1): 61 kBProgress (1): 64 kBProgress (1): 68 kBProgress (1): 71 kBProgress (1): 74 kBProgress (1): 76 kBProgress (1): 78 kBProgress (1): 80 kB                   Downloaded from central: https://repo.maven.apache.org/maven2/org/apache/commons/commons-parent/92/commons-parent-92.pom (80 kB at 1.4 MB/s)
Downloading from central: https://repo.maven.apache.org/maven2/org/apache/httpcomponents/client5/httpclient5/5.6/httpclient5-5.6.pom
Progress (1): 869 BProgress (1): 3.1 kBProgress (1): 5.8 kBProgress (1): 6.7 kB                    Downloaded from central: https://repo.maven.apache.org/maven2/org/apache/httpcomponents/client5/httpclient5/5.6/httpclient5-5.6.pom (6.7 kB at 150 kB/s)
Downloading from central: https://repo.maven.apache.org/maven2/org/apache/httpcomponents/client5/httpclient5-parent/5.6/httpclient5-parent-5.6.pom
Progress (1): 838 BProgress (1): 2.2 kBProgress (1): 3.9 kBProgress (1): 8.6 kBProgress (1): 12 kB Progress (1): 15 kBProgress (1): 19 kBProgress (1): 20 kB                   Downloaded from central: https://repo.maven.apache.org/maven2/org/apache/httpcomponents/client5/httpclient5-parent/5.6/httpclient5-parent-5.6.pom (20 kB at 401 kB/s)
Downloading from central: https://repo.maven.apache.org/maven2/org/junit/junit-bom/5.13.3/junit-bom-5.13.3.pom
Progress (1): 908 BProgress (1): 4.1 kBProgress (1): 5.7 kB                    Downloaded from central: https://repo.maven.apache.org/maven2/org/junit/junit-bom/5.13.3/junit-bom-5.13.3.pom (5.7 kB at 111 kB/s)
Downloading from central: https://repo.maven.apache.org/maven2/io/opentelemetry/opentelemetry-bom/1.49.0/opentelemetry-bom-1.49.0.pom
Progress (1): 961 BProgress (1): 5.9 kB                    Downloaded from central: https://repo.maven.apache.org/maven2/io/opentelemetry/opentelemetry-bom/1.49.0/opentelemetry-bom-1.49.0.pom (5.9 kB at 147 kB/s)
Downloading from central: https://repo.maven.apache.org/maven2/org/apache/httpcomponents/core5/httpcore5/5.4/httpcore5-5.4.pom
Progress (1): 883 BProgress (1): 2.9 kBProgress (1): 3.9 kB                    Downloaded from central: https://repo.maven.apache.org/maven2/org/apache/httpcomponents/core5/httpcore5/5.4/httpcore5-5.4.pom (3.9 kB at 107 kB/s)
Downloading from central: https://repo.maven.apache.org/maven2/org/apache/httpcomponents/core5/httpcore5-parent/5.4/httpcore5-parent-5.4.pom
Progress (1): 843 BProgress (1): 2.2 kBProgress (1): 3.9 kBProgress (1): 7.9 kBProgress (1): 10 kB Progress (1): 13 kBProgress (1): 15 kB                   Downloaded from central: https://repo.maven.apache.org/maven2/org/apache/httpcomponents/core5/httpcore5-parent/5.4/httpcore5-parent-5.4.pom (15 kB at 311 kB/s)
Downloading from central: https://repo.maven.apache.org/maven2/org/apache/httpcomponents/core5/httpcore5-h2/5.4/httpcore5-h2-5.4.pom
Progress (1): 889 BProgress (1): 3.1 kBProgress (1): 3.6 kB                    Downloaded from central: https://repo.maven.apache.org/maven2/org/apache/httpcomponents/core5/httpcore5-h2/5.4/httpcore5-h2-5.4.pom (3.6 kB at 74 kB/s)
Downloading from central: https://repo.maven.apache.org/maven2/org/slf4j/slf4j-simple/2.1.0-alpha1/slf4j-simple-2.1.0-alpha1.pom
Progress (1): 1.4 kBProgress (1): 2.1 kB                    Downloaded from central: https://repo.maven.apache.org/maven2/org/slf4j/slf4j-simple/2.1.0-alpha1/slf4j-simple-2.1.0-alpha1.pom (2.1 kB at 40 kB/s)
Downloading from central: https://repo.maven.apache.org/maven2/org/slf4j/slf4j-parent/2.1.0-alpha1/slf4j-parent-2.1.0-alpha1.pom
Progress (1): 946 BProgress (1): 3.1 kBProgress (1): 6.1 kBProgress (1): 8.4 kBProgress (1): 11 kB Progress (1): 14 kBProgress (1): 14 kB                   Downloaded from central: https://repo.maven.apache.org/maven2/org/slf4j/slf4j-parent/2.1.0-alpha1/slf4j-parent-2.1.0-alpha1.pom (14 kB at 244 kB/s)
Downloading from central: https://repo.maven.apache.org/maven2/org/slf4j/slf4j-bom/2.1.0-alpha1/slf4j-bom-2.1.0-alpha1.pom
Progress (1): 1.0 kBProgress (1): 4.7 kBProgress (1): 7.2 kBProgress (1): 7.9 kB                    Downloaded from central: https://repo.maven.apache.org/maven2/org/slf4j/slf4j-bom/2.1.0-alpha1/slf4j-bom-2.1.0-alpha1.pom (7.9 kB at 136 kB/s)
Downloading from central: https://repo.maven.apache.org/maven2/org/slf4j/slf4j-api/2.1.0-alpha1/slf4j-api-2.1.0-alpha1.pom
Progress (1): 1.1 kBProgress (1): 3.4 kBProgress (1): 3.6 kB                    Downloaded from central: https://repo.maven.apache.org/maven2/org/slf4j/slf4j-api/2.1.0-alpha1/slf4j-api-2.1.0-alpha1.pom (3.6 kB at 89 kB/s)
Downloading from central: https://repo.maven.apache.org/maven2/org/seleniumhq/selenium/selenium-java/4.45.0/selenium-java-4.45.0.jar
Progress (1): 545 B                   Downloaded from central: https://repo.maven.apache.org/maven2/org/seleniumhq/selenium/selenium-java/4.45.0/selenium-java-4.45.0.jar (545 B at 10 kB/s)
Downloading from central: https://repo.maven.apache.org/maven2/org/seleniumhq/selenium/selenium-api/4.45.0/selenium-api-4.45.0.jar
Downloading from central: https://repo.maven.apache.org/maven2/org/jspecify/jspecify/1.0.0/jspecify-1.0.0.jar
Downloading from central: https://repo.maven.apache.org/maven2/org/seleniumhq/selenium/selenium-chrome-driver/4.45.0/selenium-chrome-driver-4.45.0.jar
Downloading from central: https://repo.maven.apache.org/maven2/com/google/auto/service/auto-service-annotations/1.1.1/auto-service-annotations-1.1.1.jar
Downloading from central: https://repo.maven.apache.org/maven2/org/seleniumhq/selenium/selenium-chromium-driver/4.45.0/selenium-chromium-driver-4.45.0.jar
Progress (1): 7.7/241 kBProgress (1): 12/241 kB Progress (1): 29/241 kBProgress (1): 45/241 kBProgress (1): 61/241 kBProgress (1): 78/241 kBProgress (1): 94/241 kBProgress (1): 111/241 kBProgress (1): 127/241 kBProgress (1): 143/241 kBProgress (1): 160/241 kBProgress (1): 176/241 kBProgress (1): 193/241 kBProgress (1): 209/241 kBProgress (1): 225/241 kBProgress (1): 241 kB                        Downloaded from central: https://repo.maven.apache.org/maven2/org/seleniumhq/selenium/selenium-api/4.45.0/selenium-api-4.45.0.jar (241 kB at 3.0 MB/s)
Downloading from central: https://repo.maven.apache.org/maven2/org/seleniumhq/selenium/selenium-json/4.45.0/selenium-json-4.45.0.jar
Progress (1): 7.7/78 kBProgress (1): 11/78 kB Progress (2): 11/78 kB | 0.9/35 kBProgress (2): 11/78 kB | 2.3/35 kBProgress (2): 11/78 kB | 3.2/35 kBProgress (2): 11/78 kB | 4.5/35 kBProgress (2): 11/78 kB | 5.9/35 kBProgress (2): 28/78 kB | 5.9/35 kBProgress (2): 28/78 kB | 7.3/35 kBProgress (2): 28/78 kB | 8.6/35 kBProgress (2): 28/78 kB | 10/35 kB Progress (2): 28/78 kB | 11/35 kBProgress (2): 28/78 kB | 13/35 kBProgress (2): 28/78 kB | 14/35 kBProgress (2): 28/78 kB | 15/35 kBProgress (2): 28/78 kB | 17/35 kBProgress (2): 44/78 kB | 17/35 kBProgress (3): 44/78 kB | 17/35 kB | 0.9/3.8 kBProgress (4): 44/78 kB | 17/35 kB | 0.9/3.8 kB | 0.9/3.2 kBProgress (5): 44/78 kB | 17/35 kB | 0.9/3.8 kB | 0.9/3.2 kB | 0.9/18 kBProgress (5): 44/78 kB | 17/35 kB | 2.3/3.8 kB | 0.9/3.2 kB | 0.9/18 kBProgress (5): 44/78 kB | 17/35 kB | 2.3/3.8 kB | 2.3/3.2 kB | 0.9/18 kBProgress (5): 44/78 kB | 17/35 kB | 2.3/3.8 kB | 2.3/3.2 kB | 2.3/18 kBProgress (5): 44/78 kB | 17/35 kB | 3.6/3.8 kB | 2.3/3.2 kB | 2.3/18 kBProgress (5): 44/78 kB | 17/35 kB | 3.8 kB | 2.3/3.2 kB | 2.3/18 kB    Progress (5): 44/78 kB | 17/35 kB | 3.8 kB | 3.2 kB | 2.3/18 kB    Progress (5): 61/78 kB | 17/35 kB | 3.8 kB | 3.2 kB | 2.3/18 kBProgress (5): 61/78 kB | 17/35 kB | 3.8 kB | 3.2 kB | 3.6/18 kB                                                               Downloaded from central: https://repo.maven.apache.org/maven2/com/google/auto/service/auto-service-annotations/1.1.1/auto-service-annotations-1.1.1.jar (3.2 kB at 22 kB/s)
Progress (4): 77/78 kB | 17/35 kB | 3.8 kB | 3.6/18 kB                                                      Downloaded from central: https://repo.maven.apache.org/maven2/org/jspecify/jspecify/1.0.0/jspecify-1.0.0.jar (3.8 kB at 27 kB/s)
Downloading from central: https://repo.maven.apache.org/maven2/org/seleniumhq/selenium/selenium-manager/4.45.0/selenium-manager-4.45.0.jar
Downloading from central: https://repo.maven.apache.org/maven2/org/seleniumhq/selenium/selenium-devtools-latest/4.45.0/selenium-devtools-latest-4.45.0.jar
Progress (3): 78 kB | 17/35 kB | 3.6/18 kBProgress (3): 78 kB | 17/35 kB | 5.0/18 kBProgress (3): 78 kB | 17/35 kB | 6.4/18 kBProgress (3): 78 kB | 17/35 kB | 7.7/18 kBProgress (3): 78 kB | 17/35 kB | 8.2/18 kB                                          Downloaded from central: https://repo.maven.apache.org/maven2/org/seleniumhq/selenium/selenium-json/4.45.0/selenium-json-4.45.0.jar (78 kB at 557 kB/s)
Downloading from central: https://repo.maven.apache.org/maven2/org/seleniumhq/selenium/selenium-devtools-v147/4.45.0/selenium-devtools-v147-4.45.0.jar
Progress (2): 17/35 kB | 9.6/18 kBProgress (2): 17/35 kB | 11/18 kB Progress (2): 17/35 kB | 12/18 kBProgress (2): 17/35 kB | 14/18 kBProgress (2): 17/35 kB | 15/18 kBProgress (2): 17/35 kB | 16/18 kBProgress (2): 18/35 kB | 16/18 kBProgress (2): 18/35 kB | 18/18 kBProgress (2): 20/35 kB | 18/18 kBProgress (2): 20/35 kB | 18 kB                                 Downloaded from central: https://repo.maven.apache.org/maven2/org/seleniumhq/selenium/selenium-chrome-driver/4.45.0/selenium-chrome-driver-4.45.0.jar (18 kB at 116 kB/s)
Downloading from central: https://repo.maven.apache.org/maven2/org/seleniumhq/selenium/selenium-devtools-v148/4.45.0/selenium-devtools-v148-4.45.0.jar
Progress (1): 21/35 kBProgress (1): 22/35 kBProgress (1): 24/35 kBProgress (1): 25/35 kBProgress (1): 26/35 kBProgress (1): 28/35 kBProgress (1): 29/35 kBProgress (1): 31/35 kBProgress (1): 32/35 kBProgress (1): 33/35 kBProgress (1): 35/35 kBProgress (1): 35 kB                      Downloaded from central: https://repo.maven.apache.org/maven2/org/seleniumhq/selenium/selenium-chromium-driver/4.45.0/selenium-chromium-driver-4.45.0.jar (35 kB at 213 kB/s)
Downloading from central: https://repo.maven.apache.org/maven2/org/seleniumhq/selenium/selenium-devtools-v149/4.45.0/selenium-devtools-v149-4.45.0.jar
Progress (1): 0/1.8 MBProgress (1): 0/1.8 MBProgress (1): 0/1.8 MBProgress (1): 0/1.8 MBProgress (1): 0/1.8 MBProgress (1): 0/1.8 MBProgress (1): 0/1.8 MBProgress (1): 0/1.8 MBProgress (1): 0/1.8 MBProgress (1): 0/1.8 MBProgress (1): 0/1.8 MBProgress (1): 0/1.8 MBProgress (1): 0/1.8 MBProgress (1): 0/1.8 MBProgress (1): 0/1.8 MBProgress (1): 0/1.8 MBProgress (1): 0/1.8 MBProgress (1): 0/1.8 MBProgress (1): 0/1.8 MBProgress (1): 0/1.8 MBProgress (2): 0/1.8 MB | 0/8.4 MBProgress (2): 0/1.8 MB | 0/8.4 MBProgress (2): 0/1.8 MB | 0/8.4 MBProgress (3): 0/1.8 MB | 0/8.4 MB | 0/1.8 MBProgress (3): 0/1.8 MB | 0/8.4 MB | 0/1.8 MBProgress (3): 0/1.8 MB | 0/8.4 MB | 0/1.8 MBProgress (3): 0/1.8 MB | 0/8.4 MB | 0/1.8 MBProgress (3): 0/1.8 MB | 0/8.4 MB | 0/1.8 MBProgress (3): 0/1.8 MB | 0/8.4 MB | 0/1.8 MBProgress (3): 0/1.8 MB | 0/8.4 MB | 0/1.8 MBProgress (3): 0/1.8 MB | 0/8.4 MB | 0/1.8 MBProgress (3): 0/1.8 MB | 0/8.4 MB | 0/1.8 MBProgress (3): 0/1.8 MB | 0/8.4 MB | 0/1.8 MBProgress (3): 0/1.8 MB | 0/8.4 MB | 0/1.8 MBProgress (3): 0/1.8 MB | 0.1/8.4 MB | 0/1.8 MBProgress (3): 0/1.8 MB | 0.1/8.4 MB | 0/1.8 MBProgress (3): 0/1.8 MB | 0.1/8.4 MB | 0/1.8 MBProgress (3): 0/1.8 MB | 0.1/8.4 MB | 0/1.8 MBProgress (3): 0/1.8 MB | 0.1/8.4 MB | 0/1.8 MBProgress (3): 0/1.8 MB | 0.1/8.4 MB | 0/1.8 MBProgress (3): 0/1.8 MB | 0.1/8.4 MB | 0/1.8 MBProgress (3): 0/1.8 MB | 0.1/8.4 MB | 0/1.8 MBProgress (3): 0/1.8 MB | 0.1/8.4 MB | 0/1.8 MBProgress (3): 0/1.8 MB | 0.1/8.4 MB | 0/1.8 MBProgress (3): 0/1.8 MB | 0.1/8.4 MB | 0/1.8 MBProgress (3): 0/1.8 MB | 0.1/8.4 MB | 0/1.8 MBProgress (3): 0/1.8 MB | 0.2/8.4 MB | 0/1.8 MBProgress (3): 0/1.8 MB | 0.2/8.4 MB | 0/1.8 MBProgress (3): 0/1.8 MB | 0.2/8.4 MB | 0/1.8 MBProgress (3): 0/1.8 MB | 0.2/8.4 MB | 0/1.8 MBProgress (3): 0/1.8 MB | 0.2/8.4 MB | 0/1.8 MBProgress (3): 0/1.8 MB | 0.2/8.4 MB | 0/1.8 MBProgress (3): 0/1.8 MB | 0.2/8.4 MB | 0/1.8 MBProgress (3): 0/1.8 MB | 0.3/8.4 MB | 0/1.8 MBProgress (4): 0/1.8 MB | 0.3/8.4 MB | 0/1.8 MB | 0/1.8 MBProgress (5): 0/1.8 MB | 0.3/8.4 MB | 0/1.8 MB | 0/1.8 MB | 0/1.8 MBProgress (5): 0/1.8 MB | 0.3/8.4 MB | 0/1.8 MB | 0/1.8 MB | 0/1.8 MBProgress (5): 0/1.8 MB | 0.3/8.4 MB | 0/1.8 MB | 0/1.8 MB | 0/1.8 MBProgress (5): 0/1.8 MB | 0.3/8.4 MB | 0/1.8 MB | 0/1.8 MB | 0/1.8 MBProgress (5): 0/1.8 MB | 0.3/8.4 MB | 0/1.8 MB | 0/1.8 MB | 0/1.8 MBProgress (5): 0/1.8 MB | 0.3/8.4 MB | 0/1.8 MB | 0/1.8 MB | 0/1.8 MBProgress (5): 0/1.8 MB | 0.3/8.4 MB | 0/1.8 MB | 0/1.8 MB | 0/1.8 MBProgress (5): 0/1.8 MB | 0.3/8.4 MB | 0/1.8 MB | 0/1.8 MB | 0/1.8 MBProgress (5): 0/1.8 MB | 0.3/8.4 MB | 0/1.8 MB | 0/1.8 MB | 0/1.8 MBProgress (5): 0/1.8 MB | 0.3/8.4 MB | 0/1.8 MB | 0/1.8 MB | 0/1.8 MBProgress (5): 0/1.8 MB | 0.3/8.4 MB | 0/1.8 MB | 0/1.8 MB | 0/1.8 MBProgress (5): 0/1.8 MB | 0.3/8.4 MB | 0/1.8 MB | 0/1.8 MB | 0/1.8 MBProgress (5): 0/1.8 MB | 0.3/8.4 MB | 0/1.8 MB | 0/1.8 MB | 0/1.8 MBProgress (5): 0/1.8 MB | 0.3/8.4 MB | 0/1.8 MB | 0/1.8 MB | 0/1.8 MBProgress (5): 0/1.8 MB | 0.3/8.4 MB | 0/1.8 MB | 0/1.8 MB | 0/1.8 MBProgress (5): 0/1.8 MB | 0.3/8.4 MB | 0/1.8 MB | 0/1.8 MB | 0/1.8 MBProgress (5): 0/1.8 MB | 0.3/8.4 MB | 0/1.8 MB | 0/1.8 MB | 0/1.8 MBProgress (5): 0/1.8 MB | 0.3/8.4 MB | 0/1.8 MB | 0/1.8 MB | 0/1.8 MBProgress (5): 0/1.8 MB | 0.3/8.4 MB | 0/1.8 MB | 0/1.8 MB | 0/1.8 MBProgress (5): 0/1.8 MB | 0.3/8.4 MB | 0/1.8 MB | 0/1.8 MB | 0/1.8 MBProgress (5): 0/1.8 MB | 0.3/8.4 MB | 0/1.8 MB | 0/1.8 MB | 0/1.8 MBProgress (5): 0/1.8 MB | 0.3/8.4 MB | 0/1.8 MB | 0/1.8 MB | 0/1.8 MBProgress (5): 0/1.8 MB | 0.3/8.4 MB | 0/1.8 MB | 0/1.8 MB | 0/1.8 MBProgress (5): 0/1.8 MB | 0.3/8.4 MB | 0/1.8 MB | 0/1.8 MB | 0/1.8 MBProgress (5): 0/1.8 MB | 0.3/8.4 MB | 0/1.8 MB | 0/1.8 MB | 0/1.8 MBProgress (5): 0/1.8 MB | 0.3/8.4 MB | 0/1.8 MB | 0/1.8 MB | 0/1.8 MBProgress (5): 0/1.8 MB | 0.3/8.4 MB | 0/1.8 MB | 0/1.8 MB | 0/1.8 MBProgress (5): 0/1.8 MB | 0.3/8.4 MB | 0/1.8 MB | 0/1.8 MB | 0/1.8 MBProgress (5): 0/1.8 MB | 0.3/8.4 MB | 0/1.8 MB | 0/1.8 MB | 0/1.8 MBProgress (5): 0/1.8 MB | 0.3/8.4 MB | 0/1.8 MB | 0/1.8 MB | 0/1.8 MBProgress (5): 0/1.8 MB | 0.3/8.4 MB | 0/1.8 MB | 0/1.8 MB | 0/1.8 MBProgress (5): 0/1.8 MB | 0.3/8.4 MB | 0/1.8 MB | 0/1.8 MB | 0/1.8 MBProgress (5): 0/1.8 MB | 0.3/8.4 MB | 0/1.8 MB | 0/1.8 MB | 0/1.8 MBProgress (5): 0/1.8 MB | 0.3/8.4 MB | 0/1.8 MB | 0/1.8 MB | 0/1.8 MBProgress (5): 0/1.8 MB | 0.3/8.4 MB | 0/1.8 MB | 0/1.8 MB | 0/1.8 MBProgress (5): 0/1.8 MB | 0.3/8.4 MB | 0/1.8 MB | 0/1.8 MB | 0/1.8 MBProgress (5): 0/1.8 MB | 0.3/8.4 MB | 0/1.8 MB | 0/1.8 MB | 0/1.8 MBProgress (5): 0/1.8 MB | 0.3/8.4 MB | 0/1.8 MB | 0/1.8 MB | 0/1.8 MBProgress (5): 0/1.8 MB | 0.3/8.4 MB | 0/1.8 MB | 0/1.8 MB | 0/1.8 MBProgress (5): 0/1.8 MB | 0.3/8.4 MB | 0/1.8 MB | 0/1.8 MB | 0/1.8 MBProgress (5): 0/1.8 MB | 0.3/8.4 MB | 0/1.8 MB | 0/1.8 MB | 0/1.8 MBProgress (5): 0/1.8 MB | 0.3/8.4 MB | 0/1.8 MB | 0/1.8 MB | 0/1.8 MBProgress (5): 0/1.8 MB | 0.3/8.4 MB | 0/1.8 MB | 0/1.8 MB | 0/1.8 MBProgress (5): 0/1.8 MB | 0.3/8.4 MB | 0/1.8 MB | 0/1.8 MB | 0/1.8 MBProgress (5): 0/1.8 MB | 0.3/8.4 MB | 0/1.8 MB | 0/1.8 MB | 0/1.8 MBProgress (5): 0/1.8 MB | 0.3/8.4 MB | 0/1.8 MB | 0/1.8 MB | 0/1.8 MBProgress (5): 0/1.8 MB | 0.3/8.4 MB | 0/1.8 MB | 0/1.8 MB | 0/1.8 MBProgress (5): 0/1.8 MB | 0.3/8.4 MB | 0/1.8 MB | 0/1.8 MB | 0/1.8 MBProgress (5): 0/1.8 MB | 0.3/8.4 MB | 0/1.8 MB | 0/1.8 MB | 0/1.8 MBProgress (5): 0/1.8 MB | 0.3/8.4 MB | 0/1.8 MB | 0/1.8 MB | 0/1.8 MBProgress (5): 0/1.8 MB | 0.3/8.4 MB | 0/1.8 MB | 0/1.8 MB | 0/1.8 MBProgress (5): 0/1.8 MB | 0.3/8.4 MB | 0/1.8 MB | 0/1.8 MB | 0/1.8 MBProgress (5): 0/1.8 MB | 0.3/8.4 MB | 0/1.8 MB | 0/1.8 MB | 0.1/1.8 MBProgress (5): 0/1.8 MB | 0.3/8.4 MB | 0/1.8 MB | 0/1.8 MB | 0.1/1.8 MBProgress (5): 0/1.8 MB | 0.3/8.4 MB | 0/1.8 MB | 0/1.8 MB | 0.1/1.8 MBProgress (5): 0/1.8 MB | 0.3/8.4 MB | 0/1.8 MB | 0/1.8 MB | 0.1/1.8 MBProgress (5): 0/1.8 MB | 0.3/8.4 MB | 0/1.8 MB | 0/1.8 MB | 0.1/1.8 MBProgress (5): 0/1.8 MB | 0.3/8.4 MB | 0/1.8 MB | 0/1.8 MB | 0.1/1.8 MBProgress (5): 0/1.8 MB | 0.3/8.4 MB | 0/1.8 MB | 0/1.8 MB | 0.1/1.8 MBProgress (5): 0/1.8 MB | 0.3/8.4 MB | 0/1.8 MB | 0/1.8 MB | 0.1/1.8 MBProgress (5): 0/1.8 MB | 0.3/8.4 MB | 0/1.8 MB | 0/1.8 MB | 0.1/1.8 MBProgress (5): 0/1.8 MB | 0.3/8.4 MB | 0/1.8 MB | 0/1.8 MB | 0.1/1.8 MBProgress (5): 0/1.8 MB | 0.3/8.4 MB | 0/1.8 MB | 0/1.8 MB | 0.1/1.8 MBProgress (5): 0/1.8 MB | 0.3/8.4 MB | 0/1.8 MB | 0/1.8 MB | 0.1/1.8 MBProgress (5): 0/1.8 MB | 0.3/8.4 MB | 0/1.8 MB | 0/1.8 MB | 0.1/1.8 MBProgress (5): 0/1.8 MB | 0.3/8.4 MB | 0/1.8 MB | 0/1.8 MB | 0.1/1.8 MBProgress (5): 0/1.8 MB | 0.3/8.4 MB | 0/1.8 MB | 0/1.8 MB | 0.1/1.8 MBProgress (5): 0/1.8 MB | 0.3/8.4 MB | 0/1.8 MB | 0/1.8 MB | 0.1/1.8 MBProgress (5): 0/1.8 MB | 0.3/8.4 MB | 0/1.8 MB | 0/1.8 MB | 0.1/1.8 MBProgress (5): 0/1.8 MB | 0.4/8.4 MB | 0/1.8 MB | 0/1.8 MB | 0.1/1.8 MBProgress (5): 0/1.8 MB | 0.4/8.4 MB | 0/1.8 MB | 0/1.8 MB | 0.1/1.8 MBProgress (5): 0/1.8 MB | 0.4/8.4 MB | 0/1.8 MB | 0/1.8 MB | 0.1/1.8 MBProgress (5): 0.1/1.8 MB | 0.4/8.4 MB | 0/1.8 MB | 0/1.8 MB | 0.1/1.8 MBProgress (5): 0.1/1.8 MB | 0.4/8.4 MB | 0/1.8 MB | 0/1.8 MB | 0.1/1.8 MBProgress (5): 0.1/1.8 MB | 0.4/8.4 MB | 0/1.8 MB | 0/1.8 MB | 0.1/1.8 MBProgress (5): 0.1/1.8 MB | 0.4/8.4 MB | 0/1.8 MB | 0/1.8 MB | 0.1/1.8 MBProgress (5): 0.1/1.8 MB | 0.4/8.4 MB | 0/1.8 MB | 0/1.8 MB | 0.1/1.8 MBProgress (5): 0.1/1.8 MB | 0.4/8.4 MB | 0/1.8 MB | 0/1.8 MB | 0.1/1.8 MBProgress (5): 0.1/1.8 MB | 0.4/8.4 MB | 0/1.8 MB | 0/1.8 MB | 0.1/1.8 MBProgress (5): 0.1/1.8 MB | 0.5/8.4 MB | 0/1.8 MB | 0/1.8 MB | 0.1/1.8 MBProgress (5): 0.1/1.8 MB | 0.5/8.4 MB | 0/1.8 MB | 0/1.8 MB | 0.1/1.8 MBProgress (5): 0.1/1.8 MB | 0.5/8.4 MB | 0/1.8 MB | 0/1.8 MB | 0.1/1.8 MBProgress (5): 0.1/1.8 MB | 0.5/8.4 MB | 0/1.8 MB | 0/1.8 MB | 0.1/1.8 MBProgress (5): 0.1/1.8 MB | 0.5/8.4 MB | 0/1.8 MB | 0/1.8 MB | 0.1/1.8 MBProgress (5): 0.1/1.8 MB | 0.5/8.4 MB | 0/1.8 MB | 0/1.8 MB | 0.1/1.8 MBProgress (5): 0.1/1.8 MB | 0.5/8.4 MB | 0/1.8 MB | 0/1.8 MB | 0.1/1.8 MBProgress (5): 0.1/1.8 MB | 0.5/8.4 MB | 0/1.8 MB | 0/1.8 MB | 0.1/1.8 MBProgress (5): 0.1/1.8 MB | 0.5/8.4 MB | 0/1.8 MB | 0/1.8 MB | 0.1/1.8 MBProgress (5): 0.1/1.8 MB | 0.5/8.4 MB | 0/1.8 MB | 0/1.8 MB | 0.1/1.8 MBProgress (5): 0.1/1.8 MB | 0.5/8.4 MB | 0/1.8 MB | 0/1.8 MB | 0.1/1.8 MBProgress (5): 0.1/1.8 MB | 0.5/8.4 MB | 0/1.8 MB | 0/1.8 MB | 0.1/1.8 MBProgress (5): 0.1/1.8 MB | 0.5/8.4 MB | 0/1.8 MB | 0/1.8 MB | 0.1/1.8 MBProgress (5): 0.1/1.8 MB | 0.5/8.4 MB | 0/1.8 MB | 0/1.8 MB | 0.1/1.8 MBProgress (5): 0.1/1.8 MB | 0.6/8.4 MB | 0/1.8 MB | 0/1.8 MB | 0.1/1.8 MBProgress (5): 0.1/1.8 MB | 0.6/8.4 MB | 0/1.8 MB | 0/1.8 MB | 0.1/1.8 MBProgress (5): 0.1/1.8 MB | 0.6/8.4 MB | 0/1.8 MB | 0/1.8 MB | 0.1/1.8 MBProgress (5): 0.1/1.8 MB | 0.6/8.4 MB | 0/1.8 MB | 0/1.8 MB | 0.1/1.8 MBProgress (5): 0.1/1.8 MB | 0.6/8.4 MB | 0/1.8 MB | 0/1.8 MB | 0.1/1.8 MBProgress (5): 0.1/1.8 MB | 0.6/8.4 MB | 0/1.8 MB | 0/1.8 MB | 0.1/1.8 MBProgress (5): 0.1/1.8 MB | 0.6/8.4 MB | 0/1.8 MB | 0/1.8 MB | 0.1/1.8 MBProgress (5): 0.1/1.8 MB | 0.6/8.4 MB | 0/1.8 MB | 0/1.8 MB | 0.1/1.8 MBProgress (5): 0.1/1.8 MB | 0.6/8.4 MB | 0/1.8 MB | 0/1.8 MB | 0.1/1.8 MBProgress (5): 0.1/1.8 MB | 0.6/8.4 MB | 0/1.8 MB | 0/1.8 MB | 0.1/1.8 MBProgress (5): 0.1/1.8 MB | 0.6/8.4 MB | 0/1.8 MB | 0/1.8 MB | 0.1/1.8 MBProgress (5): 0.1/1.8 MB | 0.6/8.4 MB | 0/1.8 MB | 0/1.8 MB | 0.1/1.8 MBProgress (5): 0.1/1.8 MB | 0.6/8.4 MB | 0/1.8 MB | 0/1.8 MB | 0.1/1.8 MBProgress (5): 0.1/1.8 MB | 0.6/8.4 MB | 0/1.8 MB | 0/1.8 MB | 0.1/1.8 MBProgress (5): 0.1/1.8 MB | 0.6/8.4 MB | 0/1.8 MB | 0/1.8 MB | 0.1/1.8 MBProgress (5): 0.1/1.8 MB | 0.6/8.4 MB | 0/1.8 MB | 0/1.8 MB | 0.1/1.8 MBProgress (5): 0.1/1.8 MB | 0.7/8.4 MB | 0/1.8 MB | 0/1.8 MB | 0.1/1.8 MBProgress (5): 0.1/1.8 MB | 0.7/8.4 MB | 0/1.8 MB | 0/1.8 MB | 0.1/1.8 MBProgress (5): 0.1/1.8 MB | 0.7/8.4 MB | 0/1.8 MB | 0/1.8 MB | 0.1/1.8 MBProgress (5): 0.1/1.8 MB | 0.7/8.4 MB | 0/1.8 MB | 0/1.8 MB | 0.1/1.8 MBProgress (5): 0.1/1.8 MB | 0.7/8.4 MB | 0/1.8 MB | 0/1.8 MB | 0.1/1.8 MBProgress (5): 0.1/1.8 MB | 0.7/8.4 MB | 0/1.8 MB | 0/1.8 MB | 0.1/1.8 MBProgress (5): 0.1/1.8 MB | 0.7/8.4 MB | 0/1.8 MB | 0/1.8 MB | 0.1/1.8 MBProgress (5): 0.1/1.8 MB | 0.7/8.4 MB | 0/1.8 MB | 0/1.8 MB | 0.1/1.8 MBProgress (5): 0.1/1.8 MB | 0.7/8.4 MB | 0/1.8 MB | 0/1.8 MB | 0.1/1.8 MBProgress (5): 0.1/1.8 MB | 0.7/8.4 MB | 0/1.8 MB | 0/1.8 MB | 0.1/1.8 MBProgress (5): 0.1/1.8 MB | 0.7/8.4 MB | 0/1.8 MB | 0/1.8 MB | 0.1/1.8 MBProgress (5): 0.1/1.8 MB | 0.7/8.4 MB | 0/1.8 MB | 0/1.8 MB | 0.1/1.8 MBProgress (5): 0.1/1.8 MB | 0.8/8.4 MB | 0/1.8 MB | 0/1.8 MB | 0.1/1.8 MBProgress (5): 0.1/1.8 MB | 0.8/8.4 MB | 0/1.8 MB | 0/1.8 MB | 0.1/1.8 MBProgress (5): 0.1/1.8 MB | 0.8/8.4 MB | 0/1.8 MB | 0/1.8 MB | 0.1/1.8 MBProgress (5): 0.1/1.8 MB | 0.8/8.4 MB | 0/1.8 MB | 0/1.8 MB | 0.1/1.8 MBProgress (5): 0.1/1.8 MB | 0.8/8.4 MB | 0/1.8 MB | 0/1.8 MB | 0.1/1.8 MBProgress (5): 0.1/1.8 MB | 0.8/8.4 MB | 0/1.8 MB | 0/1.8 MB | 0.1/1.8 MBProgress (5): 0.1/1.8 MB | 0.8/8.4 MB | 0/1.8 MB | 0/1.8 MB | 0.1/1.8 MBProgress (5): 0.1/1.8 MB | 0.8/8.4 MB | 0/1.8 MB | 0/1.8 MB | 0.1/1.8 MBProgress (5): 0.1/1.8 MB | 0.8/8.4 MB | 0/1.8 MB | 0/1.8 MB | 0.1/1.8 MBProgress (5): 0.1/1.8 MB | 0.8/8.4 MB | 0/1.8 MB | 0/1.8 MB | 0.1/1.8 MBProgress (5): 0.1/1.8 MB | 0.9/8.4 MB | 0/1.8 MB | 0/1.8 MB | 0.1/1.8 MBProgress (5): 0.1/1.8 MB | 0.9/8.4 MB | 0/1.8 MB | 0/1.8 MB | 0.1/1.8 MBProgress (5): 0.1/1.8 MB | 0.9/8.4 MB | 0/1.8 MB | 0/1.8 MB | 0.1/1.8 MBProgress (5): 0.1/1.8 MB | 0.9/8.4 MB | 0/1.8 MB | 0/1.8 MB | 0.1/1.8 MBProgress (5): 0.1/1.8 MB | 0.9/8.4 MB | 0/1.8 MB | 0/1.8 MB | 0.1/1.8 MBProgress (5): 0.1/1.8 MB | 0.9/8.4 MB | 0/1.8 MB | 0/1.8 MB | 0.1/1.8 MBProgress (5): 0.1/1.8 MB | 0.9/8.4 MB | 0/1.8 MB | 0/1.8 MB | 0.1/1.8 MBProgress (5): 0.1/1.8 MB | 0.9/8.4 MB | 0/1.8 MB | 0/1.8 MB | 0.1/1.8 MBProgress (5): 0.1/1.8 MB | 0.9/8.4 MB | 0/1.8 MB | 0/1.8 MB | 0.1/1.8 MBProgress (5): 0.1/1.8 MB | 0.9/8.4 MB | 0/1.8 MB | 0/1.8 MB | 0.1/1.8 MBProgress (5): 0.1/1.8 MB | 0.9/8.4 MB | 0/1.8 MB | 0/1.8 MB | 0.1/1.8 MBProgress (5): 0.1/1.8 MB | 0.9/8.4 MB | 0/1.8 MB | 0/1.8 MB | 0.1/1.8 MBProgress (5): 0.1/1.8 MB | 0.9/8.4 MB | 0/1.8 MB | 0/1.8 MB | 0.1/1.8 MBProgress (5): 0.1/1.8 MB | 0.9/8.4 MB | 0/1.8 MB | 0/1.8 MB | 0.1/1.8 MBProgress (5): 0.1/1.8 MB | 0.9/8.4 MB | 0/1.8 MB | 0/1.8 MB | 0.1/1.8 MBProgress (5): 0.1/1.8 MB | 0.9/8.4 MB | 0/1.8 MB | 0/1.8 MB | 0.1/1.8 MBProgress (5): 0.1/1.8 MB | 0.9/8.4 MB | 0/1.8 MB | 0/1.8 MB | 0.1/1.8 MBProgress (5): 0.1/1.8 MB | 0.9/8.4 MB | 0/1.8 MB | 0/1.8 MB | 0.1/1.8 MBProgress (5): 0.1/1.8 MB | 0.9/8.4 MB | 0/1.8 MB | 0/1.8 MB | 0.1/1.8 MBProgress (5): 0.1/1.8 MB | 0.9/8.4 MB | 0/1.8 MB | 0/1.8 MB | 0.1/1.8 MBProgress (5): 0.1/1.8 MB | 0.9/8.4 MB | 0/1.8 MB | 0/1.8 MB | 0.1/1.8 MBProgress (5): 0.1/1.8 MB | 0.9/8.4 MB | 0/1.8 MB | 0/1.8 MB | 0.1/1.8 MBProgress (5): 0.1/1.8 MB | 0.9/8.4 MB | 0/1.8 MB | 0/1.8 MB | 0.1/1.8 MBProgress (5): 0.1/1.8 MB | 0.9/8.4 MB | 0/1.8 MB | 0/1.8 MB | 0.1/1.8 MBProgress (5): 0.1/1.8 MB | 0.9/8.4 MB | 0/1.8 MB | 0.1/1.8 MB | 0.1/1.8 MBProgress (5): 0.1/1.8 MB | 0.9/8.4 MB | 0/1.8 MB | 0.1/1.8 MB | 0.1/1.8 MBProgress (5): 0.1/1.8 MB | 0.9/8.4 MB | 0/1.8 MB | 0.1/1.8 MB | 0.1/1.8 MBProgress (5): 0.1/1.8 MB | 0.9/8.4 MB | 0/1.8 MB | 0.1/1.8 MB | 0.1/1.8 MBProgress (5): 0.1/1.8 MB | 0.9/8.4 MB | 0/1.8 MB | 0.1/1.8 MB | 0.1/1.8 MBProgress (5): 0.1/1.8 MB | 0.9/8.4 MB | 0/1.8 MB | 0.1/1.8 MB | 0.1/1.8 MBProgress (5): 0.1/1.8 MB | 0.9/8.4 MB | 0/1.8 MB | 0.1/1.8 MB | 0.1/1.8 MBProgress (5): 0.1/1.8 MB | 0.9/8.4 MB | 0/1.8 MB | 0.1/1.8 MB | 0.1/1.8 MBProgress (5): 0.1/1.8 MB | 0.9/8.4 MB | 0/1.8 MB | 0.1/1.8 MB | 0.1/1.8 MBProgress (5): 0.1/1.8 MB | 0.9/8.4 MB | 0/1.8 MB | 0.1/1.8 MB | 0.1/1.8 MBProgress (5): 0.1/1.8 MB | 0.9/8.4 MB | 0/1.8 MB | 0.1/1.8 MB | 0.1/1.8 MBProgress (5): 0.1/1.8 MB | 0.9/8.4 MB | 0/1.8 MB | 0.1/1.8 MB | 0.1/1.8 MBProgress (5): 0.1/1.8 MB | 0.9/8.4 MB | 0/1.8 MB | 0.1/1.8 MB | 0.1/1.8 MBProgress (5): 0.1/1.8 MB | 0.9/8.4 MB | 0/1.8 MB | 0.1/1.8 MB | 0.1/1.8 MBProgress (5): 0.1/1.8 MB | 0.9/8.4 MB | 0/1.8 MB | 0.1/1.8 MB | 0.1/1.8 MBProgress (5): 0.1/1.8 MB | 0.9/8.4 MB | 0/1.8 MB | 0.1/1.8 MB | 0.1/1.8 MBProgress (5): 0.1/1.8 MB | 0.9/8.4 MB | 0/1.8 MB | 0.1/1.8 MB | 0.1/1.8 MBProgress (5): 0.1/1.8 MB | 0.9/8.4 MB | 0/1.8 MB | 0.1/1.8 MB | 0.1/1.8 MBProgress (5): 0.1/1.8 MB | 0.9/8.4 MB | 0/1.8 MB | 0.1/1.8 MB | 0.1/1.8 MBProgress (5): 0.1/1.8 MB | 0.9/8.4 MB | 0/1.8 MB | 0.1/1.8 MB | 0.1/1.8 MBProgress (5): 0.1/1.8 MB | 1.0/8.4 MB | 0/1.8 MB | 0.1/1.8 MB | 0.1/1.8 MBProgress (5): 0.1/1.8 MB | 1.0/8.4 MB | 0/1.8 MB | 0.1/1.8 MB | 0.1/1.8 MBProgress (5): 0.1/1.8 MB | 1.0/8.4 MB | 0/1.8 MB | 0.1/1.8 MB | 0.1/1.8 MBProgress (5): 0.1/1.8 MB | 1.0/8.4 MB | 0/1.8 MB | 0.1/1.8 MB | 0.1/1.8 MBProgress (5): 0.1/1.8 MB | 1.0/8.4 MB | 0/1.8 MB | 0.1/1.8 MB | 0.1/1.8 MBProgress (5): 0.1/1.8 MB | 1.0/8.4 MB | 0/1.8 MB | 0.1/1.8 MB | 0.1/1.8 MBProgress (5): 0.1/1.8 MB | 1.0/8.4 MB | 0.1/1.8 MB | 0.1/1.8 MB | 0.1/1.8 MBProgress (5): 0.1/1.8 MB | 1.0/8.4 MB | 0.1/1.8 MB | 0.1/1.8 MB | 0.1/1.8 MBProgress (5): 0.1/1.8 MB | 1.0/8.4 MB | 0.1/1.8 MB | 0.1/1.8 MB | 0.1/1.8 MBProgress (5): 0.1/1.8 MB | 1.0/8.4 MB | 0.1/1.8 MB | 0.1/1.8 MB | 0.1/1.8 MBProgress (5): 0.1/1.8 MB | 1.0/8.4 MB | 0.1/1.8 MB | 0.1/1.8 MB | 0.1/1.8 MBProgress (5): 0.1/1.8 MB | 1.0/8.4 MB | 0.1/1.8 MB | 0.1/1.8 MB | 0.1/1.8 MBProgress (5): 0.1/1.8 MB | 1.1/8.4 MB | 0.1/1.8 MB | 0.1/1.8 MB | 0.1/1.8 MBProgress (5): 0.1/1.8 MB | 1.1/8.4 MB | 0.1/1.8 MB | 0.1/1.8 MB | 0.1/1.8 MBProgress (5): 0.1/1.8 MB | 1.1/8.4 MB | 0.1/1.8 MB | 0.1/1.8 MB | 0.1/1.8 MBProgress (5): 0.1/1.8 MB | 1.1/8.4 MB | 0.1/1.8 MB | 0.1/1.8 MB | 0.1/1.8 MBProgress (5): 0.1/1.8 MB | 1.1/8.4 MB | 0.1/1.8 MB | 0.1/1.8 MB | 0.1/1.8 MBProgress (5): 0.1/1.8 MB | 1.1/8.4 MB | 0.1/1.8 MB | 0.1/1.8 MB | 0.1/1.8 MBProgress (5): 0.1/1.8 MB | 1.1/8.4 MB | 0.1/1.8 MB | 0.1/1.8 MB | 0.1/1.8 MBProgress (5): 0.1/1.8 MB | 1.1/8.4 MB | 0.1/1.8 MB | 0.1/1.8 MB | 0.1/1.8 MBProgress (5): 0.1/1.8 MB | 1.2/8.4 MB | 0.1/1.8 MB | 0.1/1.8 MB | 0.1/1.8 MBProgress (5): 0.1/1.8 MB | 1.2/8.4 MB | 0.1/1.8 MB | 0.1/1.8 MB | 0.1/1.8 MBProgress (5): 0.1/1.8 MB | 1.2/8.4 MB | 0.1/1.8 MB | 0.1/1.8 MB | 0.1/1.8 MBProgress (5): 0.1/1.8 MB | 1.2/8.4 MB | 0.1/1.8 MB | 0.1/1.8 MB | 0.1/1.8 MBProgress (5): 0.1/1.8 MB | 1.2/8.4 MB | 0.1/1.8 MB | 0.1/1.8 MB | 0.1/1.8 MBProgress (5): 0.1/1.8 MB | 1.2/8.4 MB | 0.1/1.8 MB | 0.1/1.8 MB | 0.1/1.8 MBProgress (5): 0.1/1.8 MB | 1.2/8.4 MB | 0.1/1.8 MB | 0.1/1.8 MB | 0.1/1.8 MBProgress (5): 0.1/1.8 MB | 1.2/8.4 MB | 0.1/1.8 MB | 0.1/1.8 MB | 0.1/1.8 MBProgress (5): 0.1/1.8 MB | 1.3/8.4 MB | 0.1/1.8 MB | 0.1/1.8 MB | 0.1/1.8 MBProgress (5): 0.1/1.8 MB | 1.3/8.4 MB | 0.1/1.8 MB | 0.1/1.8 MB | 0.1/1.8 MBProgress (5): 0.1/1.8 MB | 1.3/8.4 MB | 0.1/1.8 MB | 0.1/1.8 MB | 0.1/1.8 MBProgress (5): 0.1/1.8 MB | 1.3/8.4 MB | 0.1/1.8 MB | 0.1/1.8 MB | 0.1/1.8 MBProgress (5): 0.1/1.8 MB | 1.3/8.4 MB | 0.1/1.8 MB | 0.1/1.8 MB | 0.1/1.8 MBProgress (5): 0.1/1.8 MB | 1.3/8.4 MB | 0.1/1.8 MB | 0.1/1.8 MB | 0.1/1.8 MBProgress (5): 0.1/1.8 MB | 1.4/8.4 MB | 0.1/1.8 MB | 0.1/1.8 MB | 0.1/1.8 MBProgress (5): 0.1/1.8 MB | 1.4/8.4 MB | 0.1/1.8 MB | 0.1/1.8 MB | 0.1/1.8 MBProgress (5): 0.1/1.8 MB | 1.4/8.4 MB | 0.1/1.8 MB | 0.1/1.8 MB | 0.1/1.8 MBProgress (5): 0.1/1.8 MB | 1.4/8.4 MB | 0.1/1.8 MB | 0.1/1.8 MB | 0.1/1.8 MBProgress (5): 0.1/1.8 MB | 1.4/8.4 MB | 0.1/1.8 MB | 0.1/1.8 MB | 0.1/1.8 MBProgress (5): 0.1/1.8 MB | 1.4/8.4 MB | 0.1/1.8 MB | 0.1/1.8 MB | 0.1/1.8 MBProgress (5): 0.1/1.8 MB | 1.4/8.4 MB | 0.1/1.8 MB | 0.1/1.8 MB | 0.1/1.8 MBProgress (5): 0.1/1.8 MB | 1.4/8.4 MB | 0.1/1.8 MB | 0.1/1.8 MB | 0.1/1.8 MBProgress (5): 0.1/1.8 MB | 1.4/8.4 MB | 0.1/1.8 MB | 0.1/1.8 MB | 0.1/1.8 MBProgress (5): 0.1/1.8 MB | 1.4/8.4 MB | 0.1/1.8 MB | 0.1/1.8 MB | 0.1/1.8 MBProgress (5): 0.1/1.8 MB | 1.4/8.4 MB | 0.1/1.8 MB | 0.1/1.8 MB | 0.2/1.8 MBProgress (5): 0.1/1.8 MB | 1.4/8.4 MB | 0.1/1.8 MB | 0.1/1.8 MB | 0.2/1.8 MBProgress (5): 0.1/1.8 MB | 1.5/8.4 MB | 0.1/1.8 MB | 0.1/1.8 MB | 0.2/1.8 MBProgress (5): 0.1/1.8 MB | 1.5/8.4 MB | 0.1/1.8 MB | 0.1/1.8 MB | 0.2/1.8 MBProgress (5): 0.1/1.8 MB | 1.5/8.4 MB | 0.1/1.8 MB | 0.1/1.8 MB | 0.2/1.8 MBProgress (5): 0.1/1.8 MB | 1.5/8.4 MB | 0.1/1.8 MB | 0.1/1.8 MB | 0.2/1.8 MBProgress (5): 0.1/1.8 MB | 1.5/8.4 MB | 0.1/1.8 MB | 0.1/1.8 MB | 0.2/1.8 MBProgress (5): 0.1/1.8 MB | 1.5/8.4 MB | 0.1/1.8 MB | 0.1/1.8 MB | 0.2/1.8 MBProgress (5): 0.1/1.8 MB | 1.5/8.4 MB | 0.1/1.8 MB | 0.1/1.8 MB | 0.2/1.8 MBProgress (5): 0.1/1.8 MB | 1.5/8.4 MB | 0.1/1.8 MB | 0.1/1.8 MB | 0.2/1.8 MBProgress (5): 0.1/1.8 MB | 1.5/8.4 MB | 0.1/1.8 MB | 0.1/1.8 MB | 0.2/1.8 MBProgress (5): 0.1/1.8 MB | 1.5/8.4 MB | 0.1/1.8 MB | 0.1/1.8 MB | 0.2/1.8 MBProgress (5): 0.1/1.8 MB | 1.5/8.4 MB | 0.1/1.8 MB | 0.1/1.8 MB | 0.2/1.8 MBProgress (5): 0.1/1.8 MB | 1.5/8.4 MB | 0.1/1.8 MB | 0.1/1.8 MB | 0.2/1.8 MBProgress (5): 0.1/1.8 MB | 1.5/8.4 MB | 0.1/1.8 MB | 0.1/1.8 MB | 0.2/1.8 MBProgress (5): 0.1/1.8 MB | 1.5/8.4 MB | 0.1/1.8 MB | 0.1/1.8 MB | 0.2/1.8 MBProgress (5): 0.1/1.8 MB | 1.5/8.4 MB | 0.1/1.8 MB | 0.1/1.8 MB | 0.2/1.8 MBProgress (5): 0.2/1.8 MB | 1.5/8.4 MB | 0.1/1.8 MB | 0.1/1.8 MB | 0.2/1.8 MBProgress (5): 0.2/1.8 MB | 1.5/8.4 MB | 0.1/1.8 MB | 0.1/1.8 MB | 0.2/1.8 MBProgress (5): 0.2/1.8 MB | 1.5/8.4 MB | 0.1/1.8 MB | 0.1/1.8 MB | 0.2/1.8 MBProgress (5): 0.2/1.8 MB | 1.5/8.4 MB | 0.1/1.8 MB | 0.1/1.8 MB | 0.2/1.8 MBProgress (5): 0.2/1.8 MB | 1.5/8.4 MB | 0.1/1.8 MB | 0.1/1.8 MB | 0.2/1.8 MBProgress (5): 0.2/1.8 MB | 1.5/8.4 MB | 0.1/1.8 MB | 0.1/1.8 MB | 0.2/1.8 MBProgress (5): 0.2/1.8 MB | 1.5/8.4 MB | 0.1/1.8 MB | 0.1/1.8 MB | 0.2/1.8 MBProgress (5): 0.2/1.8 MB | 1.5/8.4 MB | 0.1/1.8 MB | 0.1/1.8 MB | 0.2/1.8 MBProgress (5): 0.2/1.8 MB | 1.5/8.4 MB | 0.1/1.8 MB | 0.1/1.8 MB | 0.2/1.8 MBProgress (5): 0.2/1.8 MB | 1.5/8.4 MB | 0.1/1.8 MB | 0.1/1.8 MB | 0.2/1.8 MBProgress (5): 0.2/1.8 MB | 1.5/8.4 MB | 0.1/1.8 MB | 0.1/1.8 MB | 0.2/1.8 MBProgress (5): 0.2/1.8 MB | 1.5/8.4 MB | 0.1/1.8 MB | 0.1/1.8 MB | 0.2/1.8 MBProgress (5): 0.2/1.8 MB | 1.5/8.4 MB | 0.1/1.8 MB | 0.1/1.8 MB | 0.2/1.8 MBProgress (5): 0.2/1.8 MB | 1.5/8.4 MB | 0.1/1.8 MB | 0.1/1.8 MB | 0.2/1.8 MBProgress (5): 0.2/1.8 MB | 1.5/8.4 MB | 0.1/1.8 MB | 0.1/1.8 MB | 0.2/1.8 MBProgress (5): 0.2/1.8 MB | 1.5/8.4 MB | 0.1/1.8 MB | 0.1/1.8 MB | 0.2/1.8 MBProgress (5): 0.2/1.8 MB | 1.5/8.4 MB | 0.1/1.8 MB | 0.1/1.8 MB | 0.2/1.8 MBProgress (5): 0.2/1.8 MB | 1.5/8.4 MB | 0.1/1.8 MB | 0.1/1.8 MB | 0.2/1.8 MBProgress (5): 0.2/1.8 MB | 1.5/8.4 MB | 0.1/1.8 MB | 0.1/1.8 MB | 0.2/1.8 MBProgress (5): 0.2/1.8 MB | 1.5/8.4 MB | 0.1/1.8 MB | 0.1/1.8 MB | 0.2/1.8 MBProgress (5): 0.2/1.8 MB | 1.5/8.4 MB | 0.1/1.8 MB | 0.1/1.8 MB | 0.2/1.8 MBProgress (5): 0.2/1.8 MB | 1.5/8.4 MB | 0.1/1.8 MB | 0.1/1.8 MB | 0.2/1.8 MBProgress (5): 0.2/1.8 MB | 1.5/8.4 MB | 0.1/1.8 MB | 0.1/1.8 MB | 0.2/1.8 MBProgress (5): 0.2/1.8 MB | 1.5/8.4 MB | 0.1/1.8 MB | 0.1/1.8 MB | 0.2/1.8 MBProgress (5): 0.2/1.8 MB | 1.5/8.4 MB | 0.1/1.8 MB | 0.1/1.8 MB | 0.2/1.8 MBProgress (5): 0.2/1.8 MB | 1.5/8.4 MB | 0.1/1.8 MB | 0.1/1.8 MB | 0.2/1.8 MBProgress (5): 0.2/1.8 MB | 1.5/8.4 MB | 0.1/1.8 MB | 0.2/1.8 MB | 0.2/1.8 MBProgress (5): 0.2/1.8 MB | 1.5/8.4 MB | 0.1/1.8 MB | 0.2/1.8 MB | 0.2/1.8 MBProgress (5): 0.2/1.8 MB | 1.5/8.4 MB | 0.1/1.8 MB | 0.2/1.8 MB | 0.2/1.8 MBProgress (5): 0.2/1.8 MB | 1.5/8.4 MB | 0.1/1.8 MB | 0.2/1.8 MB | 0.2/1.8 MBProgress (5): 0.2/1.8 MB | 1.5/8.4 MB | 0.1/1.8 MB | 0.2/1.8 MB | 0.2/1.8 MBProgress (5): 0.2/1.8 MB | 1.5/8.4 MB | 0.1/1.8 MB | 0.2/1.8 MB | 0.2/1.8 MBProgress (5): 0.2/1.8 MB | 1.5/8.4 MB | 0.1/1.8 MB | 0.2/1.8 MB | 0.2/1.8 MBProgress (5): 0.2/1.8 MB | 1.5/8.4 MB | 0.1/1.8 MB | 0.2/1.8 MB | 0.2/1.8 MBProgress (5): 0.2/1.8 MB | 1.5/8.4 MB | 0.1/1.8 MB | 0.2/1.8 MB | 0.2/1.8 MBProgress (5): 0.2/1.8 MB | 1.5/8.4 MB | 0.1/1.8 MB | 0.2/1.8 MB | 0.2/1.8 MBProgress (5): 0.2/1.8 MB | 1.5/8.4 MB | 0.1/1.8 MB | 0.2/1.8 MB | 0.2/1.8 MBProgress (5): 0.2/1.8 MB | 1.5/8.4 MB | 0.1/1.8 MB | 0.2/1.8 MB | 0.2/1.8 MBProgress (5): 0.2/1.8 MB | 1.5/8.4 MB | 0.1/1.8 MB | 0.2/1.8 MB | 0.2/1.8 MBProgress (5): 0.2/1.8 MB | 1.5/8.4 MB | 0.1/1.8 MB | 0.2/1.8 MB | 0.2/1.8 MBProgress (5): 0.2/1.8 MB | 1.5/8.4 MB | 0.1/1.8 MB | 0.2/1.8 MB | 0.2/1.8 MBProgress (5): 0.2/1.8 MB | 1.5/8.4 MB | 0.2/1.8 MB | 0.2/1.8 MB | 0.2/1.8 MBProgress (5): 0.2/1.8 MB | 1.5/8.4 MB | 0.2/1.8 MB | 0.2/1.8 MB | 0.2/1.8 MBProgress (5): 0.2/1.8 MB | 1.5/8.4 MB | 0.2/1.8 MB | 0.2/1.8 MB | 0.2/1.8 MBProgress (5): 0.2/1.8 MB | 1.5/8.4 MB | 0.2/1.8 MB | 0.2/1.8 MB | 0.2/1.8 MBProgress (5): 0.2/1.8 MB | 1.5/8.4 MB | 0.2/1.8 MB | 0.2/1.8 MB | 0.2/1.8 MBProgress (5): 0.2/1.8 MB | 1.5/8.4 MB | 0.2/1.8 MB | 0.2/1.8 MB | 0.2/1.8 MBProgress (5): 0.2/1.8 MB | 1.5/8.4 MB | 0.2/1.8 MB | 0.2/1.8 MB | 0.2/1.8 MBProgress (5): 0.2/1.8 MB | 1.5/8.4 MB | 0.2/1.8 MB | 0.2/1.8 MB | 0.2/1.8 MBProgress (5): 0.2/1.8 MB | 1.5/8.4 MB | 0.2/1.8 MB | 0.2/1.8 MB | 0.2/1.8 MBProgress (5): 0.2/1.8 MB | 1.5/8.4 MB | 0.2/1.8 MB | 0.2/1.8 MB | 0.2/1.8 MBProgress (5): 0.2/1.8 MB | 1.6/8.4 MB | 0.2/1.8 MB | 0.2/1.8 MB | 0.2/1.8 MBProgress (5): 0.2/1.8 MB | 1.6/8.4 MB | 0.2/1.8 MB | 0.2/1.8 MB | 0.2/1.8 MBProgress (5): 0.2/1.8 MB | 1.6/8.4 MB | 0.2/1.8 MB | 0.2/1.8 MB | 0.2/1.8 MBProgress (5): 0.2/1.8 MB | 1.6/8.4 MB | 0.2/1.8 MB | 0.2/1.8 MB | 0.2/1.8 MBProgress (5): 0.2/1.8 MB | 1.6/8.4 MB | 0.2/1.8 MB | 0.2/1.8 MB | 0.2/1.8 MBProgress (5): 0.2/1.8 MB | 1.6/8.4 MB | 0.2/1.8 MB | 0.2/1.8 MB | 0.2/1.8 MBProgress (5): 0.2/1.8 MB | 1.6/8.4 MB | 0.2/1.8 MB | 0.2/1.8 MB | 0.2/1.8 MBProgress (5): 0.2/1.8 MB | 1.7/8.4 MB | 0.2/1.8 MB | 0.2/1.8 MB | 0.2/1.8 MBProgress (5): 0.2/1.8 MB | 1.7/8.4 MB | 0.2/1.8 MB | 0.2/1.8 MB | 0.2/1.8 MBProgress (5): 0.2/1.8 MB | 1.7/8.4 MB | 0.2/1.8 MB | 0.2/1.8 MB | 0.2/1.8 MBProgress (5): 0.2/1.8 MB | 1.7/8.4 MB | 0.2/1.8 MB | 0.2/1.8 MB | 0.2/1.8 MBProgress (5): 0.2/1.8 MB | 1.7/8.4 MB | 0.2/1.8 MB | 0.2/1.8 MB | 0.2/1.8 MBProgress (5): 0.2/1.8 MB | 1.7/8.4 MB | 0.2/1.8 MB | 0.2/1.8 MB | 0.2/1.8 MBProgress (5): 0.2/1.8 MB | 1.7/8.4 MB | 0.2/1.8 MB | 0.2/1.8 MB | 0.2/1.8 MBProgress (5): 0.2/1.8 MB | 1.7/8.4 MB | 0.2/1.8 MB | 0.2/1.8 MB | 0.2/1.8 MBProgress (5): 0.2/1.8 MB | 1.7/8.4 MB | 0.2/1.8 MB | 0.2/1.8 MB | 0.2/1.8 MBProgress (5): 0.2/1.8 MB | 1.7/8.4 MB | 0.2/1.8 MB | 0.2/1.8 MB | 0.2/1.8 MBProgress (5): 0.2/1.8 MB | 1.7/8.4 MB | 0.2/1.8 MB | 0.2/1.8 MB | 0.2/1.8 MBProgress (5): 0.2/1.8 MB | 1.7/8.4 MB | 0.2/1.8 MB | 0.2/1.8 MB | 0.2/1.8 MBProgress (5): 0.2/1.8 MB | 1.7/8.4 MB | 0.2/1.8 MB | 0.2/1.8 MB | 0.2/1.8 MBProgress (5): 0.2/1.8 MB | 1.7/8.4 MB | 0.2/1.8 MB | 0.2/1.8 MB | 0.2/1.8 MBProgress (5): 0.2/1.8 MB | 1.7/8.4 MB | 0.2/1.8 MB | 0.2/1.8 MB | 0.2/1.8 MBProgress (5): 0.2/1.8 MB | 1.7/8.4 MB | 0.2/1.8 MB | 0.2/1.8 MB | 0.2/1.8 MBProgress (5): 0.2/1.8 MB | 1.7/8.4 MB | 0.2/1.8 MB | 0.2/1.8 MB | 0.2/1.8 MBProgress (5): 0.2/1.8 MB | 1.7/8.4 MB | 0.2/1.8 MB | 0.2/1.8 MB | 0.2/1.8 MBProgress (5): 0.2/1.8 MB | 1.7/8.4 MB | 0.2/1.8 MB | 0.2/1.8 MB | 0.3/1.8 MBProgress (5): 0.2/1.8 MB | 1.7/8.4 MB | 0.2/1.8 MB | 0.2/1.8 MB | 0.3/1.8 MBProgress (5): 0.2/1.8 MB | 1.8/8.4 MB | 0.2/1.8 MB | 0.2/1.8 MB | 0.3/1.8 MBProgress (5): 0.2/1.8 MB | 1.8/8.4 MB | 0.2/1.8 MB | 0.2/1.8 MB | 0.3/1.8 MBProgress (5): 0.2/1.8 MB | 1.8/8.4 MB | 0.2/1.8 MB | 0.2/1.8 MB | 0.3/1.8 MBProgress (5): 0.2/1.8 MB | 1.8/8.4 MB | 0.2/1.8 MB | 0.2/1.8 MB | 0.3/1.8 MBProgress (5): 0.2/1.8 MB | 1.8/8.4 MB | 0.2/1.8 MB | 0.2/1.8 MB | 0.3/1.8 MBProgress (5): 0.2/1.8 MB | 1.8/8.4 MB | 0.2/1.8 MB | 0.2/1.8 MB | 0.3/1.8 MBProgress (5): 0.2/1.8 MB | 1.8/8.4 MB | 0.2/1.8 MB | 0.2/1.8 MB | 0.3/1.8 MBProgress (5): 0.2/1.8 MB | 1.8/8.4 MB | 0.2/1.8 MB | 0.2/1.8 MB | 0.3/1.8 MBProgress (5): 0.2/1.8 MB | 1.8/8.4 MB | 0.2/1.8 MB | 0.2/1.8 MB | 0.3/1.8 MBProgress (5): 0.2/1.8 MB | 1.8/8.4 MB | 0.2/1.8 MB | 0.2/1.8 MB | 0.3/1.8 MBProgress (5): 0.2/1.8 MB | 1.8/8.4 MB | 0.2/1.8 MB | 0.2/1.8 MB | 0.3/1.8 MBProgress (5): 0.2/1.8 MB | 1.9/8.4 MB | 0.2/1.8 MB | 0.2/1.8 MB | 0.3/1.8 MBProgress (5): 0.2/1.8 MB | 1.9/8.4 MB | 0.2/1.8 MB | 0.2/1.8 MB | 0.3/1.8 MBProgress (5): 0.3/1.8 MB | 1.9/8.4 MB | 0.2/1.8 MB | 0.2/1.8 MB | 0.3/1.8 MBProgress (5): 0.3/1.8 MB | 1.9/8.4 MB | 0.2/1.8 MB | 0.2/1.8 MB | 0.3/1.8 MBProgress (5): 0.3/1.8 MB | 1.9/8.4 MB | 0.2/1.8 MB | 0.2/1.8 MB | 0.3/1.8 MBProgress (5): 0.3/1.8 MB | 1.9/8.4 MB | 0.2/1.8 MB | 0.2/1.8 MB | 0.3/1.8 MBProgress (5): 0.3/1.8 MB | 1.9/8.4 MB | 0.2/1.8 MB | 0.2/1.8 MB | 0.3/1.8 MBProgress (5): 0.3/1.8 MB | 1.9/8.4 MB | 0.2/1.8 MB | 0.2/1.8 MB | 0.3/1.8 MBProgress (5): 0.3/1.8 MB | 1.9/8.4 MB | 0.2/1.8 MB | 0.2/1.8 MB | 0.3/1.8 MBProgress (5): 0.3/1.8 MB | 1.9/8.4 MB | 0.2/1.8 MB | 0.2/1.8 MB | 0.3/1.8 MBProgress (5): 0.3/1.8 MB | 1.9/8.4 MB | 0.2/1.8 MB | 0.2/1.8 MB | 0.3/1.8 MBProgress (5): 0.3/1.8 MB | 1.9/8.4 MB | 0.2/1.8 MB | 0.2/1.8 MB | 0.3/1.8 MBProgress (5): 0.3/1.8 MB | 1.9/8.4 MB | 0.2/1.8 MB | 0.2/1.8 MB | 0.3/1.8 MBProgress (5): 0.3/1.8 MB | 2.0/8.4 MB | 0.2/1.8 MB | 0.2/1.8 MB | 0.3/1.8 MBProgress (5): 0.3/1.8 MB | 2.0/8.4 MB | 0.2/1.8 MB | 0.2/1.8 MB | 0.3/1.8 MBProgress (5): 0.3/1.8 MB | 2.0/8.4 MB | 0.2/1.8 MB | 0.2/1.8 MB | 0.3/1.8 MBProgress (5): 0.3/1.8 MB | 2.0/8.4 MB | 0.2/1.8 MB | 0.2/1.8 MB | 0.3/1.8 MBProgress (5): 0.3/1.8 MB | 2.0/8.4 MB | 0.2/1.8 MB | 0.2/1.8 MB | 0.3/1.8 MBProgress (5): 0.3/1.8 MB | 2.0/8.4 MB | 0.2/1.8 MB | 0.2/1.8 MB | 0.3/1.8 MBProgress (5): 0.3/1.8 MB | 2.0/8.4 MB | 0.2/1.8 MB | 0.2/1.8 MB | 0.3/1.8 MBProgress (5): 0.3/1.8 MB | 2.0/8.4 MB | 0.2/1.8 MB | 0.2/1.8 MB | 0.3/1.8 MBProgress (5): 0.3/1.8 MB | 2.0/8.4 MB | 0.2/1.8 MB | 0.2/1.8 MB | 0.3/1.8 MBProgress (5): 0.3/1.8 MB | 2.0/8.4 MB | 0.2/1.8 MB | 0.2/1.8 MB | 0.3/1.8 MBProgress (5): 0.3/1.8 MB | 2.1/8.4 MB | 0.2/1.8 MB | 0.2/1.8 MB | 0.3/1.8 MBProgress (5): 0.3/1.8 MB | 2.1/8.4 MB | 0.2/1.8 MB | 0.2/1.8 MB | 0.3/1.8 MBProgress (5): 0.3/1.8 MB | 2.1/8.4 MB | 0.2/1.8 MB | 0.2/1.8 MB | 0.3/1.8 MBProgress (5): 0.3/1.8 MB | 2.1/8.4 MB | 0.2/1.8 MB | 0.2/1.8 MB | 0.3/1.8 MBProgress (5): 0.3/1.8 MB | 2.1/8.4 MB | 0.2/1.8 MB | 0.2/1.8 MB | 0.3/1.8 MBProgress (5): 0.3/1.8 MB | 2.1/8.4 MB | 0.2/1.8 MB | 0.2/1.8 MB | 0.3/1.8 MBProgress (5): 0.3/1.8 MB | 2.1/8.4 MB | 0.2/1.8 MB | 0.2/1.8 MB | 0.3/1.8 MBProgress (5): 0.3/1.8 MB | 2.1/8.4 MB | 0.2/1.8 MB | 0.2/1.8 MB | 0.3/1.8 MBProgress (5): 0.3/1.8 MB | 2.2/8.4 MB | 0.2/1.8 MB | 0.2/1.8 MB | 0.3/1.8 MBProgress (5): 0.3/1.8 MB | 2.2/8.4 MB | 0.2/1.8 MB | 0.2/1.8 MB | 0.3/1.8 MBProgress (5): 0.3/1.8 MB | 2.2/8.4 MB | 0.2/1.8 MB | 0.2/1.8 MB | 0.3/1.8 MBProgress (5): 0.3/1.8 MB | 2.2/8.4 MB | 0.2/1.8 MB | 0.2/1.8 MB | 0.3/1.8 MBProgress (5): 0.3/1.8 MB | 2.2/8.4 MB | 0.2/1.8 MB | 0.2/1.8 MB | 0.3/1.8 MBProgress (5): 0.3/1.8 MB | 2.2/8.4 MB | 0.2/1.8 MB | 0.2/1.8 MB | 0.3/1.8 MBProgress (5): 0.3/1.8 MB | 2.2/8.4 MB | 0.2/1.8 MB | 0.2/1.8 MB | 0.3/1.8 MBProgress (5): 0.3/1.8 MB | 2.2/8.4 MB | 0.2/1.8 MB | 0.2/1.8 MB | 0.3/1.8 MBProgress (5): 0.3/1.8 MB | 2.2/8.4 MB | 0.2/1.8 MB | 0.2/1.8 MB | 0.3/1.8 MBProgress (5): 0.3/1.8 MB | 2.2/8.4 MB | 0.2/1.8 MB | 0.2/1.8 MB | 0.3/1.8 MBProgress (5): 0.3/1.8 MB | 2.2/8.4 MB | 0.2/1.8 MB | 0.2/1.8 MB | 0.3/1.8 MBProgress (5): 0.3/1.8 MB | 2.2/8.4 MB | 0.2/1.8 MB | 0.2/1.8 MB | 0.3/1.8 MBProgress (5): 0.3/1.8 MB | 2.2/8.4 MB | 0.2/1.8 MB | 0.2/1.8 MB | 0.3/1.8 MBProgress (5): 0.3/1.8 MB | 2.2/8.4 MB | 0.2/1.8 MB | 0.2/1.8 MB | 0.3/1.8 MBProgress (5): 0.3/1.8 MB | 2.2/8.4 MB | 0.2/1.8 MB | 0.2/1.8 MB | 0.3/1.8 MBProgress (5): 0.3/1.8 MB | 2.2/8.4 MB | 0.2/1.8 MB | 0.2/1.8 MB | 0.3/1.8 MBProgress (5): 0.3/1.8 MB | 2.2/8.4 MB | 0.2/1.8 MB | 0.2/1.8 MB | 0.3/1.8 MBProgress (5): 0.3/1.8 MB | 2.3/8.4 MB | 0.2/1.8 MB | 0.2/1.8 MB | 0.3/1.8 MBProgress (5): 0.3/1.8 MB | 2.3/8.4 MB | 0.2/1.8 MB | 0.2/1.8 MB | 0.3/1.8 MBProgress (5): 0.3/1.8 MB | 2.3/8.4 MB | 0.2/1.8 MB | 0.2/1.8 MB | 0.3/1.8 MBProgress (5): 0.3/1.8 MB | 2.3/8.4 MB | 0.2/1.8 MB | 0.2/1.8 MB | 0.3/1.8 MBProgress (5): 0.3/1.8 MB | 2.3/8.4 MB | 0.2/1.8 MB | 0.2/1.8 MB | 0.3/1.8 MBProgress (5): 0.3/1.8 MB | 2.3/8.4 MB | 0.2/1.8 MB | 0.2/1.8 MB | 0.4/1.8 MBProgress (5): 0.3/1.8 MB | 2.3/8.4 MB | 0.2/1.8 MB | 0.2/1.8 MB | 0.4/1.8 MBProgress (5): 0.3/1.8 MB | 2.3/8.4 MB | 0.2/1.8 MB | 0.2/1.8 MB | 0.4/1.8 MBProgress (5): 0.3/1.8 MB | 2.3/8.4 MB | 0.2/1.8 MB | 0.2/1.8 MB | 0.4/1.8 MBProgress (5): 0.3/1.8 MB | 2.3/8.4 MB | 0.2/1.8 MB | 0.2/1.8 MB | 0.4/1.8 MBProgress (5): 0.3/1.8 MB | 2.4/8.4 MB | 0.2/1.8 MB | 0.2/1.8 MB | 0.4/1.8 MBProgress (5): 0.3/1.8 MB | 2.4/8.4 MB | 0.2/1.8 MB | 0.2/1.8 MB | 0.4/1.8 MBProgress (5): 0.3/1.8 MB | 2.4/8.4 MB | 0.2/1.8 MB | 0.2/1.8 MB | 0.4/1.8 MBProgress (5): 0.3/1.8 MB | 2.4/8.4 MB | 0.2/1.8 MB | 0.2/1.8 MB | 0.4/1.8 MBProgress (5): 0.3/1.8 MB | 2.4/8.4 MB | 0.2/1.8 MB | 0.2/1.8 MB | 0.4/1.8 MBProgress (5): 0.3/1.8 MB | 2.4/8.4 MB | 0.2/1.8 MB | 0.2/1.8 MB | 0.4/1.8 MBProgress (5): 0.3/1.8 MB | 2.4/8.4 MB | 0.2/1.8 MB | 0.2/1.8 MB | 0.4/1.8 MBProgress (5): 0.3/1.8 MB | 2.5/8.4 MB | 0.2/1.8 MB | 0.2/1.8 MB | 0.4/1.8 MBProgress (5): 0.3/1.8 MB | 2.5/8.4 MB | 0.2/1.8 MB | 0.2/1.8 MB | 0.4/1.8 MBProgress (5): 0.3/1.8 MB | 2.5/8.4 MB | 0.2/1.8 MB | 0.2/1.8 MB | 0.4/1.8 MBProgress (5): 0.3/1.8 MB | 2.5/8.4 MB | 0.2/1.8 MB | 0.2/1.8 MB | 0.4/1.8 MBProgress (5): 0.3/1.8 MB | 2.5/8.4 MB | 0.2/1.8 MB | 0.2/1.8 MB | 0.4/1.8 MBProgress (5): 0.3/1.8 MB | 2.5/8.4 MB | 0.2/1.8 MB | 0.2/1.8 MB | 0.4/1.8 MBProgress (5): 0.3/1.8 MB | 2.6/8.4 MB | 0.2/1.8 MB | 0.2/1.8 MB | 0.4/1.8 MBProgress (5): 0.3/1.8 MB | 2.6/8.4 MB | 0.2/1.8 MB | 0.2/1.8 MB | 0.4/1.8 MBProgress (5): 0.3/1.8 MB | 2.6/8.4 MB | 0.2/1.8 MB | 0.2/1.8 MB | 0.4/1.8 MBProgress (5): 0.3/1.8 MB | 2.6/8.4 MB | 0.2/1.8 MB | 0.2/1.8 MB | 0.4/1.8 MBProgress (5): 0.3/1.8 MB | 2.6/8.4 MB | 0.2/1.8 MB | 0.2/1.8 MB | 0.4/1.8 MBProgress (5): 0.3/1.8 MB | 2.6/8.4 MB | 0.2/1.8 MB | 0.2/1.8 MB | 0.4/1.8 MBProgress (5): 0.3/1.8 MB | 2.6/8.4 MB | 0.2/1.8 MB | 0.2/1.8 MB | 0.4/1.8 MBProgress (5): 0.3/1.8 MB | 2.7/8.4 MB | 0.2/1.8 MB | 0.2/1.8 MB | 0.4/1.8 MBProgress (5): 0.3/1.8 MB | 2.7/8.4 MB | 0.2/1.8 MB | 0.2/1.8 MB | 0.4/1.8 MBProgress (5): 0.3/1.8 MB | 2.7/8.4 MB | 0.2/1.8 MB | 0.2/1.8 MB | 0.4/1.8 MBProgress (5): 0.3/1.8 MB | 2.7/8.4 MB | 0.2/1.8 MB | 0.2/1.8 MB | 0.4/1.8 MBProgress (5): 0.3/1.8 MB | 2.7/8.4 MB | 0.2/1.8 MB | 0.2/1.8 MB | 0.4/1.8 MBProgress (5): 0.3/1.8 MB | 2.7/8.4 MB | 0.2/1.8 MB | 0.2/1.8 MB | 0.4/1.8 MBProgress (5): 0.3/1.8 MB | 2.8/8.4 MB | 0.2/1.8 MB | 0.2/1.8 MB | 0.4/1.8 MBProgress (5): 0.3/1.8 MB | 2.8/8.4 MB | 0.2/1.8 MB | 0.2/1.8 MB | 0.4/1.8 MBProgress (5): 0.3/1.8 MB | 2.8/8.4 MB | 0.2/1.8 MB | 0.2/1.8 MB | 0.4/1.8 MBProgress (5): 0.3/1.8 MB | 2.8/8.4 MB | 0.2/1.8 MB | 0.2/1.8 MB | 0.4/1.8 MBProgress (5): 0.3/1.8 MB | 2.8/8.4 MB | 0.2/1.8 MB | 0.2/1.8 MB | 0.4/1.8 MBProgress (5): 0.3/1.8 MB | 2.8/8.4 MB | 0.2/1.8 MB | 0.2/1.8 MB | 0.4/1.8 MBProgress (5): 0.3/1.8 MB | 2.9/8.4 MB | 0.2/1.8 MB | 0.2/1.8 MB | 0.4/1.8 MBProgress (5): 0.3/1.8 MB | 2.9/8.4 MB | 0.2/1.8 MB | 0.2/1.8 MB | 0.4/1.8 MBProgress (5): 0.3/1.8 MB | 2.9/8.4 MB | 0.2/1.8 MB | 0.2/1.8 MB | 0.4/1.8 MBProgress (5): 0.3/1.8 MB | 2.9/8.4 MB | 0.2/1.8 MB | 0.2/1.8 MB | 0.4/1.8 MBProgress (5): 0.3/1.8 MB | 2.9/8.4 MB | 0.2/1.8 MB | 0.2/1.8 MB | 0.4/1.8 MBProgress (5): 0.3/1.8 MB | 2.9/8.4 MB | 0.2/1.8 MB | 0.2/1.8 MB | 0.4/1.8 MBProgress (5): 0.3/1.8 MB | 2.9/8.4 MB | 0.2/1.8 MB | 0.2/1.8 MB | 0.4/1.8 MBProgress (5): 0.3/1.8 MB | 2.9/8.4 MB | 0.2/1.8 MB | 0.2/1.8 MB | 0.4/1.8 MBProgress (5): 0.3/1.8 MB | 3.0/8.4 MB | 0.2/1.8 MB | 0.2/1.8 MB | 0.4/1.8 MBProgress (5): 0.3/1.8 MB | 3.0/8.4 MB | 0.2/1.8 MB | 0.2/1.8 MB | 0.4/1.8 MBProgress (5): 0.3/1.8 MB | 3.0/8.4 MB | 0.2/1.8 MB | 0.2/1.8 MB | 0.4/1.8 MBProgress (5): 0.3/1.8 MB | 3.0/8.4 MB | 0.2/1.8 MB | 0.2/1.8 MB | 0.4/1.8 MBProgress (5): 0.3/1.8 MB | 3.0/8.4 MB | 0.2/1.8 MB | 0.2/1.8 MB | 0.4/1.8 MBProgress (5): 0.3/1.8 MB | 3.0/8.4 MB | 0.2/1.8 MB | 0.2/1.8 MB | 0.4/1.8 MBProgress (5): 0.3/1.8 MB | 3.0/8.4 MB | 0.2/1.8 MB | 0.2/1.8 MB | 0.4/1.8 MBProgress (5): 0.3/1.8 MB | 3.1/8.4 MB | 0.2/1.8 MB | 0.2/1.8 MB | 0.4/1.8 MBProgress (5): 0.3/1.8 MB | 3.1/8.4 MB | 0.2/1.8 MB | 0.2/1.8 MB | 0.4/1.8 MBProgress (5): 0.3/1.8 MB | 3.1/8.4 MB | 0.2/1.8 MB | 0.2/1.8 MB | 0.4/1.8 MBProgress (5): 0.3/1.8 MB | 3.1/8.4 MB | 0.2/1.8 MB | 0.2/1.8 MB | 0.4/1.8 MBProgress (5): 0.3/1.8 MB | 3.1/8.4 MB | 0.2/1.8 MB | 0.2/1.8 MB | 0.4/1.8 MBProgress (5): 0.3/1.8 MB | 3.1/8.4 MB | 0.2/1.8 MB | 0.2/1.8 MB | 0.4/1.8 MBProgress (5): 0.3/1.8 MB | 3.2/8.4 MB | 0.2/1.8 MB | 0.2/1.8 MB | 0.4/1.8 MBProgress (5): 0.3/1.8 MB | 3.2/8.4 MB | 0.2/1.8 MB | 0.2/1.8 MB | 0.4/1.8 MBProgress (5): 0.3/1.8 MB | 3.2/8.4 MB | 0.2/1.8 MB | 0.2/1.8 MB | 0.4/1.8 MBProgress (5): 0.3/1.8 MB | 3.2/8.4 MB | 0.2/1.8 MB | 0.2/1.8 MB | 0.4/1.8 MBProgress (5): 0.3/1.8 MB | 3.2/8.4 MB | 0.2/1.8 MB | 0.2/1.8 MB | 0.4/1.8 MBProgress (5): 0.3/1.8 MB | 3.2/8.4 MB | 0.2/1.8 MB | 0.2/1.8 MB | 0.4/1.8 MBProgress (5): 0.3/1.8 MB | 3.3/8.4 MB | 0.2/1.8 MB | 0.2/1.8 MB | 0.4/1.8 MBProgress (5): 0.3/1.8 MB | 3.3/8.4 MB | 0.2/1.8 MB | 0.2/1.8 MB | 0.4/1.8 MBProgress (5): 0.3/1.8 MB | 3.3/8.4 MB | 0.2/1.8 MB | 0.2/1.8 MB | 0.4/1.8 MBProgress (5): 0.3/1.8 MB | 3.3/8.4 MB | 0.2/1.8 MB | 0.2/1.8 MB | 0.4/1.8 MBProgress (5): 0.3/1.8 MB | 3.3/8.4 MB | 0.2/1.8 MB | 0.2/1.8 MB | 0.4/1.8 MBProgress (5): 0.3/1.8 MB | 3.3/8.4 MB | 0.2/1.8 MB | 0.2/1.8 MB | 0.4/1.8 MBProgress (5): 0.3/1.8 MB | 3.3/8.4 MB | 0.2/1.8 MB | 0.2/1.8 MB | 0.4/1.8 MBProgress (5): 0.3/1.8 MB | 3.3/8.4 MB | 0.2/1.8 MB | 0.2/1.8 MB | 0.4/1.8 MBProgress (5): 0.3/1.8 MB | 3.3/8.4 MB | 0.2/1.8 MB | 0.2/1.8 MB | 0.4/1.8 MBProgress (5): 0.3/1.8 MB | 3.4/8.4 MB | 0.2/1.8 MB | 0.2/1.8 MB | 0.4/1.8 MBProgress (5): 0.3/1.8 MB | 3.4/8.4 MB | 0.2/1.8 MB | 0.2/1.8 MB | 0.4/1.8 MBProgress (5): 0.3/1.8 MB | 3.4/8.4 MB | 0.2/1.8 MB | 0.2/1.8 MB | 0.4/1.8 MBProgress (5): 0.3/1.8 MB | 3.4/8.4 MB | 0.2/1.8 MB | 0.2/1.8 MB | 0.4/1.8 MBProgress (5): 0.3/1.8 MB | 3.4/8.4 MB | 0.2/1.8 MB | 0.2/1.8 MB | 0.4/1.8 MBProgress (5): 0.3/1.8 MB | 3.4/8.4 MB | 0.2/1.8 MB | 0.2/1.8 MB | 0.4/1.8 MBProgress (5): 0.3/1.8 MB | 3.4/8.4 MB | 0.2/1.8 MB | 0.2/1.8 MB | 0.4/1.8 MBProgress (5): 0.3/1.8 MB | 3.4/8.4 MB | 0.2/1.8 MB | 0.2/1.8 MB | 0.4/1.8 MBProgress (5): 0.3/1.8 MB | 3.4/8.4 MB | 0.2/1.8 MB | 0.2/1.8 MB | 0.4/1.8 MBProgress (5): 0.3/1.8 MB | 3.4/8.4 MB | 0.2/1.8 MB | 0.2/1.8 MB | 0.4/1.8 MBProgress (5): 0.3/1.8 MB | 3.5/8.4 MB | 0.2/1.8 MB | 0.2/1.8 MB | 0.4/1.8 MBProgress (5): 0.3/1.8 MB | 3.5/8.4 MB | 0.2/1.8 MB | 0.2/1.8 MB | 0.4/1.8 MBProgress (5): 0.3/1.8 MB | 3.5/8.4 MB | 0.2/1.8 MB | 0.2/1.8 MB | 0.4/1.8 MBProgress (5): 0.3/1.8 MB | 3.5/8.4 MB | 0.2/1.8 MB | 0.2/1.8 MB | 0.4/1.8 MBProgress (5): 0.3/1.8 MB | 3.5/8.4 MB | 0.2/1.8 MB | 0.2/1.8 MB | 0.4/1.8 MBProgress (5): 0.3/1.8 MB | 3.5/8.4 MB | 0.2/1.8 MB | 0.2/1.8 MB | 0.4/1.8 MBProgress (5): 0.3/1.8 MB | 3.6/8.4 MB | 0.2/1.8 MB | 0.2/1.8 MB | 0.4/1.8 MBProgress (5): 0.3/1.8 MB | 3.6/8.4 MB | 0.2/1.8 MB | 0.2/1.8 MB | 0.4/1.8 MBProgress (5): 0.3/1.8 MB | 3.6/8.4 MB | 0.2/1.8 MB | 0.2/1.8 MB | 0.4/1.8 MBProgress (5): 0.3/1.8 MB | 3.6/8.4 MB | 0.2/1.8 MB | 0.2/1.8 MB | 0.4/1.8 MBProgress (5): 0.3/1.8 MB | 3.6/8.4 MB | 0.2/1.8 MB | 0.2/1.8 MB | 0.4/1.8 MBProgress (5): 0.3/1.8 MB | 3.6/8.4 MB | 0.2/1.8 MB | 0.2/1.8 MB | 0.4/1.8 MBProgress (5): 0.3/1.8 MB | 3.7/8.4 MB | 0.2/1.8 MB | 0.2/1.8 MB | 0.4/1.8 MBProgress (5): 0.3/1.8 MB | 3.7/8.4 MB | 0.2/1.8 MB | 0.2/1.8 MB | 0.4/1.8 MBProgress (5): 0.3/1.8 MB | 3.7/8.4 MB | 0.2/1.8 MB | 0.2/1.8 MB | 0.4/1.8 MBProgress (5): 0.3/1.8 MB | 3.7/8.4 MB | 0.2/1.8 MB | 0.2/1.8 MB | 0.4/1.8 MBProgress (5): 0.3/1.8 MB | 3.7/8.4 MB | 0.2/1.8 MB | 0.2/1.8 MB | 0.4/1.8 MBProgress (5): 0.3/1.8 MB | 3.7/8.4 MB | 0.2/1.8 MB | 0.2/1.8 MB | 0.4/1.8 MBProgress (5): 0.3/1.8 MB | 3.7/8.4 MB | 0.2/1.8 MB | 0.3/1.8 MB | 0.4/1.8 MBProgress (5): 0.3/1.8 MB | 3.7/8.4 MB | 0.2/1.8 MB | 0.3/1.8 MB | 0.4/1.8 MBProgress (5): 0.3/1.8 MB | 3.7/8.4 MB | 0.2/1.8 MB | 0.3/1.8 MB | 0.4/1.8 MBProgress (5): 0.3/1.8 MB | 3.7/8.4 MB | 0.2/1.8 MB | 0.3/1.8 MB | 0.4/1.8 MBProgress (5): 0.3/1.8 MB | 3.8/8.4 MB | 0.2/1.8 MB | 0.3/1.8 MB | 0.4/1.8 MBProgress (5): 0.3/1.8 MB | 3.8/8.4 MB | 0.2/1.8 MB | 0.3/1.8 MB | 0.4/1.8 MBProgress (5): 0.3/1.8 MB | 3.8/8.4 MB | 0.2/1.8 MB | 0.3/1.8 MB | 0.4/1.8 MBProgress (5): 0.3/1.8 MB | 3.8/8.4 MB | 0.2/1.8 MB | 0.3/1.8 MB | 0.4/1.8 MBProgress (5): 0.3/1.8 MB | 3.8/8.4 MB | 0.3/1.8 MB | 0.3/1.8 MB | 0.4/1.8 MBProgress (5): 0.3/1.8 MB | 3.8/8.4 MB | 0.3/1.8 MB | 0.3/1.8 MB | 0.4/1.8 MBProgress (5): 0.3/1.8 MB | 3.8/8.4 MB | 0.3/1.8 MB | 0.3/1.8 MB | 0.4/1.8 MBProgress (5): 0.3/1.8 MB | 3.8/8.4 MB | 0.3/1.8 MB | 0.3/1.8 MB | 0.4/1.8 MBProgress (5): 0.3/1.8 MB | 3.8/8.4 MB | 0.3/1.8 MB | 0.3/1.8 MB | 0.4/1.8 MBProgress (5): 0.3/1.8 MB | 3.9/8.4 MB | 0.3/1.8 MB | 0.3/1.8 MB | 0.4/1.8 MBProgress (5): 0.3/1.8 MB | 3.9/8.4 MB | 0.3/1.8 MB | 0.3/1.8 MB | 0.4/1.8 MBProgress (5): 0.3/1.8 MB | 3.9/8.4 MB | 0.3/1.8 MB | 0.3/1.8 MB | 0.4/1.8 MBProgress (5): 0.3/1.8 MB | 3.9/8.4 MB | 0.3/1.8 MB | 0.3/1.8 MB | 0.4/1.8 MBProgress (5): 0.3/1.8 MB | 3.9/8.4 MB | 0.3/1.8 MB | 0.3/1.8 MB | 0.4/1.8 MBProgress (5): 0.3/1.8 MB | 3.9/8.4 MB | 0.3/1.8 MB | 0.3/1.8 MB | 0.4/1.8 MBProgress (5): 0.3/1.8 MB | 3.9/8.4 MB | 0.3/1.8 MB | 0.3/1.8 MB | 0.4/1.8 MBProgress (5): 0.3/1.8 MB | 3.9/8.4 MB | 0.3/1.8 MB | 0.3/1.8 MB | 0.4/1.8 MBProgress (5): 0.3/1.8 MB | 4.0/8.4 MB | 0.3/1.8 MB | 0.3/1.8 MB | 0.4/1.8 MBProgress (5): 0.3/1.8 MB | 4.0/8.4 MB | 0.3/1.8 MB | 0.3/1.8 MB | 0.4/1.8 MBProgress (5): 0.3/1.8 MB | 4.0/8.4 MB | 0.3/1.8 MB | 0.3/1.8 MB | 0.4/1.8 MBProgress (5): 0.3/1.8 MB | 4.0/8.4 MB | 0.3/1.8 MB | 0.3/1.8 MB | 0.4/1.8 MBProgress (5): 0.3/1.8 MB | 4.0/8.4 MB | 0.3/1.8 MB | 0.3/1.8 MB | 0.5/1.8 MBProgress (5): 0.3/1.8 MB | 4.0/8.4 MB | 0.3/1.8 MB | 0.4/1.8 MB | 0.5/1.8 MBProgress (5): 0.3/1.8 MB | 4.0/8.4 MB | 0.3/1.8 MB | 0.4/1.8 MB | 0.5/1.8 MBProgress (5): 0.3/1.8 MB | 4.0/8.4 MB | 0.3/1.8 MB | 0.4/1.8 MB | 0.5/1.8 MBProgress (5): 0.3/1.8 MB | 4.0/8.4 MB | 0.3/1.8 MB | 0.4/1.8 MB | 0.5/1.8 MBProgress (5): 0.3/1.8 MB | 4.0/8.4 MB | 0.3/1.8 MB | 0.4/1.8 MB | 0.5/1.8 MBProgress (5): 0.3/1.8 MB | 4.0/8.4 MB | 0.3/1.8 MB | 0.4/1.8 MB | 0.5/1.8 MBProgress (5): 0.3/1.8 MB | 4.0/8.4 MB | 0.3/1.8 MB | 0.4/1.8 MB | 0.5/1.8 MBProgress (5): 0.3/1.8 MB | 4.0/8.4 MB | 0.3/1.8 MB | 0.4/1.8 MB | 0.5/1.8 MBProgress (5): 0.3/1.8 MB | 4.0/8.4 MB | 0.3/1.8 MB | 0.4/1.8 MB | 0.5/1.8 MBProgress (5): 0.4/1.8 MB | 4.0/8.4 MB | 0.3/1.8 MB | 0.4/1.8 MB | 0.5/1.8 MBProgress (5): 0.4/1.8 MB | 4.0/8.4 MB | 0.3/1.8 MB | 0.4/1.8 MB | 0.5/1.8 MBProgress (5): 0.4/1.8 MB | 4.0/8.4 MB | 0.3/1.8 MB | 0.4/1.8 MB | 0.5/1.8 MBProgress (5): 0.4/1.8 MB | 4.1/8.4 MB | 0.3/1.8 MB | 0.4/1.8 MB | 0.5/1.8 MBProgress (5): 0.4/1.8 MB | 4.1/8.4 MB | 0.3/1.8 MB | 0.4/1.8 MB | 0.5/1.8 MBProgress (5): 0.4/1.8 MB | 4.1/8.4 MB | 0.3/1.8 MB | 0.4/1.8 MB | 0.5/1.8 MBProgress (5): 0.4/1.8 MB | 4.1/8.4 MB | 0.3/1.8 MB | 0.4/1.8 MB | 0.5/1.8 MBProgress (5): 0.4/1.8 MB | 4.1/8.4 MB | 0.3/1.8 MB | 0.4/1.8 MB | 0.5/1.8 MBProgress (5): 0.4/1.8 MB | 4.1/8.4 MB | 0.3/1.8 MB | 0.4/1.8 MB | 0.5/1.8 MBProgress (5): 0.4/1.8 MB | 4.1/8.4 MB | 0.3/1.8 MB | 0.4/1.8 MB | 0.5/1.8 MBProgress (5): 0.4/1.8 MB | 4.1/8.4 MB | 0.4/1.8 MB | 0.4/1.8 MB | 0.5/1.8 MBProgress (5): 0.4/1.8 MB | 4.1/8.4 MB | 0.4/1.8 MB | 0.4/1.8 MB | 0.5/1.8 MBProgress (5): 0.4/1.8 MB | 4.1/8.4 MB | 0.4/1.8 MB | 0.4/1.8 MB | 0.5/1.8 MBProgress (5): 0.4/1.8 MB | 4.1/8.4 MB | 0.4/1.8 MB | 0.4/1.8 MB | 0.5/1.8 MBProgress (5): 0.4/1.8 MB | 4.1/8.4 MB | 0.4/1.8 MB | 0.4/1.8 MB | 0.5/1.8 MBProgress (5): 0.4/1.8 MB | 4.1/8.4 MB | 0.4/1.8 MB | 0.4/1.8 MB | 0.5/1.8 MBProgress (5): 0.4/1.8 MB | 4.1/8.4 MB | 0.4/1.8 MB | 0.4/1.8 MB | 0.5/1.8 MBProgress (5): 0.4/1.8 MB | 4.1/8.4 MB | 0.4/1.8 MB | 0.4/1.8 MB | 0.5/1.8 MBProgress (5): 0.4/1.8 MB | 4.1/8.4 MB | 0.4/1.8 MB | 0.4/1.8 MB | 0.5/1.8 MBProgress (5): 0.4/1.8 MB | 4.1/8.4 MB | 0.4/1.8 MB | 0.4/1.8 MB | 0.5/1.8 MBProgress (5): 0.4/1.8 MB | 4.1/8.4 MB | 0.4/1.8 MB | 0.4/1.8 MB | 0.5/1.8 MBProgress (5): 0.4/1.8 MB | 4.1/8.4 MB | 0.4/1.8 MB | 0.4/1.8 MB | 0.5/1.8 MBProgress (5): 0.4/1.8 MB | 4.1/8.4 MB | 0.4/1.8 MB | 0.4/1.8 MB | 0.5/1.8 MBProgress (5): 0.4/1.8 MB | 4.1/8.4 MB | 0.4/1.8 MB | 0.4/1.8 MB | 0.5/1.8 MBProgress (5): 0.4/1.8 MB | 4.1/8.4 MB | 0.4/1.8 MB | 0.4/1.8 MB | 0.5/1.8 MBProgress (5): 0.4/1.8 MB | 4.2/8.4 MB | 0.4/1.8 MB | 0.4/1.8 MB | 0.5/1.8 MBProgress (5): 0.4/1.8 MB | 4.2/8.4 MB | 0.4/1.8 MB | 0.4/1.8 MB | 0.5/1.8 MBProgress (5): 0.4/1.8 MB | 4.2/8.4 MB | 0.4/1.8 MB | 0.4/1.8 MB | 0.5/1.8 MBProgress (5): 0.4/1.8 MB | 4.2/8.4 MB | 0.4/1.8 MB | 0.4/1.8 MB | 0.5/1.8 MBProgress (5): 0.4/1.8 MB | 4.2/8.4 MB | 0.4/1.8 MB | 0.4/1.8 MB | 0.5/1.8 MBProgress (5): 0.4/1.8 MB | 4.2/8.4 MB | 0.4/1.8 MB | 0.4/1.8 MB | 0.5/1.8 MBProgress (5): 0.4/1.8 MB | 4.2/8.4 MB | 0.4/1.8 MB | 0.4/1.8 MB | 0.5/1.8 MBProgress (5): 0.4/1.8 MB | 4.2/8.4 MB | 0.4/1.8 MB | 0.4/1.8 MB | 0.5/1.8 MBProgress (5): 0.4/1.8 MB | 4.3/8.4 MB | 0.4/1.8 MB | 0.4/1.8 MB | 0.5/1.8 MBProgress (5): 0.4/1.8 MB | 4.3/8.4 MB | 0.4/1.8 MB | 0.4/1.8 MB | 0.5/1.8 MBProgress (5): 0.4/1.8 MB | 4.3/8.4 MB | 0.4/1.8 MB | 0.4/1.8 MB | 0.5/1.8 MBProgress (5): 0.4/1.8 MB | 4.3/8.4 MB | 0.4/1.8 MB | 0.4/1.8 MB | 0.5/1.8 MBProgress (5): 0.4/1.8 MB | 4.3/8.4 MB | 0.4/1.8 MB | 0.4/1.8 MB | 0.5/1.8 MBProgress (5): 0.4/1.8 MB | 4.3/8.4 MB | 0.4/1.8 MB | 0.4/1.8 MB | 0.5/1.8 MBProgress (5): 0.4/1.8 MB | 4.4/8.4 MB | 0.4/1.8 MB | 0.4/1.8 MB | 0.5/1.8 MBProgress (5): 0.4/1.8 MB | 4.4/8.4 MB | 0.4/1.8 MB | 0.4/1.8 MB | 0.5/1.8 MBProgress (5): 0.4/1.8 MB | 4.4/8.4 MB | 0.4/1.8 MB | 0.4/1.8 MB | 0.5/1.8 MBProgress (5): 0.4/1.8 MB | 4.4/8.4 MB | 0.4/1.8 MB | 0.4/1.8 MB | 0.5/1.8 MBProgress (5): 0.4/1.8 MB | 4.4/8.4 MB | 0.4/1.8 MB | 0.4/1.8 MB | 0.5/1.8 MBProgress (5): 0.4/1.8 MB | 4.4/8.4 MB | 0.4/1.8 MB | 0.4/1.8 MB | 0.5/1.8 MBProgress (5): 0.4/1.8 MB | 4.5/8.4 MB | 0.4/1.8 MB | 0.4/1.8 MB | 0.5/1.8 MBProgress (5): 0.4/1.8 MB | 4.5/8.4 MB | 0.4/1.8 MB | 0.4/1.8 MB | 0.5/1.8 MBProgress (5): 0.4/1.8 MB | 4.5/8.4 MB | 0.4/1.8 MB | 0.4/1.8 MB | 0.5/1.8 MBProgress (5): 0.4/1.8 MB | 4.5/8.4 MB | 0.4/1.8 MB | 0.4/1.8 MB | 0.5/1.8 MBProgress (5): 0.4/1.8 MB | 4.5/8.4 MB | 0.4/1.8 MB | 0.4/1.8 MB | 0.5/1.8 MBProgress (5): 0.4/1.8 MB | 4.5/8.4 MB | 0.4/1.8 MB | 0.4/1.8 MB | 0.5/1.8 MBProgress (5): 0.4/1.8 MB | 4.6/8.4 MB | 0.4/1.8 MB | 0.4/1.8 MB | 0.5/1.8 MBProgress (5): 0.4/1.8 MB | 4.6/8.4 MB | 0.4/1.8 MB | 0.4/1.8 MB | 0.5/1.8 MBProgress (5): 0.4/1.8 MB | 4.6/8.4 MB | 0.4/1.8 MB | 0.4/1.8 MB | 0.5/1.8 MBProgress (5): 0.4/1.8 MB | 4.6/8.4 MB | 0.4/1.8 MB | 0.4/1.8 MB | 0.5/1.8 MBProgress (5): 0.4/1.8 MB | 4.6/8.4 MB | 0.4/1.8 MB | 0.4/1.8 MB | 0.5/1.8 MBProgress (5): 0.4/1.8 MB | 4.6/8.4 MB | 0.4/1.8 MB | 0.4/1.8 MB | 0.5/1.8 MBProgress (5): 0.4/1.8 MB | 4.7/8.4 MB | 0.4/1.8 MB | 0.4/1.8 MB | 0.5/1.8 MBProgress (5): 0.4/1.8 MB | 4.7/8.4 MB | 0.4/1.8 MB | 0.4/1.8 MB | 0.5/1.8 MBProgress (5): 0.4/1.8 MB | 4.7/8.4 MB | 0.4/1.8 MB | 0.4/1.8 MB | 0.5/1.8 MBProgress (5): 0.4/1.8 MB | 4.7/8.4 MB | 0.4/1.8 MB | 0.4/1.8 MB | 0.5/1.8 MBProgress (5): 0.4/1.8 MB | 4.7/8.4 MB | 0.4/1.8 MB | 0.4/1.8 MB | 0.5/1.8 MBProgress (5): 0.4/1.8 MB | 4.7/8.4 MB | 0.4/1.8 MB | 0.4/1.8 MB | 0.5/1.8 MBProgress (5): 0.4/1.8 MB | 4.8/8.4 MB | 0.4/1.8 MB | 0.4/1.8 MB | 0.5/1.8 MBProgress (5): 0.4/1.8 MB | 4.8/8.4 MB | 0.4/1.8 MB | 0.4/1.8 MB | 0.5/1.8 MBProgress (5): 0.4/1.8 MB | 4.8/8.4 MB | 0.4/1.8 MB | 0.4/1.8 MB | 0.5/1.8 MBProgress (5): 0.4/1.8 MB | 4.8/8.4 MB | 0.4/1.8 MB | 0.4/1.8 MB | 0.5/1.8 MBProgress (5): 0.4/1.8 MB | 4.8/8.4 MB | 0.4/1.8 MB | 0.4/1.8 MB | 0.5/1.8 MBProgress (5): 0.4/1.8 MB | 4.8/8.4 MB | 0.4/1.8 MB | 0.4/1.8 MB | 0.5/1.8 MBProgress (5): 0.4/1.8 MB | 4.8/8.4 MB | 0.4/1.8 MB | 0.4/1.8 MB | 0.5/1.8 MBProgress (5): 0.4/1.8 MB | 4.8/8.4 MB | 0.4/1.8 MB | 0.4/1.8 MB | 0.6/1.8 MBProgress (5): 0.4/1.8 MB | 4.8/8.4 MB | 0.4/1.8 MB | 0.4/1.8 MB | 0.6/1.8 MBProgress (5): 0.4/1.8 MB | 4.8/8.4 MB | 0.4/1.8 MB | 0.4/1.8 MB | 0.6/1.8 MBProgress (5): 0.4/1.8 MB | 4.8/8.4 MB | 0.4/1.8 MB | 0.4/1.8 MB | 0.6/1.8 MBProgress (5): 0.4/1.8 MB | 4.8/8.4 MB | 0.4/1.8 MB | 0.5/1.8 MB | 0.6/1.8 MBProgress (5): 0.4/1.8 MB | 4.8/8.4 MB | 0.4/1.8 MB | 0.5/1.8 MB | 0.6/1.8 MBProgress (5): 0.4/1.8 MB | 4.8/8.4 MB | 0.5/1.8 MB | 0.5/1.8 MB | 0.6/1.8 MBProgress (5): 0.4/1.8 MB | 4.9/8.4 MB | 0.5/1.8 MB | 0.5/1.8 MB | 0.6/1.8 MBProgress (5): 0.4/1.8 MB | 4.9/8.4 MB | 0.5/1.8 MB | 0.5/1.8 MB | 0.6/1.8 MBProgress (5): 0.4/1.8 MB | 4.9/8.4 MB | 0.5/1.8 MB | 0.5/1.8 MB | 0.6/1.8 MBProgress (5): 0.4/1.8 MB | 4.9/8.4 MB | 0.5/1.8 MB | 0.5/1.8 MB | 0.6/1.8 MBProgress (5): 0.4/1.8 MB | 4.9/8.4 MB | 0.5/1.8 MB | 0.5/1.8 MB | 0.6/1.8 MBProgress (5): 0.4/1.8 MB | 4.9/8.4 MB | 0.5/1.8 MB | 0.5/1.8 MB | 0.6/1.8 MBProgress (5): 0.4/1.8 MB | 4.9/8.4 MB | 0.5/1.8 MB | 0.5/1.8 MB | 0.6/1.8 MBProgress (5): 0.4/1.8 MB | 4.9/8.4 MB | 0.5/1.8 MB | 0.5/1.8 MB | 0.6/1.8 MBProgress (5): 0.4/1.8 MB | 4.9/8.4 MB | 0.5/1.8 MB | 0.5/1.8 MB | 0.6/1.8 MBProgress (5): 0.4/1.8 MB | 5.0/8.4 MB | 0.5/1.8 MB | 0.5/1.8 MB | 0.6/1.8 MBProgress (5): 0.4/1.8 MB | 5.0/8.4 MB | 0.5/1.8 MB | 0.5/1.8 MB | 0.6/1.8 MBProgress (5): 0.4/1.8 MB | 5.0/8.4 MB | 0.5/1.8 MB | 0.5/1.8 MB | 0.6/1.8 MBProgress (5): 0.4/1.8 MB | 5.0/8.4 MB | 0.5/1.8 MB | 0.5/1.8 MB | 0.6/1.8 MBProgress (5): 0.4/1.8 MB | 5.0/8.4 MB | 0.5/1.8 MB | 0.5/1.8 MB | 0.6/1.8 MBProgress (5): 0.4/1.8 MB | 5.0/8.4 MB | 0.5/1.8 MB | 0.5/1.8 MB | 0.6/1.8 MBProgress (5): 0.4/1.8 MB | 5.0/8.4 MB | 0.5/1.8 MB | 0.5/1.8 MB | 0.6/1.8 MBProgress (5): 0.4/1.8 MB | 5.0/8.4 MB | 0.5/1.8 MB | 0.5/1.8 MB | 0.6/1.8 MBProgress (5): 0.4/1.8 MB | 5.0/8.4 MB | 0.5/1.8 MB | 0.5/1.8 MB | 0.6/1.8 MBProgress (5): 0.4/1.8 MB | 5.0/8.4 MB | 0.5/1.8 MB | 0.6/1.8 MB | 0.6/1.8 MBProgress (5): 0.4/1.8 MB | 5.0/8.4 MB | 0.5/1.8 MB | 0.6/1.8 MB | 0.6/1.8 MBProgress (5): 0.4/1.8 MB | 5.0/8.4 MB | 0.5/1.8 MB | 0.6/1.8 MB | 0.6/1.8 MBProgress (5): 0.4/1.8 MB | 5.0/8.4 MB | 0.5/1.8 MB | 0.6/1.8 MB | 0.6/1.8 MBProgress (5): 0.4/1.8 MB | 5.0/8.4 MB | 0.5/1.8 MB | 0.6/1.8 MB | 0.6/1.8 MBProgress (5): 0.4/1.8 MB | 5.1/8.4 MB | 0.5/1.8 MB | 0.6/1.8 MB | 0.6/1.8 MBProgress (5): 0.4/1.8 MB | 5.1/8.4 MB | 0.5/1.8 MB | 0.6/1.8 MB | 0.6/1.8 MBProgress (5): 0.4/1.8 MB | 5.1/8.4 MB | 0.5/1.8 MB | 0.6/1.8 MB | 0.6/1.8 MBProgress (5): 0.4/1.8 MB | 5.1/8.4 MB | 0.5/1.8 MB | 0.6/1.8 MB | 0.6/1.8 MBProgress (5): 0.4/1.8 MB | 5.1/8.4 MB | 0.5/1.8 MB | 0.6/1.8 MB | 0.6/1.8 MBProgress (5): 0.4/1.8 MB | 5.1/8.4 MB | 0.5/1.8 MB | 0.7/1.8 MB | 0.6/1.8 MBProgress (5): 0.4/1.8 MB | 5.1/8.4 MB | 0.5/1.8 MB | 0.7/1.8 MB | 0.6/1.8 MBProgress (5): 0.4/1.8 MB | 5.1/8.4 MB | 0.5/1.8 MB | 0.7/1.8 MB | 0.6/1.8 MBProgress (5): 0.4/1.8 MB | 5.1/8.4 MB | 0.5/1.8 MB | 0.7/1.8 MB | 0.6/1.8 MBProgress (5): 0.4/1.8 MB | 5.1/8.4 MB | 0.5/1.8 MB | 0.7/1.8 MB | 0.6/1.8 MBProgress (5): 0.4/1.8 MB | 5.1/8.4 MB | 0.5/1.8 MB | 0.7/1.8 MB | 0.6/1.8 MBProgress (5): 0.4/1.8 MB | 5.1/8.4 MB | 0.5/1.8 MB | 0.7/1.8 MB | 0.6/1.8 MBProgress (5): 0.4/1.8 MB | 5.1/8.4 MB | 0.5/1.8 MB | 0.7/1.8 MB | 0.6/1.8 MBProgress (5): 0.4/1.8 MB | 5.1/8.4 MB | 0.5/1.8 MB | 0.7/1.8 MB | 0.6/1.8 MBProgress (5): 0.5/1.8 MB | 5.1/8.4 MB | 0.5/1.8 MB | 0.7/1.8 MB | 0.6/1.8 MBProgress (5): 0.5/1.8 MB | 5.1/8.4 MB | 0.5/1.8 MB | 0.7/1.8 MB | 0.6/1.8 MBProgress (5): 0.5/1.8 MB | 5.1/8.4 MB | 0.5/1.8 MB | 0.7/1.8 MB | 0.6/1.8 MBProgress (5): 0.5/1.8 MB | 5.1/8.4 MB | 0.5/1.8 MB | 0.7/1.8 MB | 0.6/1.8 MBProgress (5): 0.5/1.8 MB | 5.1/8.4 MB | 0.5/1.8 MB | 0.7/1.8 MB | 0.6/1.8 MBProgress (5): 0.5/1.8 MB | 5.1/8.4 MB | 0.5/1.8 MB | 0.7/1.8 MB | 0.6/1.8 MBProgress (5): 0.5/1.8 MB | 5.1/8.4 MB | 0.6/1.8 MB | 0.7/1.8 MB | 0.6/1.8 MBProgress (5): 0.5/1.8 MB | 5.1/8.4 MB | 0.6/1.8 MB | 0.7/1.8 MB | 0.6/1.8 MBProgress (5): 0.5/1.8 MB | 5.1/8.4 MB | 0.6/1.8 MB | 0.7/1.8 MB | 0.6/1.8 MBProgress (5): 0.5/1.8 MB | 5.1/8.4 MB | 0.6/1.8 MB | 0.7/1.8 MB | 0.6/1.8 MBProgress (5): 0.5/1.8 MB | 5.1/8.4 MB | 0.6/1.8 MB | 0.7/1.8 MB | 0.6/1.8 MBProgress (5): 0.5/1.8 MB | 5.1/8.4 MB | 0.6/1.8 MB | 0.7/1.8 MB | 0.6/1.8 MBProgress (5): 0.5/1.8 MB | 5.1/8.4 MB | 0.6/1.8 MB | 0.7/1.8 MB | 0.6/1.8 MBProgress (5): 0.6/1.8 MB | 5.1/8.4 MB | 0.6/1.8 MB | 0.7/1.8 MB | 0.6/1.8 MBProgress (5): 0.6/1.8 MB | 5.1/8.4 MB | 0.6/1.8 MB | 0.7/1.8 MB | 0.6/1.8 MBProgress (5): 0.6/1.8 MB | 5.1/8.4 MB | 0.6/1.8 MB | 0.7/1.8 MB | 0.6/1.8 MBProgress (5): 0.6/1.8 MB | 5.2/8.4 MB | 0.6/1.8 MB | 0.7/1.8 MB | 0.6/1.8 MBProgress (5): 0.6/1.8 MB | 5.2/8.4 MB | 0.6/1.8 MB | 0.7/1.8 MB | 0.6/1.8 MBProgress (5): 0.6/1.8 MB | 5.2/8.4 MB | 0.6/1.8 MB | 0.7/1.8 MB | 0.6/1.8 MBProgress (5): 0.6/1.8 MB | 5.2/8.4 MB | 0.6/1.8 MB | 0.7/1.8 MB | 0.6/1.8 MBProgress (5): 0.6/1.8 MB | 5.2/8.4 MB | 0.7/1.8 MB | 0.7/1.8 MB | 0.6/1.8 MBProgress (5): 0.6/1.8 MB | 5.2/8.4 MB | 0.7/1.8 MB | 0.7/1.8 MB | 0.6/1.8 MBProgress (5): 0.6/1.8 MB | 5.2/8.4 MB | 0.7/1.8 MB | 0.7/1.8 MB | 0.6/1.8 MBProgress (5): 0.6/1.8 MB | 5.2/8.4 MB | 0.7/1.8 MB | 0.7/1.8 MB | 0.6/1.8 MBProgress (5): 0.6/1.8 MB | 5.2/8.4 MB | 0.7/1.8 MB | 0.7/1.8 MB | 0.6/1.8 MBProgress (5): 0.6/1.8 MB | 5.2/8.4 MB | 0.7/1.8 MB | 0.7/1.8 MB | 0.6/1.8 MBProgress (5): 0.6/1.8 MB | 5.2/8.4 MB | 0.8/1.8 MB | 0.7/1.8 MB | 0.6/1.8 MBProgress (5): 0.6/1.8 MB | 5.2/8.4 MB | 0.8/1.8 MB | 0.7/1.8 MB | 0.6/1.8 MBProgress (5): 0.6/1.8 MB | 5.2/8.4 MB | 0.8/1.8 MB | 0.7/1.8 MB | 0.6/1.8 MBProgress (5): 0.6/1.8 MB | 5.2/8.4 MB | 0.8/1.8 MB | 0.7/1.8 MB | 0.6/1.8 MBProgress (5): 0.6/1.8 MB | 5.2/8.4 MB | 0.8/1.8 MB | 0.7/1.8 MB | 0.6/1.8 MBProgress (5): 0.6/1.8 MB | 5.2/8.4 MB | 0.8/1.8 MB | 0.7/1.8 MB | 0.6/1.8 MBProgress (5): 0.6/1.8 MB | 5.2/8.4 MB | 0.9/1.8 MB | 0.7/1.8 MB | 0.6/1.8 MBProgress (5): 0.6/1.8 MB | 5.2/8.4 MB | 0.9/1.8 MB | 0.7/1.8 MB | 0.6/1.8 MBProgress (5): 0.6/1.8 MB | 5.2/8.4 MB | 0.9/1.8 MB | 0.7/1.8 MB | 0.6/1.8 MBProgress (5): 0.6/1.8 MB | 5.2/8.4 MB | 0.9/1.8 MB | 0.7/1.8 MB | 0.6/1.8 MBProgress (5): 0.6/1.8 MB | 5.2/8.4 MB | 0.9/1.8 MB | 0.7/1.8 MB | 0.6/1.8 MBProgress (5): 0.6/1.8 MB | 5.2/8.4 MB | 0.9/1.8 MB | 0.7/1.8 MB | 0.6/1.8 MBProgress (5): 0.6/1.8 MB | 5.2/8.4 MB | 0.9/1.8 MB | 0.7/1.8 MB | 0.6/1.8 MBProgress (5): 0.6/1.8 MB | 5.2/8.4 MB | 0.9/1.8 MB | 0.7/1.8 MB | 0.6/1.8 MBProgress (5): 0.6/1.8 MB | 5.2/8.4 MB | 0.9/1.8 MB | 0.7/1.8 MB | 0.6/1.8 MBProgress (5): 0.6/1.8 MB | 5.2/8.4 MB | 0.9/1.8 MB | 0.7/1.8 MB | 0.6/1.8 MBProgress (5): 0.6/1.8 MB | 5.3/8.4 MB | 0.9/1.8 MB | 0.7/1.8 MB | 0.6/1.8 MBProgress (5): 0.6/1.8 MB | 5.3/8.4 MB | 0.9/1.8 MB | 0.7/1.8 MB | 0.6/1.8 MBProgress (5): 0.6/1.8 MB | 5.3/8.4 MB | 0.9/1.8 MB | 0.7/1.8 MB | 0.6/1.8 MBProgress (5): 0.6/1.8 MB | 5.3/8.4 MB | 0.9/1.8 MB | 0.7/1.8 MB | 0.7/1.8 MBProgress (5): 0.6/1.8 MB | 5.3/8.4 MB | 0.9/1.8 MB | 0.7/1.8 MB | 0.7/1.8 MBProgress (5): 0.7/1.8 MB | 5.3/8.4 MB | 0.9/1.8 MB | 0.7/1.8 MB | 0.7/1.8 MBProgress (5): 0.7/1.8 MB | 5.3/8.4 MB | 0.9/1.8 MB | 0.7/1.8 MB | 0.7/1.8 MBProgress (5): 0.7/1.8 MB | 5.3/8.4 MB | 0.9/1.8 MB | 0.7/1.8 MB | 0.7/1.8 MBProgress (5): 0.7/1.8 MB | 5.3/8.4 MB | 0.9/1.8 MB | 0.7/1.8 MB | 0.7/1.8 MBProgress (5): 0.7/1.8 MB | 5.3/8.4 MB | 0.9/1.8 MB | 0.7/1.8 MB | 0.7/1.8 MBProgress (5): 0.7/1.8 MB | 5.3/8.4 MB | 0.9/1.8 MB | 0.7/1.8 MB | 0.7/1.8 MBProgress (5): 0.7/1.8 MB | 5.3/8.4 MB | 0.9/1.8 MB | 0.7/1.8 MB | 0.7/1.8 MBProgress (5): 0.7/1.8 MB | 5.3/8.4 MB | 0.9/1.8 MB | 0.7/1.8 MB | 0.7/1.8 MBProgress (5): 0.7/1.8 MB | 5.3/8.4 MB | 0.9/1.8 MB | 0.7/1.8 MB | 0.7/1.8 MBProgress (5): 0.7/1.8 MB | 5.4/8.4 MB | 0.9/1.8 MB | 0.7/1.8 MB | 0.7/1.8 MBProgress (5): 0.7/1.8 MB | 5.4/8.4 MB | 0.9/1.8 MB | 0.7/1.8 MB | 0.7/1.8 MBProgress (5): 0.7/1.8 MB | 5.4/8.4 MB | 0.9/1.8 MB | 0.7/1.8 MB | 0.7/1.8 MBProgress (5): 0.7/1.8 MB | 5.4/8.4 MB | 0.9/1.8 MB | 0.7/1.8 MB | 0.7/1.8 MBProgress (5): 0.7/1.8 MB | 5.4/8.4 MB | 0.9/1.8 MB | 0.7/1.8 MB | 0.7/1.8 MBProgress (5): 0.7/1.8 MB | 5.4/8.4 MB | 0.9/1.8 MB | 0.7/1.8 MB | 0.7/1.8 MBProgress (5): 0.7/1.8 MB | 5.5/8.4 MB | 0.9/1.8 MB | 0.7/1.8 MB | 0.7/1.8 MBProgress (5): 0.7/1.8 MB | 5.5/8.4 MB | 0.9/1.8 MB | 0.7/1.8 MB | 0.7/1.8 MBProgress (5): 0.7/1.8 MB | 5.5/8.4 MB | 0.9/1.8 MB | 0.7/1.8 MB | 0.7/1.8 MBProgress (5): 0.7/1.8 MB | 5.5/8.4 MB | 0.9/1.8 MB | 0.7/1.8 MB | 0.7/1.8 MBProgress (5): 0.7/1.8 MB | 5.5/8.4 MB | 0.9/1.8 MB | 0.7/1.8 MB | 0.7/1.8 MBProgress (5): 0.7/1.8 MB | 5.5/8.4 MB | 0.9/1.8 MB | 0.7/1.8 MB | 0.7/1.8 MBProgress (5): 0.7/1.8 MB | 5.6/8.4 MB | 0.9/1.8 MB | 0.7/1.8 MB | 0.7/1.8 MBProgress (5): 0.7/1.8 MB | 5.6/8.4 MB | 0.9/1.8 MB | 0.7/1.8 MB | 0.7/1.8 MBProgress (5): 0.7/1.8 MB | 5.6/8.4 MB | 0.9/1.8 MB | 0.7/1.8 MB | 0.7/1.8 MBProgress (5): 0.7/1.8 MB | 5.6/8.4 MB | 0.9/1.8 MB | 0.7/1.8 MB | 0.7/1.8 MBProgress (5): 0.7/1.8 MB | 5.6/8.4 MB | 0.9/1.8 MB | 0.7/1.8 MB | 0.7/1.8 MBProgress (5): 0.7/1.8 MB | 5.6/8.4 MB | 0.9/1.8 MB | 0.7/1.8 MB | 0.7/1.8 MBProgress (5): 0.7/1.8 MB | 5.6/8.4 MB | 0.9/1.8 MB | 0.7/1.8 MB | 0.7/1.8 MBProgress (5): 0.7/1.8 MB | 5.7/8.4 MB | 0.9/1.8 MB | 0.7/1.8 MB | 0.7/1.8 MBProgress (5): 0.7/1.8 MB | 5.7/8.4 MB | 0.9/1.8 MB | 0.7/1.8 MB | 0.7/1.8 MBProgress (5): 0.7/1.8 MB | 5.7/8.4 MB | 0.9/1.8 MB | 0.7/1.8 MB | 0.7/1.8 MBProgress (5): 0.7/1.8 MB | 5.7/8.4 MB | 0.9/1.8 MB | 0.7/1.8 MB | 0.7/1.8 MBProgress (5): 0.7/1.8 MB | 5.7/8.4 MB | 0.9/1.8 MB | 0.7/1.8 MB | 0.7/1.8 MBProgress (5): 0.7/1.8 MB | 5.7/8.4 MB | 0.9/1.8 MB | 0.7/1.8 MB | 0.7/1.8 MBProgress (5): 0.7/1.8 MB | 5.7/8.4 MB | 0.9/1.8 MB | 0.7/1.8 MB | 0.7/1.8 MBProgress (5): 0.7/1.8 MB | 5.7/8.4 MB | 0.9/1.8 MB | 0.7/1.8 MB | 0.7/1.8 MBProgress (5): 0.7/1.8 MB | 5.8/8.4 MB | 0.9/1.8 MB | 0.7/1.8 MB | 0.7/1.8 MBProgress (5): 0.7/1.8 MB | 5.8/8.4 MB | 0.9/1.8 MB | 0.7/1.8 MB | 0.7/1.8 MBProgress (5): 0.7/1.8 MB | 5.8/8.4 MB | 0.9/1.8 MB | 0.7/1.8 MB | 0.7/1.8 MBProgress (5): 0.7/1.8 MB | 5.8/8.4 MB | 0.9/1.8 MB | 0.7/1.8 MB | 0.7/1.8 MBProgress (5): 0.7/1.8 MB | 5.8/8.4 MB | 0.9/1.8 MB | 0.7/1.8 MB | 0.7/1.8 MBProgress (5): 0.7/1.8 MB | 5.8/8.4 MB | 0.9/1.8 MB | 0.7/1.8 MB | 0.7/1.8 MBProgress (5): 0.7/1.8 MB | 5.8/8.4 MB | 0.9/1.8 MB | 0.8/1.8 MB | 0.7/1.8 MBProgress (5): 0.7/1.8 MB | 5.9/8.4 MB | 0.9/1.8 MB | 0.8/1.8 MB | 0.7/1.8 MBProgress (5): 0.7/1.8 MB | 5.9/8.4 MB | 0.9/1.8 MB | 0.8/1.8 MB | 0.7/1.8 MBProgress (5): 0.7/1.8 MB | 5.9/8.4 MB | 0.9/1.8 MB | 0.8/1.8 MB | 0.7/1.8 MBProgress (5): 0.7/1.8 MB | 5.9/8.4 MB | 0.9/1.8 MB | 0.8/1.8 MB | 0.7/1.8 MBProgress (5): 0.7/1.8 MB | 5.9/8.4 MB | 0.9/1.8 MB | 0.8/1.8 MB | 0.7/1.8 MBProgress (5): 0.7/1.8 MB | 5.9/8.4 MB | 0.9/1.8 MB | 0.8/1.8 MB | 0.7/1.8 MBProgress (5): 0.7/1.8 MB | 5.9/8.4 MB | 0.9/1.8 MB | 0.8/1.8 MB | 0.7/1.8 MBProgress (5): 0.7/1.8 MB | 5.9/8.4 MB | 0.9/1.8 MB | 0.8/1.8 MB | 0.7/1.8 MBProgress (5): 0.7/1.8 MB | 5.9/8.4 MB | 0.9/1.8 MB | 0.8/1.8 MB | 0.7/1.8 MBProgress (5): 0.7/1.8 MB | 5.9/8.4 MB | 0.9/1.8 MB | 0.8/1.8 MB | 0.7/1.8 MBProgress (5): 0.7/1.8 MB | 6.0/8.4 MB | 0.9/1.8 MB | 0.8/1.8 MB | 0.7/1.8 MBProgress (5): 0.7/1.8 MB | 6.0/8.4 MB | 0.9/1.8 MB | 0.8/1.8 MB | 0.7/1.8 MBProgress (5): 0.7/1.8 MB | 6.0/8.4 MB | 0.9/1.8 MB | 0.8/1.8 MB | 0.7/1.8 MBProgress (5): 0.7/1.8 MB | 6.0/8.4 MB | 0.9/1.8 MB | 0.8/1.8 MB | 0.7/1.8 MBProgress (5): 0.7/1.8 MB | 6.0/8.4 MB | 0.9/1.8 MB | 0.9/1.8 MB | 0.7/1.8 MBProgress (5): 0.7/1.8 MB | 6.0/8.4 MB | 0.9/1.8 MB | 0.9/1.8 MB | 0.7/1.8 MBProgress (5): 0.7/1.8 MB | 6.0/8.4 MB | 0.9/1.8 MB | 0.9/1.8 MB | 0.7/1.8 MBProgress (5): 0.7/1.8 MB | 6.0/8.4 MB | 0.9/1.8 MB | 0.9/1.8 MB | 0.7/1.8 MBProgress (5): 0.7/1.8 MB | 6.0/8.4 MB | 0.9/1.8 MB | 0.9/1.8 MB | 0.7/1.8 MBProgress (5): 0.7/1.8 MB | 6.0/8.4 MB | 0.9/1.8 MB | 0.9/1.8 MB | 0.7/1.8 MBProgress (5): 0.7/1.8 MB | 6.0/8.4 MB | 0.9/1.8 MB | 0.9/1.8 MB | 0.7/1.8 MBProgress (5): 0.7/1.8 MB | 6.0/8.4 MB | 0.9/1.8 MB | 0.9/1.8 MB | 0.7/1.8 MBProgress (5): 0.7/1.8 MB | 6.0/8.4 MB | 0.9/1.8 MB | 0.9/1.8 MB | 0.7/1.8 MBProgress (5): 0.7/1.8 MB | 6.0/8.4 MB | 0.9/1.8 MB | 0.9/1.8 MB | 0.7/1.8 MBProgress (5): 0.7/1.8 MB | 6.0/8.4 MB | 0.9/1.8 MB | 0.9/1.8 MB | 0.7/1.8 MBProgress (5): 0.7/1.8 MB | 6.0/8.4 MB | 0.9/1.8 MB | 0.9/1.8 MB | 0.7/1.8 MBProgress (5): 0.7/1.8 MB | 6.0/8.4 MB | 0.9/1.8 MB | 0.9/1.8 MB | 0.7/1.8 MBProgress (5): 0.7/1.8 MB | 6.0/8.4 MB | 0.9/1.8 MB | 0.9/1.8 MB | 0.7/1.8 MBProgress (5): 0.7/1.8 MB | 6.0/8.4 MB | 0.9/1.8 MB | 0.9/1.8 MB | 0.7/1.8 MBProgress (5): 0.7/1.8 MB | 6.0/8.4 MB | 0.9/1.8 MB | 0.9/1.8 MB | 0.7/1.8 MBProgress (5): 0.7/1.8 MB | 6.1/8.4 MB | 0.9/1.8 MB | 0.9/1.8 MB | 0.7/1.8 MBProgress (5): 0.7/1.8 MB | 6.1/8.4 MB | 0.9/1.8 MB | 0.9/1.8 MB | 0.7/1.8 MBProgress (5): 0.7/1.8 MB | 6.1/8.4 MB | 0.9/1.8 MB | 1.0/1.8 MB | 0.7/1.8 MBProgress (5): 0.7/1.8 MB | 6.1/8.4 MB | 0.9/1.8 MB | 1.0/1.8 MB | 0.7/1.8 MBProgress (5): 0.7/1.8 MB | 6.1/8.4 MB | 0.9/1.8 MB | 1.0/1.8 MB | 0.7/1.8 MBProgress (5): 0.7/1.8 MB | 6.1/8.4 MB | 0.9/1.8 MB | 1.0/1.8 MB | 0.7/1.8 MBProgress (5): 0.7/1.8 MB | 6.1/8.4 MB | 0.9/1.8 MB | 1.0/1.8 MB | 0.7/1.8 MBProgress (5): 0.7/1.8 MB | 6.1/8.4 MB | 0.9/1.8 MB | 1.0/1.8 MB | 0.7/1.8 MBProgress (5): 0.7/1.8 MB | 6.1/8.4 MB | 0.9/1.8 MB | 1.0/1.8 MB | 0.7/1.8 MBProgress (5): 0.7/1.8 MB | 6.2/8.4 MB | 0.9/1.8 MB | 1.0/1.8 MB | 0.7/1.8 MBProgress (5): 0.7/1.8 MB | 6.2/8.4 MB | 0.9/1.8 MB | 1.0/1.8 MB | 0.7/1.8 MBProgress (5): 0.7/1.8 MB | 6.2/8.4 MB | 0.9/1.8 MB | 1.0/1.8 MB | 0.7/1.8 MBProgress (5): 0.7/1.8 MB | 6.2/8.4 MB | 0.9/1.8 MB | 1.0/1.8 MB | 0.7/1.8 MBProgress (5): 0.7/1.8 MB | 6.2/8.4 MB | 0.9/1.8 MB | 1.0/1.8 MB | 0.7/1.8 MBProgress (5): 0.7/1.8 MB | 6.2/8.4 MB | 0.9/1.8 MB | 1.0/1.8 MB | 0.7/1.8 MBProgress (5): 0.7/1.8 MB | 6.2/8.4 MB | 0.9/1.8 MB | 1.1/1.8 MB | 0.7/1.8 MBProgress (5): 0.7/1.8 MB | 6.2/8.4 MB | 0.9/1.8 MB | 1.1/1.8 MB | 0.7/1.8 MBProgress (5): 0.7/1.8 MB | 6.2/8.4 MB | 0.9/1.8 MB | 1.1/1.8 MB | 0.7/1.8 MBProgress (5): 0.7/1.8 MB | 6.2/8.4 MB | 0.9/1.8 MB | 1.1/1.8 MB | 0.7/1.8 MBProgress (5): 0.7/1.8 MB | 6.2/8.4 MB | 0.9/1.8 MB | 1.1/1.8 MB | 0.7/1.8 MBProgress (5): 0.7/1.8 MB | 6.2/8.4 MB | 0.9/1.8 MB | 1.1/1.8 MB | 0.7/1.8 MBProgress (5): 0.7/1.8 MB | 6.2/8.4 MB | 0.9/1.8 MB | 1.1/1.8 MB | 0.7/1.8 MBProgress (5): 0.7/1.8 MB | 6.2/8.4 MB | 0.9/1.8 MB | 1.1/1.8 MB | 0.7/1.8 MBProgress (5): 0.7/1.8 MB | 6.2/8.4 MB | 0.9/1.8 MB | 1.1/1.8 MB | 0.7/1.8 MBProgress (5): 0.7/1.8 MB | 6.2/8.4 MB | 1.0/1.8 MB | 1.1/1.8 MB | 0.7/1.8 MBProgress (5): 0.7/1.8 MB | 6.2/8.4 MB | 1.0/1.8 MB | 1.1/1.8 MB | 0.7/1.8 MBProgress (5): 0.7/1.8 MB | 6.2/8.4 MB | 1.0/1.8 MB | 1.1/1.8 MB | 0.7/1.8 MBProgress (5): 0.7/1.8 MB | 6.2/8.4 MB | 1.0/1.8 MB | 1.1/1.8 MB | 0.7/1.8 MBProgress (5): 0.7/1.8 MB | 6.2/8.4 MB | 1.0/1.8 MB | 1.2/1.8 MB | 0.7/1.8 MBProgress (5): 0.7/1.8 MB | 6.2/8.4 MB | 1.0/1.8 MB | 1.2/1.8 MB | 0.7/1.8 MBProgress (5): 0.7/1.8 MB | 6.2/8.4 MB | 1.0/1.8 MB | 1.2/1.8 MB | 0.7/1.8 MBProgress (5): 0.7/1.8 MB | 6.2/8.4 MB | 1.0/1.8 MB | 1.2/1.8 MB | 0.7/1.8 MBProgress (5): 0.7/1.8 MB | 6.2/8.4 MB | 1.0/1.8 MB | 1.2/1.8 MB | 0.7/1.8 MBProgress (5): 0.7/1.8 MB | 6.2/8.4 MB | 1.0/1.8 MB | 1.2/1.8 MB | 0.7/1.8 MBProgress (5): 0.7/1.8 MB | 6.2/8.4 MB | 1.0/1.8 MB | 1.2/1.8 MB | 0.7/1.8 MBProgress (5): 0.7/1.8 MB | 6.2/8.4 MB | 1.0/1.8 MB | 1.2/1.8 MB | 0.7/1.8 MBProgress (5): 0.7/1.8 MB | 6.2/8.4 MB | 1.0/1.8 MB | 1.2/1.8 MB | 0.7/1.8 MBProgress (5): 0.7/1.8 MB | 6.2/8.4 MB | 1.0/1.8 MB | 1.2/1.8 MB | 0.7/1.8 MBProgress (5): 0.7/1.8 MB | 6.2/8.4 MB | 1.0/1.8 MB | 1.3/1.8 MB | 0.7/1.8 MBProgress (5): 0.7/1.8 MB | 6.2/8.4 MB | 1.0/1.8 MB | 1.3/1.8 MB | 0.7/1.8 MBProgress (5): 0.7/1.8 MB | 6.2/8.4 MB | 1.0/1.8 MB | 1.3/1.8 MB | 0.7/1.8 MBProgress (5): 0.7/1.8 MB | 6.2/8.4 MB | 1.0/1.8 MB | 1.3/1.8 MB | 0.7/1.8 MBProgress (5): 0.7/1.8 MB | 6.2/8.4 MB | 1.0/1.8 MB | 1.3/1.8 MB | 0.7/1.8 MBProgress (5): 0.7/1.8 MB | 6.2/8.4 MB | 1.0/1.8 MB | 1.3/1.8 MB | 0.7/1.8 MBProgress (5): 0.7/1.8 MB | 6.2/8.4 MB | 1.0/1.8 MB | 1.3/1.8 MB | 0.7/1.8 MBProgress (5): 0.7/1.8 MB | 6.2/8.4 MB | 1.0/1.8 MB | 1.3/1.8 MB | 0.7/1.8 MBProgress (5): 0.8/1.8 MB | 6.2/8.4 MB | 1.0/1.8 MB | 1.3/1.8 MB | 0.7/1.8 MBProgress (5): 0.8/1.8 MB | 6.2/8.4 MB | 1.0/1.8 MB | 1.3/1.8 MB | 0.7/1.8 MBProgress (5): 0.8/1.8 MB | 6.2/8.4 MB | 1.0/1.8 MB | 1.3/1.8 MB | 0.7/1.8 MBProgress (5): 0.8/1.8 MB | 6.2/8.4 MB | 1.0/1.8 MB | 1.3/1.8 MB | 0.7/1.8 MBProgress (5): 0.8/1.8 MB | 6.2/8.4 MB | 1.0/1.8 MB | 1.3/1.8 MB | 0.7/1.8 MBProgress (5): 0.8/1.8 MB | 6.2/8.4 MB | 1.0/1.8 MB | 1.4/1.8 MB | 0.7/1.8 MBProgress (5): 0.8/1.8 MB | 6.2/8.4 MB | 1.1/1.8 MB | 1.4/1.8 MB | 0.7/1.8 MBProgress (5): 0.8/1.8 MB | 6.2/8.4 MB | 1.1/1.8 MB | 1.4/1.8 MB | 0.7/1.8 MBProgress (5): 0.8/1.8 MB | 6.2/8.4 MB | 1.1/1.8 MB | 1.4/1.8 MB | 0.7/1.8 MBProgress (5): 0.8/1.8 MB | 6.2/8.4 MB | 1.1/1.8 MB | 1.4/1.8 MB | 0.7/1.8 MBProgress (5): 0.8/1.8 MB | 6.2/8.4 MB | 1.1/1.8 MB | 1.4/1.8 MB | 0.7/1.8 MBProgress (5): 0.8/1.8 MB | 6.2/8.4 MB | 1.1/1.8 MB | 1.4/1.8 MB | 0.7/1.8 MBProgress (5): 0.8/1.8 MB | 6.2/8.4 MB | 1.1/1.8 MB | 1.4/1.8 MB | 0.7/1.8 MBProgress (5): 0.8/1.8 MB | 6.2/8.4 MB | 1.1/1.8 MB | 1.4/1.8 MB | 0.7/1.8 MBProgress (5): 0.8/1.8 MB | 6.2/8.4 MB | 1.1/1.8 MB | 1.4/1.8 MB | 0.7/1.8 MBProgress (5): 0.8/1.8 MB | 6.2/8.4 MB | 1.1/1.8 MB | 1.4/1.8 MB | 0.7/1.8 MBProgress (5): 0.8/1.8 MB | 6.3/8.4 MB | 1.1/1.8 MB | 1.4/1.8 MB | 0.7/1.8 MBProgress (5): 0.8/1.8 MB | 6.3/8.4 MB | 1.1/1.8 MB | 1.4/1.8 MB | 0.7/1.8 MBProgress (5): 0.8/1.8 MB | 6.3/8.4 MB | 1.1/1.8 MB | 1.4/1.8 MB | 0.7/1.8 MBProgress (5): 0.8/1.8 MB | 6.3/8.4 MB | 1.2/1.8 MB | 1.4/1.8 MB | 0.7/1.8 MBProgress (5): 0.8/1.8 MB | 6.3/8.4 MB | 1.2/1.8 MB | 1.4/1.8 MB | 0.7/1.8 MBProgress (5): 0.8/1.8 MB | 6.3/8.4 MB | 1.2/1.8 MB | 1.4/1.8 MB | 0.7/1.8 MBProgress (5): 0.9/1.8 MB | 6.3/8.4 MB | 1.2/1.8 MB | 1.4/1.8 MB | 0.7/1.8 MBProgress (5): 0.9/1.8 MB | 6.3/8.4 MB | 1.2/1.8 MB | 1.4/1.8 MB | 0.7/1.8 MBProgress (5): 0.9/1.8 MB | 6.3/8.4 MB | 1.2/1.8 MB | 1.4/1.8 MB | 0.7/1.8 MBProgress (5): 0.9/1.8 MB | 6.3/8.4 MB | 1.2/1.8 MB | 1.4/1.8 MB | 0.7/1.8 MBProgress (5): 0.9/1.8 MB | 6.3/8.4 MB | 1.2/1.8 MB | 1.4/1.8 MB | 0.7/1.8 MBProgress (5): 0.9/1.8 MB | 6.3/8.4 MB | 1.2/1.8 MB | 1.4/1.8 MB | 0.7/1.8 MBProgress (5): 0.9/1.8 MB | 6.3/8.4 MB | 1.2/1.8 MB | 1.4/1.8 MB | 0.7/1.8 MBProgress (5): 1.0/1.8 MB | 6.3/8.4 MB | 1.2/1.8 MB | 1.4/1.8 MB | 0.7/1.8 MBProgress (5): 1.0/1.8 MB | 6.3/8.4 MB | 1.2/1.8 MB | 1.4/1.8 MB | 0.7/1.8 MBProgress (5): 1.0/1.8 MB | 6.3/8.4 MB | 1.2/1.8 MB | 1.4/1.8 MB | 0.7/1.8 MBProgress (5): 1.0/1.8 MB | 6.3/8.4 MB | 1.2/1.8 MB | 1.4/1.8 MB | 0.7/1.8 MBProgress (5): 1.0/1.8 MB | 6.3/8.4 MB | 1.2/1.8 MB | 1.4/1.8 MB | 0.7/1.8 MBProgress (5): 1.0/1.8 MB | 6.3/8.4 MB | 1.2/1.8 MB | 1.4/1.8 MB | 0.7/1.8 MBProgress (5): 1.0/1.8 MB | 6.3/8.4 MB | 1.3/1.8 MB | 1.4/1.8 MB | 0.7/1.8 MBProgress (5): 1.0/1.8 MB | 6.3/8.4 MB | 1.3/1.8 MB | 1.4/1.8 MB | 0.7/1.8 MBProgress (5): 1.0/1.8 MB | 6.3/8.4 MB | 1.3/1.8 MB | 1.4/1.8 MB | 0.7/1.8 MBProgress (5): 1.0/1.8 MB | 6.3/8.4 MB | 1.3/1.8 MB | 1.4/1.8 MB | 0.7/1.8 MBProgress (5): 1.0/1.8 MB | 6.3/8.4 MB | 1.3/1.8 MB | 1.4/1.8 MB | 0.7/1.8 MBProgress (5): 1.0/1.8 MB | 6.3/8.4 MB | 1.3/1.8 MB | 1.4/1.8 MB | 0.7/1.8 MBProgress (5): 1.0/1.8 MB | 6.3/8.4 MB | 1.3/1.8 MB | 1.4/1.8 MB | 0.7/1.8 MBProgress (5): 1.0/1.8 MB | 6.3/8.4 MB | 1.3/1.8 MB | 1.4/1.8 MB | 0.7/1.8 MBProgress (5): 1.0/1.8 MB | 6.3/8.4 MB | 1.3/1.8 MB | 1.4/1.8 MB | 0.7/1.8 MBProgress (5): 1.0/1.8 MB | 6.3/8.4 MB | 1.3/1.8 MB | 1.4/1.8 MB | 0.7/1.8 MBProgress (5): 1.0/1.8 MB | 6.3/8.4 MB | 1.4/1.8 MB | 1.4/1.8 MB | 0.7/1.8 MBProgress (5): 1.0/1.8 MB | 6.3/8.4 MB | 1.4/1.8 MB | 1.4/1.8 MB | 0.7/1.8 MBProgress (5): 1.0/1.8 MB | 6.3/8.4 MB | 1.4/1.8 MB | 1.4/1.8 MB | 0.7/1.8 MBProgress (5): 1.0/1.8 MB | 6.3/8.4 MB | 1.4/1.8 MB | 1.4/1.8 MB | 0.7/1.8 MBProgress (5): 1.0/1.8 MB | 6.3/8.4 MB | 1.4/1.8 MB | 1.4/1.8 MB | 0.7/1.8 MBProgress (5): 1.0/1.8 MB | 6.3/8.4 MB | 1.4/1.8 MB | 1.4/1.8 MB | 0.7/1.8 MBProgress (5): 1.0/1.8 MB | 6.3/8.4 MB | 1.5/1.8 MB | 1.4/1.8 MB | 0.7/1.8 MBProgress (5): 1.0/1.8 MB | 6.3/8.4 MB | 1.5/1.8 MB | 1.4/1.8 MB | 0.7/1.8 MBProgress (5): 1.0/1.8 MB | 6.3/8.4 MB | 1.5/1.8 MB | 1.4/1.8 MB | 0.7/1.8 MBProgress (5): 1.0/1.8 MB | 6.3/8.4 MB | 1.5/1.8 MB | 1.4/1.8 MB | 0.7/1.8 MBProgress (5): 1.0/1.8 MB | 6.3/8.4 MB | 1.5/1.8 MB | 1.4/1.8 MB | 0.7/1.8 MBProgress (5): 1.0/1.8 MB | 6.3/8.4 MB | 1.5/1.8 MB | 1.4/1.8 MB | 0.7/1.8 MBProgress (5): 1.0/1.8 MB | 6.3/8.4 MB | 1.5/1.8 MB | 1.4/1.8 MB | 0.7/1.8 MBProgress (5): 1.0/1.8 MB | 6.3/8.4 MB | 1.6/1.8 MB | 1.4/1.8 MB | 0.7/1.8 MBProgress (5): 1.0/1.8 MB | 6.3/8.4 MB | 1.6/1.8 MB | 1.4/1.8 MB | 0.7/1.8 MBProgress (5): 1.0/1.8 MB | 6.3/8.4 MB | 1.6/1.8 MB | 1.4/1.8 MB | 0.7/1.8 MBProgress (5): 1.0/1.8 MB | 6.3/8.4 MB | 1.6/1.8 MB | 1.4/1.8 MB | 0.7/1.8 MBProgress (5): 1.0/1.8 MB | 6.3/8.4 MB | 1.6/1.8 MB | 1.4/1.8 MB | 0.7/1.8 MBProgress (5): 1.0/1.8 MB | 6.3/8.4 MB | 1.6/1.8 MB | 1.4/1.8 MB | 0.7/1.8 MBProgress (5): 1.0/1.8 MB | 6.3/8.4 MB | 1.7/1.8 MB | 1.4/1.8 MB | 0.7/1.8 MBProgress (5): 1.0/1.8 MB | 6.3/8.4 MB | 1.7/1.8 MB | 1.4/1.8 MB | 0.7/1.8 MBProgress (5): 1.0/1.8 MB | 6.3/8.4 MB | 1.7/1.8 MB | 1.4/1.8 MB | 0.7/1.8 MBProgress (5): 1.0/1.8 MB | 6.3/8.4 MB | 1.7/1.8 MB | 1.4/1.8 MB | 0.7/1.8 MBProgress (5): 1.0/1.8 MB | 6.3/8.4 MB | 1.7/1.8 MB | 1.4/1.8 MB | 0.7/1.8 MBProgress (5): 1.0/1.8 MB | 6.3/8.4 MB | 1.7/1.8 MB | 1.4/1.8 MB | 0.7/1.8 MBProgress (5): 1.0/1.8 MB | 6.3/8.4 MB | 1.8/1.8 MB | 1.4/1.8 MB | 0.7/1.8 MBProgress (5): 1.0/1.8 MB | 6.3/8.4 MB | 1.8/1.8 MB | 1.4/1.8 MB | 0.7/1.8 MBProgress (5): 1.0/1.8 MB | 6.3/8.4 MB | 1.8/1.8 MB | 1.4/1.8 MB | 0.7/1.8 MBProgress (5): 1.0/1.8 MB | 6.3/8.4 MB | 1.8/1.8 MB | 1.4/1.8 MB | 0.7/1.8 MBProgress (5): 1.0/1.8 MB | 6.3/8.4 MB | 1.8 MB | 1.4/1.8 MB | 0.7/1.8 MB    Progress (5): 1.0/1.8 MB | 6.3/8.4 MB | 1.8 MB | 1.4/1.8 MB | 0.8/1.8 MBProgress (5): 1.0/1.8 MB | 6.3/8.4 MB | 1.8 MB | 1.4/1.8 MB | 0.8/1.8 MB                                                                        Downloaded from central: https://repo.maven.apache.org/maven2/org/seleniumhq/selenium/selenium-devtools-v147/4.45.0/selenium-devtools-v147-4.45.0.jar (1.8 MB at 1.8 MB/s)
Downloading from central: https://repo.maven.apache.org/maven2/org/seleniumhq/selenium/selenium-edge-driver/4.45.0/selenium-edge-driver-4.45.0.jar
Progress (4): 1.0/1.8 MB | 6.3/8.4 MB | 1.4/1.8 MB | 0.8/1.8 MBProgress (4): 1.0/1.8 MB | 6.3/8.4 MB | 1.4/1.8 MB | 0.8/1.8 MBProgress (4): 1.0/1.8 MB | 6.3/8.4 MB | 1.4/1.8 MB | 0.8/1.8 MBProgress (4): 1.0/1.8 MB | 6.4/8.4 MB | 1.4/1.8 MB | 0.8/1.8 MBProgress (4): 1.0/1.8 MB | 6.4/8.4 MB | 1.4/1.8 MB | 0.8/1.8 MBProgress (4): 1.0/1.8 MB | 6.4/8.4 MB | 1.4/1.8 MB | 0.8/1.8 MBProgress (4): 1.1/1.8 MB | 6.4/8.4 MB | 1.4/1.8 MB | 0.8/1.8 MBProgress (4): 1.1/1.8 MB | 6.4/8.4 MB | 1.4/1.8 MB | 0.8/1.8 MBProgress (4): 1.1/1.8 MB | 6.4/8.4 MB | 1.4/1.8 MB | 0.8/1.8 MBProgress (4): 1.1/1.8 MB | 6.4/8.4 MB | 1.4/1.8 MB | 0.8/1.8 MBProgress (4): 1.1/1.8 MB | 6.4/8.4 MB | 1.5/1.8 MB | 0.8/1.8 MBProgress (4): 1.1/1.8 MB | 6.4/8.4 MB | 1.5/1.8 MB | 0.8/1.8 MBProgress (4): 1.1/1.8 MB | 6.4/8.4 MB | 1.5/1.8 MB | 0.8/1.8 MBProgress (4): 1.1/1.8 MB | 6.4/8.4 MB | 1.5/1.8 MB | 0.8/1.8 MBProgress (4): 1.1/1.8 MB | 6.4/8.4 MB | 1.5/1.8 MB | 0.8/1.8 MBProgress (4): 1.1/1.8 MB | 6.4/8.4 MB | 1.5/1.8 MB | 0.8/1.8 MBProgress (4): 1.1/1.8 MB | 6.4/8.4 MB | 1.5/1.8 MB | 0.8/1.8 MBProgress (4): 1.1/1.8 MB | 6.4/8.4 MB | 1.5/1.8 MB | 0.8/1.8 MBProgress (4): 1.1/1.8 MB | 6.4/8.4 MB | 1.5/1.8 MB | 0.8/1.8 MBProgress (4): 1.1/1.8 MB | 6.4/8.4 MB | 1.5/1.8 MB | 0.8/1.8 MBProgress (4): 1.1/1.8 MB | 6.4/8.4 MB | 1.5/1.8 MB | 0.8/1.8 MBProgress (4): 1.1/1.8 MB | 6.5/8.4 MB | 1.5/1.8 MB | 0.8/1.8 MBProgress (4): 1.1/1.8 MB | 6.5/8.4 MB | 1.5/1.8 MB | 0.8/1.8 MBProgress (4): 1.1/1.8 MB | 6.5/8.4 MB | 1.5/1.8 MB | 0.8/1.8 MBProgress (4): 1.1/1.8 MB | 6.5/8.4 MB | 1.5/1.8 MB | 0.8/1.8 MBProgress (4): 1.1/1.8 MB | 6.5/8.4 MB | 1.5/1.8 MB | 0.8/1.8 MBProgress (4): 1.1/1.8 MB | 6.5/8.4 MB | 1.5/1.8 MB | 0.8/1.8 MBProgress (4): 1.1/1.8 MB | 6.5/8.4 MB | 1.5/1.8 MB | 0.8/1.8 MBProgress (4): 1.1/1.8 MB | 6.5/8.4 MB | 1.5/1.8 MB | 0.8/1.8 MBProgress (4): 1.1/1.8 MB | 6.5/8.4 MB | 1.5/1.8 MB | 0.8/1.8 MBProgress (4): 1.1/1.8 MB | 6.6/8.4 MB | 1.5/1.8 MB | 0.8/1.8 MBProgress (4): 1.1/1.8 MB | 6.6/8.4 MB | 1.5/1.8 MB | 0.8/1.8 MBProgress (4): 1.1/1.8 MB | 6.6/8.4 MB | 1.5/1.8 MB | 0.8/1.8 MBProgress (4): 1.1/1.8 MB | 6.6/8.4 MB | 1.5/1.8 MB | 0.8/1.8 MBProgress (4): 1.1/1.8 MB | 6.6/8.4 MB | 1.5/1.8 MB | 0.8/1.8 MBProgress (4): 1.1/1.8 MB | 6.6/8.4 MB | 1.5/1.8 MB | 0.8/1.8 MBProgress (4): 1.1/1.8 MB | 6.6/8.4 MB | 1.5/1.8 MB | 0.8/1.8 MBProgress (4): 1.1/1.8 MB | 6.7/8.4 MB | 1.5/1.8 MB | 0.8/1.8 MBProgress (4): 1.1/1.8 MB | 6.7/8.4 MB | 1.5/1.8 MB | 0.8/1.8 MBProgress (4): 1.1/1.8 MB | 6.7/8.4 MB | 1.5/1.8 MB | 0.8/1.8 MBProgress (4): 1.1/1.8 MB | 6.7/8.4 MB | 1.5/1.8 MB | 0.8/1.8 MBProgress (4): 1.1/1.8 MB | 6.7/8.4 MB | 1.5/1.8 MB | 0.8/1.8 MBProgress (4): 1.1/1.8 MB | 6.7/8.4 MB | 1.6/1.8 MB | 0.8/1.8 MBProgress (4): 1.1/1.8 MB | 6.7/8.4 MB | 1.6/1.8 MB | 0.8/1.8 MBProgress (4): 1.1/1.8 MB | 6.8/8.4 MB | 1.6/1.8 MB | 0.8/1.8 MBProgress (4): 1.1/1.8 MB | 6.8/8.4 MB | 1.6/1.8 MB | 0.8/1.8 MBProgress (4): 1.1/1.8 MB | 6.8/8.4 MB | 1.6/1.8 MB | 0.8/1.8 MBProgress (4): 1.1/1.8 MB | 6.8/8.4 MB | 1.6/1.8 MB | 0.8/1.8 MBProgress (4): 1.1/1.8 MB | 6.8/8.4 MB | 1.6/1.8 MB | 0.8/1.8 MBProgress (4): 1.1/1.8 MB | 6.8/8.4 MB | 1.6/1.8 MB | 0.8/1.8 MBProgress (4): 1.1/1.8 MB | 6.8/8.4 MB | 1.6/1.8 MB | 0.8/1.8 MBProgress (4): 1.1/1.8 MB | 6.8/8.4 MB | 1.6/1.8 MB | 0.8/1.8 MBProgress (4): 1.1/1.8 MB | 6.8/8.4 MB | 1.6/1.8 MB | 0.8/1.8 MBProgress (4): 1.1/1.8 MB | 6.9/8.4 MB | 1.6/1.8 MB | 0.8/1.8 MBProgress (4): 1.1/1.8 MB | 6.9/8.4 MB | 1.6/1.8 MB | 0.8/1.8 MBProgress (4): 1.1/1.8 MB | 6.9/8.4 MB | 1.6/1.8 MB | 0.8/1.8 MBProgress (4): 1.1/1.8 MB | 6.9/8.4 MB | 1.6/1.8 MB | 0.8/1.8 MBProgress (4): 1.1/1.8 MB | 6.9/8.4 MB | 1.6/1.8 MB | 0.8/1.8 MBProgress (4): 1.1/1.8 MB | 6.9/8.4 MB | 1.6/1.8 MB | 0.8/1.8 MBProgress (4): 1.1/1.8 MB | 6.9/8.4 MB | 1.6/1.8 MB | 0.8/1.8 MBProgress (4): 1.1/1.8 MB | 6.9/8.4 MB | 1.6/1.8 MB | 0.8/1.8 MBProgress (4): 1.1/1.8 MB | 6.9/8.4 MB | 1.6/1.8 MB | 0.8/1.8 MBProgress (4): 1.1/1.8 MB | 6.9/8.4 MB | 1.6/1.8 MB | 0.8/1.8 MBProgress (4): 1.1/1.8 MB | 6.9/8.4 MB | 1.6/1.8 MB | 0.8/1.8 MBProgress (4): 1.1/1.8 MB | 7.0/8.4 MB | 1.6/1.8 MB | 0.8/1.8 MBProgress (4): 1.1/1.8 MB | 7.0/8.4 MB | 1.7/1.8 MB | 0.8/1.8 MBProgress (4): 1.1/1.8 MB | 7.0/8.4 MB | 1.7/1.8 MB | 0.8/1.8 MBProgress (4): 1.1/1.8 MB | 7.0/8.4 MB | 1.7/1.8 MB | 0.8/1.8 MBProgress (4): 1.1/1.8 MB | 7.0/8.4 MB | 1.7/1.8 MB | 0.8/1.8 MBProgress (4): 1.1/1.8 MB | 7.0/8.4 MB | 1.7/1.8 MB | 0.8/1.8 MBProgress (4): 1.1/1.8 MB | 7.0/8.4 MB | 1.7/1.8 MB | 0.8/1.8 MBProgress (4): 1.1/1.8 MB | 7.0/8.4 MB | 1.7/1.8 MB | 0.8/1.8 MBProgress (4): 1.1/1.8 MB | 7.0/8.4 MB | 1.7/1.8 MB | 0.8/1.8 MBProgress (4): 1.1/1.8 MB | 7.0/8.4 MB | 1.7/1.8 MB | 0.8/1.8 MBProgress (4): 1.1/1.8 MB | 7.0/8.4 MB | 1.7/1.8 MB | 0.8/1.8 MBProgress (4): 1.1/1.8 MB | 7.0/8.4 MB | 1.8/1.8 MB | 0.8/1.8 MBProgress (4): 1.1/1.8 MB | 7.0/8.4 MB | 1.8/1.8 MB | 0.8/1.8 MBProgress (4): 1.1/1.8 MB | 7.0/8.4 MB | 1.8 MB | 0.8/1.8 MB                                                               Downloaded from central: https://repo.maven.apache.org/maven2/org/seleniumhq/selenium/selenium-devtools-v148/4.45.0/selenium-devtools-v148-4.45.0.jar (1.8 MB at 1.6 MB/s)
Downloading from central: https://repo.maven.apache.org/maven2/org/seleniumhq/selenium/selenium-firefox-driver/4.45.0/selenium-firefox-driver-4.45.0.jar
Progress (3): 1.1/1.8 MB | 7.0/8.4 MB | 0.8/1.8 MBProgress (3): 1.1/1.8 MB | 7.1/8.4 MB | 0.8/1.8 MBProgress (3): 1.2/1.8 MB | 7.1/8.4 MB | 0.8/1.8 MBProgress (3): 1.2/1.8 MB | 7.1/8.4 MB | 0.8/1.8 MBProgress (3): 1.2/1.8 MB | 7.1/8.4 MB | 0.8/1.8 MBProgress (3): 1.2/1.8 MB | 7.1/8.4 MB | 0.8/1.8 MBProgress (3): 1.2/1.8 MB | 7.1/8.4 MB | 0.8/1.8 MBProgress (3): 1.2/1.8 MB | 7.1/8.4 MB | 0.8/1.8 MBProgress (3): 1.2/1.8 MB | 7.1/8.4 MB | 0.8/1.8 MBProgress (3): 1.2/1.8 MB | 7.2/8.4 MB | 0.8/1.8 MBProgress (3): 1.2/1.8 MB | 7.2/8.4 MB | 0.8/1.8 MBProgress (3): 1.2/1.8 MB | 7.2/8.4 MB | 0.8/1.8 MBProgress (3): 1.2/1.8 MB | 7.2/8.4 MB | 0.8/1.8 MBProgress (3): 1.2/1.8 MB | 7.2/8.4 MB | 0.8/1.8 MBProgress (3): 1.2/1.8 MB | 7.2/8.4 MB | 0.8/1.8 MBProgress (3): 1.2/1.8 MB | 7.2/8.4 MB | 0.8/1.8 MBProgress (3): 1.2/1.8 MB | 7.3/8.4 MB | 0.8/1.8 MBProgress (3): 1.2/1.8 MB | 7.3/8.4 MB | 0.9/1.8 MBProgress (3): 1.2/1.8 MB | 7.3/8.4 MB | 0.9/1.8 MBProgress (3): 1.2/1.8 MB | 7.3/8.4 MB | 0.9/1.8 MBProgress (3): 1.2/1.8 MB | 7.3/8.4 MB | 0.9/1.8 MBProgress (3): 1.2/1.8 MB | 7.3/8.4 MB | 0.9/1.8 MBProgress (3): 1.2/1.8 MB | 7.3/8.4 MB | 0.9/1.8 MBProgress (3): 1.2/1.8 MB | 7.3/8.4 MB | 0.9/1.8 MBProgress (3): 1.2/1.8 MB | 7.3/8.4 MB | 0.9/1.8 MBProgress (3): 1.2/1.8 MB | 7.3/8.4 MB | 0.9/1.8 MBProgress (3): 1.3/1.8 MB | 7.3/8.4 MB | 0.9/1.8 MBProgress (3): 1.3/1.8 MB | 7.3/8.4 MB | 0.9/1.8 MBProgress (3): 1.3/1.8 MB | 7.3/8.4 MB | 0.9/1.8 MBProgress (3): 1.3/1.8 MB | 7.3/8.4 MB | 0.9/1.8 MBProgress (3): 1.3/1.8 MB | 7.3/8.4 MB | 0.9/1.8 MBProgress (3): 1.3/1.8 MB | 7.3/8.4 MB | 0.9/1.8 MBProgress (3): 1.3/1.8 MB | 7.3/8.4 MB | 0.9/1.8 MBProgress (3): 1.4/1.8 MB | 7.3/8.4 MB | 0.9/1.8 MBProgress (3): 1.4/1.8 MB | 7.3/8.4 MB | 0.9/1.8 MBProgress (3): 1.4/1.8 MB | 7.3/8.4 MB | 0.9/1.8 MBProgress (3): 1.4/1.8 MB | 7.3/8.4 MB | 0.9/1.8 MBProgress (3): 1.4/1.8 MB | 7.3/8.4 MB | 0.9/1.8 MBProgress (3): 1.4/1.8 MB | 7.3/8.4 MB | 0.9/1.8 MBProgress (3): 1.5/1.8 MB | 7.3/8.4 MB | 0.9/1.8 MBProgress (3): 1.5/1.8 MB | 7.3/8.4 MB | 0.9/1.8 MBProgress (3): 1.5/1.8 MB | 7.3/8.4 MB | 0.9/1.8 MBProgress (3): 1.5/1.8 MB | 7.3/8.4 MB | 0.9/1.8 MBProgress (3): 1.5/1.8 MB | 7.3/8.4 MB | 0.9/1.8 MBProgress (3): 1.5/1.8 MB | 7.3/8.4 MB | 0.9/1.8 MBProgress (3): 1.6/1.8 MB | 7.3/8.4 MB | 0.9/1.8 MBProgress (3): 1.6/1.8 MB | 7.3/8.4 MB | 0.9/1.8 MBProgress (3): 1.6/1.8 MB | 7.3/8.4 MB | 0.9/1.8 MBProgress (3): 1.6/1.8 MB | 7.3/8.4 MB | 0.9/1.8 MBProgress (3): 1.6/1.8 MB | 7.3/8.4 MB | 0.9/1.8 MBProgress (3): 1.6/1.8 MB | 7.3/8.4 MB | 0.9/1.8 MBProgress (3): 1.6/1.8 MB | 7.3/8.4 MB | 0.9/1.8 MBProgress (3): 1.7/1.8 MB | 7.3/8.4 MB | 0.9/1.8 MBProgress (3): 1.7/1.8 MB | 7.3/8.4 MB | 0.9/1.8 MBProgress (3): 1.7/1.8 MB | 7.3/8.4 MB | 0.9/1.8 MBProgress (3): 1.7/1.8 MB | 7.3/8.4 MB | 0.9/1.8 MBProgress (3): 1.7/1.8 MB | 7.3/8.4 MB | 0.9/1.8 MBProgress (3): 1.7/1.8 MB | 7.3/8.4 MB | 0.9/1.8 MBProgress (3): 1.7/1.8 MB | 7.3/8.4 MB | 0.9/1.8 MBProgress (3): 1.7/1.8 MB | 7.3/8.4 MB | 0.9/1.8 MBProgress (3): 1.7/1.8 MB | 7.3/8.4 MB | 0.9/1.8 MBProgress (3): 1.8 MB | 7.3/8.4 MB | 0.9/1.8 MB                                                  Downloaded from central: https://repo.maven.apache.org/maven2/org/seleniumhq/selenium/selenium-devtools-latest/4.45.0/selenium-devtools-latest-4.45.0.jar (1.8 MB at 1.5 MB/s)
Downloading from central: https://repo.maven.apache.org/maven2/org/seleniumhq/selenium/selenium-http/4.45.0/selenium-http-4.45.0.jar
Progress (2): 7.4/8.4 MB | 0.9/1.8 MBProgress (2): 7.4/8.4 MB | 0.9/1.8 MBProgress (2): 7.4/8.4 MB | 0.9/1.8 MBProgress (2): 7.4/8.4 MB | 0.9/1.8 MBProgress (2): 7.4/8.4 MB | 0.9/1.8 MBProgress (2): 7.4/8.4 MB | 0.9/1.8 MBProgress (2): 7.4/8.4 MB | 0.9/1.8 MBProgress (3): 7.4/8.4 MB | 0.9/1.8 MB | 7.7/16 kBProgress (3): 7.4/8.4 MB | 0.9/1.8 MB | 16/16 kB Progress (3): 7.4/8.4 MB | 0.9/1.8 MB | 16/16 kBProgress (3): 7.4/8.4 MB | 0.9/1.8 MB | 16 kB   Progress (3): 7.5/8.4 MB | 0.9/1.8 MB | 16 kBProgress (3): 7.5/8.4 MB | 0.9/1.8 MB | 16 kBProgress (3): 7.5/8.4 MB | 0.9/1.8 MB | 16 kBProgress (3): 7.5/8.4 MB | 0.9/1.8 MB | 16 kB                                             Downloaded from central: https://repo.maven.apache.org/maven2/org/seleniumhq/selenium/selenium-edge-driver/4.45.0/selenium-edge-driver-4.45.0.jar (16 kB at 13 kB/s)
Downloading from central: https://repo.maven.apache.org/maven2/org/seleniumhq/selenium/selenium-ie-driver/4.45.0/selenium-ie-driver-4.45.0.jar
Progress (2): 7.5/8.4 MB | 0.9/1.8 MBProgress (2): 7.5/8.4 MB | 0.9/1.8 MBProgress (2): 7.6/8.4 MB | 0.9/1.8 MBProgress (2): 7.6/8.4 MB | 0.9/1.8 MBProgress (2): 7.6/8.4 MB | 0.9/1.8 MBProgress (2): 7.6/8.4 MB | 0.9/1.8 MBProgress (2): 7.6/8.4 MB | 0.9/1.8 MBProgress (2): 7.6/8.4 MB | 0.9/1.8 MBProgress (2): 7.6/8.4 MB | 0.9/1.8 MBProgress (2): 7.6/8.4 MB | 0.9/1.8 MBProgress (2): 7.6/8.4 MB | 0.9/1.8 MBProgress (2): 7.7/8.4 MB | 0.9/1.8 MBProgress (2): 7.7/8.4 MB | 1.0/1.8 MBProgress (2): 7.7/8.4 MB | 1.0/1.8 MBProgress (2): 7.7/8.4 MB | 1.0/1.8 MBProgress (2): 7.7/8.4 MB | 1.0/1.8 MBProgress (2): 7.7/8.4 MB | 1.0/1.8 MBProgress (2): 7.7/8.4 MB | 1.0/1.8 MBProgress (2): 7.8/8.4 MB | 1.0/1.8 MBProgress (2): 7.8/8.4 MB | 1.0/1.8 MBProgress (2): 7.8/8.4 MB | 1.0/1.8 MBProgress (2): 7.8/8.4 MB | 1.0/1.8 MBProgress (2): 7.8/8.4 MB | 1.0/1.8 MBProgress (2): 7.8/8.4 MB | 1.0/1.8 MBProgress (2): 7.9/8.4 MB | 1.0/1.8 MBProgress (2): 7.9/8.4 MB | 1.0/1.8 MBProgress (2): 7.9/8.4 MB | 1.0/1.8 MBProgress (2): 7.9/8.4 MB | 1.0/1.8 MBProgress (2): 7.9/8.4 MB | 1.0/1.8 MBProgress (2): 7.9/8.4 MB | 1.0/1.8 MBProgress (2): 8.0/8.4 MB | 1.0/1.8 MBProgress (2): 8.0/8.4 MB | 1.0/1.8 MBProgress (2): 8.0/8.4 MB | 1.0/1.8 MBProgress (2): 8.0/8.4 MB | 1.0/1.8 MBProgress (2): 8.0/8.4 MB | 1.0/1.8 MBProgress (2): 8.0/8.4 MB | 1.0/1.8 MBProgress (2): 8.0/8.4 MB | 1.0/1.8 MBProgress (2): 8.0/8.4 MB | 1.0/1.8 MBProgress (2): 8.0/8.4 MB | 1.0/1.8 MBProgress (2): 8.0/8.4 MB | 1.0/1.8 MBProgress (3): 8.0/8.4 MB | 1.0/1.8 MB | 7.7/73 kBProgress (3): 8.0/8.4 MB | 1.0/1.8 MB | 11/73 kB Progress (3): 8.0/8.4 MB | 1.0/1.8 MB | 28/73 kBProgress (3): 8.0/8.4 MB | 1.0/1.8 MB | 28/73 kBProgress (3): 8.0/8.4 MB | 1.0/1.8 MB | 44/73 kBProgress (3): 8.0/8.4 MB | 1.0/1.8 MB | 61/73 kBProgress (3): 8.0/8.4 MB | 1.0/1.8 MB | 73 kB                                                Downloaded from central: https://repo.maven.apache.org/maven2/org/seleniumhq/selenium/selenium-firefox-driver/4.45.0/selenium-firefox-driver-4.45.0.jar (73 kB at 60 kB/s)
Downloading from central: https://repo.maven.apache.org/maven2/org/seleniumhq/selenium/selenium-remote-driver/4.45.0/selenium-remote-driver-4.45.0.jar
Progress (2): 8.1/8.4 MB | 1.0/1.8 MBProgress (2): 8.1/8.4 MB | 1.0/1.8 MBProgress (2): 8.1/8.4 MB | 1.0/1.8 MBProgress (2): 8.1/8.4 MB | 1.0/1.8 MBProgress (2): 8.1/8.4 MB | 1.0/1.8 MBProgress (2): 8.1/8.4 MB | 1.0/1.8 MBProgress (2): 8.1/8.4 MB | 1.1/1.8 MBProgress (3): 8.1/8.4 MB | 1.1/1.8 MB | 7.7/92 kBProgress (3): 8.1/8.4 MB | 1.1/1.8 MB | 16/92 kB Progress (3): 8.1/8.4 MB | 1.1/1.8 MB | 25/92 kBProgress (3): 8.1/8.4 MB | 1.1/1.8 MB | 41/92 kBProgress (3): 8.1/8.4 MB | 1.1/1.8 MB | 57/92 kBProgress (3): 8.1/8.4 MB | 1.1/1.8 MB | 74/92 kBProgress (3): 8.1/8.4 MB | 1.1/1.8 MB | 90/92 kBProgress (3): 8.1/8.4 MB | 1.1/1.8 MB | 92 kB                                                Downloaded from central: https://repo.maven.apache.org/maven2/org/seleniumhq/selenium/selenium-http/4.45.0/selenium-http-4.45.0.jar (92 kB at 75 kB/s)
Downloading from central: https://repo.maven.apache.org/maven2/com/google/guava/guava/33.6.0-jre/guava-33.6.0-jre.jar
Progress (2): 8.1/8.4 MB | 1.1/1.8 MBProgress (2): 8.1/8.4 MB | 1.1/1.8 MBProgress (2): 8.1/8.4 MB | 1.1/1.8 MBProgress (2): 8.2/8.4 MB | 1.1/1.8 MBProgress (2): 8.2/8.4 MB | 1.1/1.8 MBProgress (2): 8.2/8.4 MB | 1.1/1.8 MBProgress (2): 8.2/8.4 MB | 1.1/1.8 MBProgress (2): 8.2/8.4 MB | 1.1/1.8 MBProgress (2): 8.2/8.4 MB | 1.1/1.8 MBProgress (2): 8.3/8.4 MB | 1.1/1.8 MBProgress (2): 8.3/8.4 MB | 1.1/1.8 MBProgress (2): 8.3/8.4 MB | 1.1/1.8 MBProgress (2): 8.3/8.4 MB | 1.1/1.8 MBProgress (2): 8.3/8.4 MB | 1.1/1.8 MBProgress (2): 8.3/8.4 MB | 1.2/1.8 MBProgress (2): 8.3/8.4 MB | 1.2/1.8 MBProgress (2): 8.3/8.4 MB | 1.2/1.8 MBProgress (2): 8.3/8.4 MB | 1.2/1.8 MBProgress (2): 8.3/8.4 MB | 1.2/1.8 MBProgress (2): 8.3/8.4 MB | 1.2/1.8 MBProgress (2): 8.3/8.4 MB | 1.2/1.8 MBProgress (2): 8.4/8.4 MB | 1.2/1.8 MBProgress (2): 8.4/8.4 MB | 1.2/1.8 MBProgress (2): 8.4/8.4 MB | 1.2/1.8 MBProgress (2): 8.4 MB | 1.2/1.8 MB                                     Downloaded from central: https://repo.maven.apache.org/maven2/org/seleniumhq/selenium/selenium-manager/4.45.0/selenium-manager-4.45.0.jar (8.4 MB at 6.7 MB/s)
Downloading from central: https://repo.maven.apache.org/maven2/com/google/guava/failureaccess/1.0.3/failureaccess-1.0.3.jar
Progress (1): 1.2/1.8 MBProgress (2): 1.2/1.8 MB | 3.2/609 kBProgress (3): 1.2/1.8 MB | 3.2/609 kB | 7.7/17 kBProgress (3): 1.2/1.8 MB | 3.2/609 kB | 8.2/17 kBProgress (3): 1.2/1.8 MB | 3.2/609 kB | 17 kB    Progress (3): 1.2/1.8 MB | 20/609 kB | 17 kB Progress (3): 1.2/1.8 MB | 36/609 kB | 17 kBProgress (3): 1.2/1.8 MB | 52/609 kB | 17 kB                                            Downloaded from central: https://repo.maven.apache.org/maven2/org/seleniumhq/selenium/selenium-ie-driver/4.45.0/selenium-ie-driver-4.45.0.jar (17 kB at 14 kB/s)
Downloading from central: https://repo.maven.apache.org/maven2/com/google/guava/listenablefuture/9999.0-empty-to-avoid-conflict-with-guava/listenablefuture-9999.0-empty-to-avoid-conflict-with-guava.jar
Progress (2): 1.2/1.8 MB | 69/609 kBProgress (2): 1.2/1.8 MB | 85/609 kBProgress (2): 1.2/1.8 MB | 101/609 kBProgress (2): 1.2/1.8 MB | 118/609 kBProgress (2): 1.2/1.8 MB | 134/609 kBProgress (2): 1.2/1.8 MB | 151/609 kBProgress (2): 1.2/1.8 MB | 159/609 kBProgress (2): 1.2/1.8 MB | 175/609 kBProgress (2): 1.2/1.8 MB | 192/609 kBProgress (2): 1.2/1.8 MB | 208/609 kBProgress (2): 1.2/1.8 MB | 224/609 kBProgress (2): 1.2/1.8 MB | 229/609 kBProgress (2): 1.2/1.8 MB | 246/609 kBProgress (2): 1.2/1.8 MB | 246/609 kBProgress (2): 1.2/1.8 MB | 262/609 kBProgress (2): 1.2/1.8 MB | 262/609 kBProgress (2): 1.2/1.8 MB | 279/609 kBProgress (2): 1.2/1.8 MB | 295/609 kBProgress (2): 1.2/1.8 MB | 311/609 kBProgress (2): 1.2/1.8 MB | 328/609 kBProgress (2): 1.2/1.8 MB | 344/609 kBProgress (2): 1.2/1.8 MB | 360/609 kBProgress (2): 1.2/1.8 MB | 377/609 kBProgress (2): 1.2/1.8 MB | 377/609 kBProgress (2): 1.2/1.8 MB | 393/609 kBProgress (2): 1.2/1.8 MB | 410/609 kBProgress (2): 1.2/1.8 MB | 426/609 kBProgress (2): 1.2/1.8 MB | 442/609 kBProgress (2): 1.2/1.8 MB | 459/609 kBProgress (2): 1.2/1.8 MB | 475/609 kBProgress (2): 1.2/1.8 MB | 492/609 kBProgress (2): 1.2/1.8 MB | 508/609 kBProgress (2): 1.2/1.8 MB | 524/609 kBProgress (2): 1.2/1.8 MB | 541/609 kBProgress (2): 1.2/1.8 MB | 557/609 kBProgress (2): 1.2/1.8 MB | 573/609 kBProgress (2): 1.2/1.8 MB | 590/609 kBProgress (2): 1.2/1.8 MB | 606/609 kBProgress (2): 1.2/1.8 MB | 609 kB                                     Downloaded from central: https://repo.maven.apache.org/maven2/org/seleniumhq/selenium/selenium-remote-driver/4.45.0/selenium-remote-driver-4.45.0.jar (609 kB at 468 kB/s)
Downloading from central: https://repo.maven.apache.org/maven2/com/google/j2objc/j2objc-annotations/3.1/j2objc-annotations-3.1.jar
Progress (1): 1.3/1.8 MBProgress (1): 1.3/1.8 MBProgress (1): 1.3/1.8 MBProgress (1): 1.3/1.8 MBProgress (2): 1.3/1.8 MB | 0/3.1 MBProgress (2): 1.3/1.8 MB | 0/3.1 MBProgress (2): 1.3/1.8 MB | 0/3.1 MBProgress (2): 1.3/1.8 MB | 0/3.1 MBProgress (2): 1.3/1.8 MB | 0.1/3.1 MBProgress (2): 1.3/1.8 MB | 0.1/3.1 MBProgress (2): 1.3/1.8 MB | 0.1/3.1 MBProgress (2): 1.3/1.8 MB | 0.1/3.1 MBProgress (2): 1.3/1.8 MB | 0.1/3.1 MBProgress (2): 1.3/1.8 MB | 0.1/3.1 MBProgress (2): 1.3/1.8 MB | 0.1/3.1 MBProgress (2): 1.3/1.8 MB | 0.2/3.1 MBProgress (2): 1.3/1.8 MB | 0.2/3.1 MBProgress (2): 1.3/1.8 MB | 0.2/3.1 MBProgress (2): 1.3/1.8 MB | 0.2/3.1 MBProgress (2): 1.3/1.8 MB | 0.2/3.1 MBProgress (2): 1.3/1.8 MB | 0.2/3.1 MBProgress (2): 1.3/1.8 MB | 0.3/3.1 MBProgress (2): 1.3/1.8 MB | 0.3/3.1 MBProgress (2): 1.3/1.8 MB | 0.3/3.1 MBProgress (2): 1.3/1.8 MB | 0.3/3.1 MBProgress (2): 1.3/1.8 MB | 0.3/3.1 MBProgress (2): 1.3/1.8 MB | 0.3/3.1 MBProgress (2): 1.3/1.8 MB | 0.4/3.1 MBProgress (2): 1.3/1.8 MB | 0.4/3.1 MBProgress (2): 1.3/1.8 MB | 0.4/3.1 MBProgress (2): 1.3/1.8 MB | 0.4/3.1 MBProgress (2): 1.3/1.8 MB | 0.4/3.1 MBProgress (2): 1.3/1.8 MB | 0.4/3.1 MBProgress (2): 1.3/1.8 MB | 0.5/3.1 MBProgress (2): 1.3/1.8 MB | 0.5/3.1 MBProgress (2): 1.3/1.8 MB | 0.5/3.1 MBProgress (2): 1.3/1.8 MB | 0.5/3.1 MBProgress (2): 1.3/1.8 MB | 0.5/3.1 MBProgress (2): 1.3/1.8 MB | 0.5/3.1 MBProgress (2): 1.3/1.8 MB | 0.6/3.1 MBProgress (2): 1.3/1.8 MB | 0.6/3.1 MBProgress (2): 1.3/1.8 MB | 0.6/3.1 MBProgress (2): 1.3/1.8 MB | 0.6/3.1 MBProgress (2): 1.3/1.8 MB | 0.6/3.1 MBProgress (2): 1.3/1.8 MB | 0.6/3.1 MBProgress (2): 1.3/1.8 MB | 0.7/3.1 MBProgress (2): 1.3/1.8 MB | 0.7/3.1 MBProgress (2): 1.3/1.8 MB | 0.7/3.1 MBProgress (2): 1.3/1.8 MB | 0.7/3.1 MBProgress (2): 1.3/1.8 MB | 0.7/3.1 MBProgress (2): 1.3/1.8 MB | 0.7/3.1 MBProgress (2): 1.3/1.8 MB | 0.7/3.1 MBProgress (2): 1.3/1.8 MB | 0.7/3.1 MBProgress (2): 1.3/1.8 MB | 0.7/3.1 MBProgress (2): 1.3/1.8 MB | 0.8/3.1 MBProgress (2): 1.3/1.8 MB | 0.8/3.1 MBProgress (2): 1.3/1.8 MB | 0.8/3.1 MBProgress (2): 1.3/1.8 MB | 0.8/3.1 MBProgress (2): 1.3/1.8 MB | 0.8/3.1 MBProgress (2): 1.3/1.8 MB | 0.8/3.1 MBProgress (2): 1.3/1.8 MB | 0.9/3.1 MBProgress (2): 1.3/1.8 MB | 0.9/3.1 MBProgress (2): 1.3/1.8 MB | 0.9/3.1 MBProgress (2): 1.3/1.8 MB | 0.9/3.1 MBProgress (2): 1.3/1.8 MB | 0.9/3.1 MBProgress (2): 1.3/1.8 MB | 0.9/3.1 MBProgress (2): 1.3/1.8 MB | 1.0/3.1 MBProgress (2): 1.3/1.8 MB | 1.0/3.1 MBProgress (2): 1.3/1.8 MB | 1.0/3.1 MBProgress (2): 1.3/1.8 MB | 1.0/3.1 MBProgress (2): 1.3/1.8 MB | 1.0/3.1 MBProgress (2): 1.3/1.8 MB | 1.0/3.1 MBProgress (2): 1.3/1.8 MB | 1.0/3.1 MBProgress (3): 1.3/1.8 MB | 1.0/3.1 MB | 3.2/11 kBProgress (3): 1.3/1.8 MB | 1.0/3.1 MB | 11 kB    Progress (3): 1.4/1.8 MB | 1.0/3.1 MB | 11 kB                                             Downloaded from central: https://repo.maven.apache.org/maven2/com/google/guava/failureaccess/1.0.3/failureaccess-1.0.3.jar (11 kB at 7.3 kB/s)
Downloading from central: https://repo.maven.apache.org/maven2/io/opentelemetry/opentelemetry-api/1.63.0/opentelemetry-api-1.63.0.jar
Progress (2): 1.4/1.8 MB | 1.0/3.1 MBProgress (2): 1.4/1.8 MB | 1.0/3.1 MBProgress (2): 1.4/1.8 MB | 1.0/3.1 MBProgress (2): 1.4/1.8 MB | 1.0/3.1 MBProgress (3): 1.4/1.8 MB | 1.0/3.1 MB | 2.2 kBProgress (3): 1.4/1.8 MB | 1.0/3.1 MB | 2.2 kBProgress (3): 1.4/1.8 MB | 1.0/3.1 MB | 2.2 kB                                              Downloaded from central: https://repo.maven.apache.org/maven2/com/google/guava/listenablefuture/9999.0-empty-to-avoid-conflict-with-guava/listenablefuture-9999.0-empty-to-avoid-conflict-with-guava.jar (2.2 kB at 1.5 kB/s)
Downloading from central: https://repo.maven.apache.org/maven2/io/opentelemetry/opentelemetry-context/1.63.0/opentelemetry-context-1.63.0.jar
Progress (2): 1.5/1.8 MB | 1.0/3.1 MBProgress (2): 1.5/1.8 MB | 1.1/3.1 MBProgress (2): 1.5/1.8 MB | 1.1/3.1 MBProgress (2): 1.5/1.8 MB | 1.1/3.1 MBProgress (2): 1.5/1.8 MB | 1.1/3.1 MBProgress (2): 1.5/1.8 MB | 1.1/3.1 MBProgress (2): 1.5/1.8 MB | 1.1/3.1 MBProgress (2): 1.5/1.8 MB | 1.2/3.1 MBProgress (2): 1.5/1.8 MB | 1.2/3.1 MBProgress (2): 1.5/1.8 MB | 1.2/3.1 MBProgress (2): 1.5/1.8 MB | 1.2/3.1 MBProgress (2): 1.5/1.8 MB | 1.2/3.1 MBProgress (2): 1.5/1.8 MB | 1.2/3.1 MBProgress (2): 1.5/1.8 MB | 1.3/3.1 MBProgress (2): 1.5/1.8 MB | 1.3/3.1 MBProgress (2): 1.5/1.8 MB | 1.3/3.1 MBProgress (2): 1.5/1.8 MB | 1.3/3.1 MBProgress (2): 1.5/1.8 MB | 1.3/3.1 MBProgress (2): 1.5/1.8 MB | 1.3/3.1 MBProgress (2): 1.5/1.8 MB | 1.4/3.1 MBProgress (2): 1.5/1.8 MB | 1.4/3.1 MBProgress (2): 1.5/1.8 MB | 1.4/3.1 MBProgress (2): 1.5/1.8 MB | 1.4/3.1 MBProgress (2): 1.5/1.8 MB | 1.4/3.1 MBProgress (2): 1.5/1.8 MB | 1.4/3.1 MBProgress (2): 1.5/1.8 MB | 1.5/3.1 MBProgress (2): 1.5/1.8 MB | 1.5/3.1 MBProgress (2): 1.5/1.8 MB | 1.5/3.1 MBProgress (2): 1.5/1.8 MB | 1.5/3.1 MBProgress (2): 1.5/1.8 MB | 1.5/3.1 MBProgress (2): 1.5/1.8 MB | 1.5/3.1 MBProgress (2): 1.5/1.8 MB | 1.6/3.1 MBProgress (2): 1.5/1.8 MB | 1.6/3.1 MBProgress (2): 1.5/1.8 MB | 1.6/3.1 MBProgress (2): 1.5/1.8 MB | 1.6/3.1 MBProgress (2): 1.5/1.8 MB | 1.6/3.1 MBProgress (2): 1.5/1.8 MB | 1.6/3.1 MBProgress (2): 1.5/1.8 MB | 1.7/3.1 MBProgress (2): 1.5/1.8 MB | 1.7/3.1 MBProgress (2): 1.5/1.8 MB | 1.7/3.1 MBProgress (2): 1.5/1.8 MB | 1.7/3.1 MBProgress (3): 1.5/1.8 MB | 1.7/3.1 MB | 7.7/17 kBProgress (3): 1.5/1.8 MB | 1.7/3.1 MB | 8.2/17 kBProgress (3): 1.5/1.8 MB | 1.7/3.1 MB | 17 kB                                                 Downloaded from central: https://repo.maven.apache.org/maven2/com/google/j2objc/j2objc-annotations/3.1/j2objc-annotations-3.1.jar (17 kB at 10 kB/s)
Downloading from central: https://repo.maven.apache.org/maven2/io/opentelemetry/opentelemetry-common/1.63.0/opentelemetry-common-1.63.0.jar
Progress (2): 1.5/1.8 MB | 1.7/3.1 MBProgress (2): 1.5/1.8 MB | 1.7/3.1 MBProgress (2): 1.5/1.8 MB | 1.7/3.1 MBProgress (2): 1.5/1.8 MB | 1.7/3.1 MBProgress (2): 1.5/1.8 MB | 1.7/3.1 MBProgress (2): 1.6/1.8 MB | 1.7/3.1 MBProgress (2): 1.6/1.8 MB | 1.7/3.1 MBProgress (2): 1.6/1.8 MB | 1.7/3.1 MBProgress (2): 1.6/1.8 MB | 1.7/3.1 MBProgress (2): 1.6/1.8 MB | 1.7/3.1 MBProgress (3): 1.6/1.8 MB | 1.7/3.1 MB | 7.7/175 kBProgress (3): 1.6/1.8 MB | 1.7/3.1 MB | 16/175 kB Progress (3): 1.6/1.8 MB | 1.7/3.1 MB | 25/175 kBProgress (3): 1.6/1.8 MB | 1.7/3.1 MB | 41/175 kBProgress (3): 1.6/1.8 MB | 1.7/3.1 MB | 57/175 kBProgress (3): 1.6/1.8 MB | 1.7/3.1 MB | 74/175 kBProgress (3): 1.6/1.8 MB | 1.7/3.1 MB | 90/175 kBProgress (3): 1.6/1.8 MB | 1.7/3.1 MB | 106/175 kBProgress (3): 1.6/1.8 MB | 1.7/3.1 MB | 123/175 kBProgress (3): 1.6/1.8 MB | 1.7/3.1 MB | 139/175 kBProgress (3): 1.6/1.8 MB | 1.7/3.1 MB | 156/175 kBProgress (3): 1.6/1.8 MB | 1.7/3.1 MB | 172/175 kBProgress (3): 1.6/1.8 MB | 1.7/3.1 MB | 175 kB                                                  Downloaded from central: https://repo.maven.apache.org/maven2/io/opentelemetry/opentelemetry-api/1.63.0/opentelemetry-api-1.63.0.jar (175 kB at 100 kB/s)
Downloading from central: https://repo.maven.apache.org/maven2/io/opentelemetry/opentelemetry-exporter-logging/1.63.0/opentelemetry-exporter-logging-1.63.0.jar
Progress (3): 1.6/1.8 MB | 1.7/3.1 MB | 7.7/51 kBProgress (3): 1.6/1.8 MB | 1.7/3.1 MB | 12/51 kB Progress (3): 1.6/1.8 MB | 1.7/3.1 MB | 29/51 kBProgress (3): 1.6/1.8 MB | 1.7/3.1 MB | 45/51 kBProgress (3): 1.6/1.8 MB | 1.7/3.1 MB | 51 kB                                                Downloaded from central: https://repo.maven.apache.org/maven2/io/opentelemetry/opentelemetry-context/1.63.0/opentelemetry-context-1.63.0.jar (51 kB at 29 kB/s)
Downloading from central: https://repo.maven.apache.org/maven2/io/opentelemetry/opentelemetry-sdk-common/1.63.0/opentelemetry-sdk-common-1.63.0.jar
Progress (2): 1.6/1.8 MB | 1.7/3.1 MBProgress (2): 1.6/1.8 MB | 1.7/3.1 MBProgress (2): 1.6/1.8 MB | 1.7/3.1 MBProgress (3): 1.6/1.8 MB | 1.7/3.1 MB | 4.5 kBProgress (3): 1.6/1.8 MB | 1.8/3.1 MB | 4.5 kBProgress (3): 1.6/1.8 MB | 1.8/3.1 MB | 4.5 kBProgress (3): 1.6/1.8 MB | 1.8/3.1 MB | 4.5 kB                                              Downloaded from central: https://repo.maven.apache.org/maven2/io/opentelemetry/opentelemetry-common/1.63.0/opentelemetry-common-1.63.0.jar (4.5 kB at 2.6 kB/s)
Downloading from central: https://repo.maven.apache.org/maven2/io/opentelemetry/opentelemetry-sdk-extension-autoconfigure-spi/1.63.0/opentelemetry-sdk-extension-autoconfigure-spi-1.63.0.jar
Progress (2): 1.6/1.8 MB | 1.8/3.1 MBProgress (2): 1.6/1.8 MB | 1.8/3.1 MBProgress (2): 1.6/1.8 MB | 1.8/3.1 MBProgress (2): 1.6/1.8 MB | 1.9/3.1 MBProgress (2): 1.7/1.8 MB | 1.9/3.1 MBProgress (2): 1.7/1.8 MB | 1.9/3.1 MBProgress (2): 1.7/1.8 MB | 1.9/3.1 MBProgress (2): 1.7/1.8 MB | 1.9/3.1 MBProgress (2): 1.7/1.8 MB | 1.9/3.1 MBProgress (2): 1.7/1.8 MB | 1.9/3.1 MBProgress (2): 1.7/1.8 MB | 1.9/3.1 MBProgress (2): 1.7/1.8 MB | 2.0/3.1 MBProgress (2): 1.7/1.8 MB | 2.0/3.1 MBProgress (2): 1.7/1.8 MB | 2.0/3.1 MBProgress (2): 1.7/1.8 MB | 2.0/3.1 MBProgress (2): 1.7/1.8 MB | 2.0/3.1 MBProgress (2): 1.7/1.8 MB | 2.0/3.1 MBProgress (2): 1.7/1.8 MB | 2.1/3.1 MBProgress (2): 1.7/1.8 MB | 2.1/3.1 MBProgress (2): 1.7/1.8 MB | 2.1/3.1 MBProgress (2): 1.7/1.8 MB | 2.1/3.1 MBProgress (2): 1.7/1.8 MB | 2.1/3.1 MBProgress (2): 1.7/1.8 MB | 2.1/3.1 MBProgress (2): 1.7/1.8 MB | 2.2/3.1 MBProgress (2): 1.7/1.8 MB | 2.2/3.1 MBProgress (2): 1.7/1.8 MB | 2.2/3.1 MBProgress (2): 1.7/1.8 MB | 2.2/3.1 MBProgress (2): 1.7/1.8 MB | 2.2/3.1 MBProgress (2): 1.7/1.8 MB | 2.2/3.1 MBProgress (2): 1.7/1.8 MB | 2.3/3.1 MBProgress (2): 1.7/1.8 MB | 2.3/3.1 MBProgress (2): 1.7/1.8 MB | 2.3/3.1 MBProgress (2): 1.7/1.8 MB | 2.3/3.1 MBProgress (2): 1.7/1.8 MB | 2.3/3.1 MBProgress (2): 1.7/1.8 MB | 2.3/3.1 MBProgress (2): 1.7/1.8 MB | 2.4/3.1 MBProgress (2): 1.7/1.8 MB | 2.4/3.1 MBProgress (2): 1.7/1.8 MB | 2.4/3.1 MBProgress (2): 1.7/1.8 MB | 2.4/3.1 MBProgress (2): 1.7/1.8 MB | 2.4/3.1 MBProgress (2): 1.7/1.8 MB | 2.4/3.1 MBProgress (2): 1.7/1.8 MB | 2.5/3.1 MBProgress (2): 1.7/1.8 MB | 2.5/3.1 MBProgress (2): 1.7/1.8 MB | 2.5/3.1 MBProgress (2): 1.7/1.8 MB | 2.5/3.1 MBProgress (2): 1.7/1.8 MB | 2.5/3.1 MBProgress (2): 1.7/1.8 MB | 2.5/3.1 MBProgress (2): 1.7/1.8 MB | 2.6/3.1 MBProgress (2): 1.7/1.8 MB | 2.6/3.1 MBProgress (2): 1.7/1.8 MB | 2.6/3.1 MBProgress (2): 1.7/1.8 MB | 2.6/3.1 MBProgress (2): 1.7/1.8 MB | 2.6/3.1 MBProgress (2): 1.7/1.8 MB | 2.6/3.1 MBProgress (2): 1.7/1.8 MB | 2.6/3.1 MBProgress (2): 1.7/1.8 MB | 2.7/3.1 MBProgress (2): 1.7/1.8 MB | 2.7/3.1 MBProgress (2): 1.7/1.8 MB | 2.7/3.1 MBProgress (2): 1.7/1.8 MB | 2.7/3.1 MBProgress (2): 1.7/1.8 MB | 2.7/3.1 MBProgress (2): 1.7/1.8 MB | 2.7/3.1 MBProgress (2): 1.7/1.8 MB | 2.8/3.1 MBProgress (2): 1.7/1.8 MB | 2.8/3.1 MBProgress (2): 1.7/1.8 MB | 2.8/3.1 MBProgress (2): 1.7/1.8 MB | 2.8/3.1 MBProgress (2): 1.7/1.8 MB | 2.8/3.1 MBProgress (2): 1.7/1.8 MB | 2.8/3.1 MBProgress (2): 1.7/1.8 MB | 2.9/3.1 MBProgress (2): 1.7/1.8 MB | 2.9/3.1 MBProgress (2): 1.7/1.8 MB | 2.9/3.1 MBProgress (2): 1.7/1.8 MB | 2.9/3.1 MBProgress (2): 1.7/1.8 MB | 2.9/3.1 MBProgress (2): 1.7/1.8 MB | 2.9/3.1 MBProgress (2): 1.7/1.8 MB | 2.9/3.1 MBProgress (2): 1.7/1.8 MB | 3.0/3.1 MBProgress (2): 1.7/1.8 MB | 3.0/3.1 MBProgress (2): 1.7/1.8 MB | 3.0/3.1 MBProgress (2): 1.7/1.8 MB | 3.0/3.1 MBProgress (2): 1.7/1.8 MB | 3.0/3.1 MBProgress (2): 1.7/1.8 MB | 3.0/3.1 MBProgress (2): 1.7/1.8 MB | 3.1/3.1 MBProgress (2): 1.7/1.8 MB | 3.1 MB                                     Downloaded from central: https://repo.maven.apache.org/maven2/com/google/guava/guava/33.6.0-jre/guava-33.6.0-jre.jar (3.1 MB at 1.7 MB/s)
Downloading from central: https://repo.maven.apache.org/maven2/io/opentelemetry/opentelemetry-sdk-extension-autoconfigure/1.63.0/opentelemetry-sdk-extension-autoconfigure-1.63.0.jar
Progress (1): 1.7/1.8 MBProgress (1): 1.7/1.8 MBProgress (1): 1.7/1.8 MBProgress (1): 1.7/1.8 MBProgress (1): 1.7/1.8 MBProgress (1): 1.8/1.8 MBProgress (1): 1.8 MB                        Downloaded from central: https://repo.maven.apache.org/maven2/org/seleniumhq/selenium/selenium-devtools-v149/4.45.0/selenium-devtools-v149-4.45.0.jar (1.8 MB at 994 kB/s)
Downloading from central: https://repo.maven.apache.org/maven2/io/opentelemetry/opentelemetry-sdk-trace/1.63.0/opentelemetry-sdk-trace-1.63.0.jar
Progress (1): 7.7/17 kBProgress (1): 12/17 kB Progress (1): 17 kB                      Downloaded from central: https://repo.maven.apache.org/maven2/io/opentelemetry/opentelemetry-exporter-logging/1.63.0/opentelemetry-exporter-logging-1.63.0.jar (17 kB at 9.7 kB/s)
Downloading from central: https://repo.maven.apache.org/maven2/io/opentelemetry/opentelemetry-sdk/1.63.0/opentelemetry-sdk-1.63.0.jar
Progress (1): 7.7/83 kBProgress (1): 16/83 kB Progress (1): 24/83 kBProgress (1): 40/83 kBProgress (1): 57/83 kBProgress (1): 73/83 kBProgress (1): 83 kB                      Downloaded from central: https://repo.maven.apache.org/maven2/io/opentelemetry/opentelemetry-sdk-common/1.63.0/opentelemetry-sdk-common-1.63.0.jar (83 kB at 46 kB/s)
Downloading from central: https://repo.maven.apache.org/maven2/io/opentelemetry/opentelemetry-sdk-metrics/1.63.0/opentelemetry-sdk-metrics-1.63.0.jar
Progress (1): 7.7/21 kBProgress (1): 8.2/21 kBProgress (1): 21 kB                       Downloaded from central: https://repo.maven.apache.org/maven2/io/opentelemetry/opentelemetry-sdk-extension-autoconfigure-spi/1.63.0/opentelemetry-sdk-extension-autoconfigure-spi-1.63.0.jar (21 kB at 11 kB/s)
Downloading from central: https://repo.maven.apache.org/maven2/io/opentelemetry/opentelemetry-sdk-logs/1.63.0/opentelemetry-sdk-logs-1.63.0.jar
Progress (1): 3.2/50 kBProgress (1): 20/50 kB Progress (2): 20/50 kB | 7.7/146 kBProgress (2): 20/50 kB | 12/146 kB Progress (2): 20/50 kB | 29/146 kBProgress (2): 20/50 kB | 45/146 kBProgress (2): 20/50 kB | 61/146 kBProgress (2): 20/50 kB | 78/146 kBProgress (2): 20/50 kB | 94/146 kBProgress (2): 20/50 kB | 111/146 kBProgress (2): 20/50 kB | 127/146 kBProgress (2): 20/50 kB | 143/146 kBProgress (2): 36/50 kB | 143/146 kBProgress (2): 36/50 kB | 146 kB                                   Downloaded from central: https://repo.maven.apache.org/maven2/io/opentelemetry/opentelemetry-sdk-trace/1.63.0/opentelemetry-sdk-trace-1.63.0.jar (146 kB at 80 kB/s)
Downloading from central: https://repo.maven.apache.org/maven2/net/bytebuddy/byte-buddy/1.18.10/byte-buddy-1.18.10.jar
Progress (1): 50 kB                   Downloaded from central: https://repo.maven.apache.org/maven2/io/opentelemetry/opentelemetry-sdk-extension-autoconfigure/1.63.0/opentelemetry-sdk-extension-autoconfigure-1.63.0.jar (50 kB at 27 kB/s)
Downloading from central: https://repo.maven.apache.org/maven2/org/seleniumhq/selenium/selenium-os/4.45.0/selenium-os-4.45.0.jar
Progress (1): 4.1/13 kBProgress (1): 13 kB                       Downloaded from central: https://repo.maven.apache.org/maven2/io/opentelemetry/opentelemetry-sdk/1.63.0/opentelemetry-sdk-1.63.0.jar (13 kB at 7.1 kB/s)
Downloading from central: https://repo.maven.apache.org/maven2/org/seleniumhq/selenium/selenium-safari-driver/4.45.0/selenium-safari-driver-4.45.0.jar
Progress (1): 7.7/367 kBProgress (1): 8.2/367 kBProgress (1): 25/367 kB Progress (1): 41/367 kBProgress (1): 49/367 kBProgress (1): 66/367 kBProgress (1): 82/367 kBProgress (1): 98/367 kBProgress (1): 115/367 kBProgress (1): 131/367 kBProgress (1): 147/367 kBProgress (1): 164/367 kBProgress (1): 180/367 kBProgress (1): 197/367 kBProgress (1): 213/367 kBProgress (1): 229/367 kBProgress (1): 246/367 kBProgress (1): 262/367 kBProgress (1): 279/367 kBProgress (1): 295/367 kBProgress (1): 311/367 kBProgress (1): 328/367 kBProgress (1): 344/367 kBProgress (1): 360/367 kBProgress (1): 367 kB    Progress (2): 367 kB | 7.7/70 kB                                Downloaded from central: https://repo.maven.apache.org/maven2/io/opentelemetry/opentelemetry-sdk-metrics/1.63.0/opentelemetry-sdk-metrics-1.63.0.jar (367 kB at 197 kB/s)
Progress (1): 8.2/70 kB                       Downloading from central: https://repo.maven.apache.org/maven2/org/seleniumhq/selenium/selenium-support/4.45.0/selenium-support-4.45.0.jar
Progress (1): 25/70 kBProgress (1): 41/70 kBProgress (1): 57/70 kBProgress (1): 70 kB                      Downloaded from central: https://repo.maven.apache.org/maven2/io/opentelemetry/opentelemetry-sdk-logs/1.63.0/opentelemetry-sdk-logs-1.63.0.jar (70 kB at 37 kB/s)
Downloading from central: https://repo.maven.apache.org/maven2/org/testng/testng/7.12.0/testng-7.12.0.jar
Progress (1): 0/4.7 MBProgress (1): 0/4.7 MBProgress (1): 0/4.7 MBProgress (1): 0/4.7 MBProgress (2): 0/4.7 MB | 7.7/27 kBProgress (2): 0/4.7 MB | 16/27 kB Progress (2): 0/4.7 MB | 27 kB                                 Downloaded from central: https://repo.maven.apache.org/maven2/org/seleniumhq/selenium/selenium-safari-driver/4.45.0/selenium-safari-driver-4.45.0.jar (27 kB at 14 kB/s)
Downloading from central: https://repo.maven.apache.org/maven2/org/slf4j/slf4j-api/2.0.16/slf4j-api-2.0.16.jar
Progress (2): 0/4.7 MB | 7.7/9.7 kBProgress (2): 0/4.7 MB | 9.7 kB                                   Downloaded from central: https://repo.maven.apache.org/maven2/org/seleniumhq/selenium/selenium-os/4.45.0/selenium-os-4.45.0.jar (9.7 kB at 5.2 kB/s)
Downloading from central: https://repo.maven.apache.org/maven2/org/jcommander/jcommander/1.83/jcommander-1.83.jar
Progress (1): 0.1/4.7 MBProgress (1): 0.1/4.7 MBProgress (1): 0.1/4.7 MBProgress (1): 0.1/4.7 MBProgress (1): 0.1/4.7 MBProgress (1): 0.1/4.7 MBProgress (1): 0.2/4.7 MBProgress (1): 0.2/4.7 MBProgress (1): 0.2/4.7 MBProgress (1): 0.2/4.7 MBProgress (2): 0.2/4.7 MB | 7.7/173 kBProgress (2): 0.2/4.7 MB | 16/173 kB Progress (2): 0.2/4.7 MB | 24/173 kBProgress (2): 0.2/4.7 MB | 40/173 kBProgress (2): 0.2/4.7 MB | 57/173 kBProgress (2): 0.2/4.7 MB | 73/173 kBProgress (2): 0.2/4.7 MB | 90/173 kBProgress (2): 0.2/4.7 MB | 106/173 kBProgress (2): 0.2/4.7 MB | 115/173 kBProgress (2): 0.2/4.7 MB | 131/173 kBProgress (2): 0.2/4.7 MB | 147/173 kBProgress (2): 0.2/4.7 MB | 164/173 kBProgress (2): 0.2/4.7 MB | 173 kB    Progress (2): 0.2/4.7 MB | 173 kBProgress (2): 0.2/4.7 MB | 173 kB                                 Downloaded from central: https://repo.maven.apache.org/maven2/org/seleniumhq/selenium/selenium-support/4.45.0/selenium-support-4.45.0.jar (173 kB at 91 kB/s)
Downloading from central: https://repo.maven.apache.org/maven2/org/webjars/jquery/3.7.1/jquery-3.7.1.jar
Progress (1): 0.2/4.7 MBProgress (1): 0.3/4.7 MBProgress (1): 0.3/4.7 MBProgress (1): 0.3/4.7 MBProgress (1): 0.3/4.7 MBProgress (1): 0.3/4.7 MBProgress (1): 0.3/4.7 MBProgress (1): 0.4/4.7 MBProgress (1): 0.4/4.7 MBProgress (1): 0.4/4.7 MBProgress (2): 0.4/4.7 MB | 7.7/993 kBProgress (2): 0.4/4.7 MB | 8.2/993 kBProgress (2): 0.4/4.7 MB | 25/993 kB Progress (2): 0.4/4.7 MB | 41/993 kBProgress (2): 0.4/4.7 MB | 57/993 kBProgress (2): 0.4/4.7 MB | 74/993 kBProgress (2): 0.4/4.7 MB | 90/993 kBProgress (2): 0.4/4.7 MB | 106/993 kBProgress (2): 0.4/4.7 MB | 123/993 kBProgress (2): 0.4/4.7 MB | 139/993 kBProgress (2): 0.4/4.7 MB | 156/993 kBProgress (2): 0.4/4.7 MB | 172/993 kBProgress (2): 0.4/4.7 MB | 188/993 kBProgress (2): 0.4/4.7 MB | 205/993 kBProgress (2): 0.4/4.7 MB | 221/993 kBProgress (2): 0.4/4.7 MB | 238/993 kBProgress (2): 0.4/4.7 MB | 254/993 kBProgress (2): 0.4/4.7 MB | 270/993 kBProgress (2): 0.4/4.7 MB | 287/993 kBProgress (2): 0.4/4.7 MB | 303/993 kBProgress (2): 0.4/4.7 MB | 319/993 kBProgress (2): 0.4/4.7 MB | 336/993 kBProgress (2): 0.4/4.7 MB | 352/993 kBProgress (2): 0.4/4.7 MB | 369/993 kBProgress (2): 0.4/4.7 MB | 385/993 kBProgress (2): 0.4/4.7 MB | 401/993 kBProgress (2): 0.4/4.7 MB | 418/993 kBProgress (2): 0.4/4.7 MB | 434/993 kBProgress (2): 0.4/4.7 MB | 451/993 kBProgress (3): 0.4/4.7 MB | 451/993 kB | 7.7/69 kBProgress (4): 0.4/4.7 MB | 451/993 kB | 7.7/69 kB | 7.7/90 kBProgress (4): 0.4/4.7 MB | 451/993 kB | 16/69 kB | 7.7/90 kB Progress (4): 0.4/4.7 MB | 451/993 kB | 16/69 kB | 16/90 kB Progress (4): 0.4/4.7 MB | 451/993 kB | 24/69 kB | 16/90 kBProgress (4): 0.4/4.7 MB | 451/993 kB | 24/69 kB | 24/90 kBProgress (4): 0.4/4.7 MB | 451/993 kB | 24/69 kB | 40/90 kBProgress (4): 0.4/4.7 MB | 451/993 kB | 24/69 kB | 57/90 kBProgress (4): 0.4/4.7 MB | 451/993 kB | 24/69 kB | 73/90 kBProgress (4): 0.4/4.7 MB | 451/993 kB | 40/69 kB | 73/90 kBProgress (4): 0.4/4.7 MB | 451/993 kB | 40/69 kB | 90/90 kBProgress (4): 0.4/4.7 MB | 451/993 kB | 40/69 kB | 90 kB   Progress (4): 0.4/4.7 MB | 467/993 kB | 40/69 kB | 90 kB                                                        Downloaded from central: https://repo.maven.apache.org/maven2/org/jcommander/jcommander/1.83/jcommander-1.83.jar (90 kB at 46 kB/s)
Downloading from central: https://repo.maven.apache.org/maven2/io/github/bonigarcia/webdrivermanager/6.3.4/webdrivermanager-6.3.4.jar
Progress (3): 0.4/4.7 MB | 483/993 kB | 40/69 kBProgress (3): 0.4/4.7 MB | 500/993 kB | 40/69 kBProgress (3): 0.4/4.7 MB | 516/993 kB | 40/69 kBProgress (3): 0.4/4.7 MB | 516/993 kB | 57/69 kBProgress (3): 0.4/4.7 MB | 532/993 kB | 57/69 kBProgress (3): 0.4/4.7 MB | 549/993 kB | 57/69 kBProgress (3): 0.4/4.7 MB | 565/993 kB | 57/69 kBProgress (3): 0.4/4.7 MB | 577/993 kB | 57/69 kBProgress (3): 0.4/4.7 MB | 594/993 kB | 57/69 kBProgress (3): 0.4/4.7 MB | 594/993 kB | 69 kB                                                Downloaded from central: https://repo.maven.apache.org/maven2/org/slf4j/slf4j-api/2.0.16/slf4j-api-2.0.16.jar (69 kB at 35 kB/s)
Downloading from central: https://repo.maven.apache.org/maven2/com/google/code/gson/gson/2.13.2/gson-2.13.2.jar
Progress (2): 0.4/4.7 MB | 610/993 kBProgress (2): 0.4/4.7 MB | 626/993 kBProgress (2): 0.4/4.7 MB | 643/993 kBProgress (2): 0.4/4.7 MB | 659/993 kBProgress (2): 0.4/4.7 MB | 676/993 kBProgress (2): 0.4/4.7 MB | 692/993 kBProgress (2): 0.4/4.7 MB | 708/993 kBProgress (2): 0.4/4.7 MB | 725/993 kBProgress (2): 0.4/4.7 MB | 741/993 kBProgress (2): 0.4/4.7 MB | 757/993 kBProgress (2): 0.4/4.7 MB | 774/993 kBProgress (2): 0.4/4.7 MB | 790/993 kBProgress (2): 0.4/4.7 MB | 796/993 kBProgress (2): 0.4/4.7 MB | 807/993 kBProgress (2): 0.4/4.7 MB | 823/993 kBProgress (2): 0.4/4.7 MB | 839/993 kBProgress (2): 0.4/4.7 MB | 856/993 kBProgress (2): 0.4/4.7 MB | 872/993 kBProgress (2): 0.4/4.7 MB | 889/993 kBProgress (2): 0.4/4.7 MB | 905/993 kBProgress (2): 0.4/4.7 MB | 921/993 kBProgress (2): 0.4/4.7 MB | 928/993 kBProgress (2): 0.4/4.7 MB | 944/993 kBProgress (2): 0.4/4.7 MB | 960/993 kBProgress (2): 0.4/4.7 MB | 977/993 kBProgress (2): 0.4/4.7 MB | 993 kB    Progress (2): 0.4/4.7 MB | 993 kB                                 Downloaded from central: https://repo.maven.apache.org/maven2/org/testng/testng/7.12.0/testng-7.12.0.jar (993 kB at 499 kB/s)
Downloading from central: https://repo.maven.apache.org/maven2/com/google/errorprone/error_prone_annotations/2.41.0/error_prone_annotations-2.41.0.jar
Progress (1): 0.4/4.7 MBProgress (1): 0.4/4.7 MBProgress (2): 0.4/4.7 MB | 7.7/308 kBProgress (2): 0.4/4.7 MB | 16/308 kB Progress (2): 0.4/4.7 MB | 24/308 kBProgress (2): 0.4/4.7 MB | 40/308 kBProgress (2): 0.4/4.7 MB | 57/308 kBProgress (2): 0.4/4.7 MB | 73/308 kBProgress (2): 0.4/4.7 MB | 90/308 kBProgress (2): 0.4/4.7 MB | 106/308 kBProgress (2): 0.4/4.7 MB | 122/308 kBProgress (2): 0.4/4.7 MB | 131/308 kBProgress (2): 0.5/4.7 MB | 131/308 kBProgress (2): 0.5/4.7 MB | 147/308 kBProgress (2): 0.5/4.7 MB | 164/308 kBProgress (2): 0.5/4.7 MB | 180/308 kBProgress (2): 0.5/4.7 MB | 197/308 kBProgress (2): 0.5/4.7 MB | 197/308 kBProgress (2): 0.5/4.7 MB | 213/308 kBProgress (2): 0.5/4.7 MB | 229/308 kBProgress (2): 0.5/4.7 MB | 246/308 kBProgress (2): 0.5/4.7 MB | 262/308 kBProgress (2): 0.5/4.7 MB | 279/308 kBProgress (2): 0.5/4.7 MB | 295/308 kBProgress (2): 0.5/4.7 MB | 308 kB    Progress (2): 0.5/4.7 MB | 308 kB                                 Downloaded from central: https://repo.maven.apache.org/maven2/org/webjars/jquery/3.7.1/jquery-3.7.1.jar (308 kB at 153 kB/s)
Downloading from central: https://repo.maven.apache.org/maven2/com/github/docker-java/docker-java/3.7.1/docker-java-3.7.1.jar
Progress (1): 0.5/4.7 MBProgress (1): 0.5/4.7 MBProgress (1): 0.5/4.7 MBProgress (1): 0.6/4.7 MBProgress (1): 0.6/4.7 MBProgress (1): 0.6/4.7 MBProgress (2): 0.6/4.7 MB | 7.7/939 kBProgress (2): 0.6/4.7 MB | 12/939 kB Progress (2): 0.6/4.7 MB | 29/939 kBProgress (2): 0.6/4.7 MB | 45/939 kBProgress (2): 0.6/4.7 MB | 61/939 kBProgress (2): 0.6/4.7 MB | 78/939 kBProgress (2): 0.6/4.7 MB | 94/939 kBProgress (2): 0.6/4.7 MB | 111/939 kBProgress (3): 0.6/4.7 MB | 111/939 kB | 7.7/290 kBProgress (3): 0.6/4.7 MB | 111/939 kB | 11/290 kB Progress (3): 0.6/4.7 MB | 127/939 kB | 11/290 kBProgress (3): 0.6/4.7 MB | 127/939 kB | 28/290 kBProgress (3): 0.6/4.7 MB | 143/939 kB | 28/290 kBProgress (3): 0.6/4.7 MB | 160/939 kB | 28/290 kBProgress (3): 0.6/4.7 MB | 176/939 kB | 28/290 kBProgress (3): 0.6/4.7 MB | 176/939 kB | 44/290 kBProgress (3): 0.6/4.7 MB | 176/939 kB | 61/290 kBProgress (3): 0.6/4.7 MB | 176/939 kB | 77/290 kBProgress (3): 0.6/4.7 MB | 193/939 kB | 77/290 kBProgress (3): 0.6/4.7 MB | 193/939 kB | 93/290 kBProgress (3): 0.6/4.7 MB | 209/939 kB | 93/290 kBProgress (3): 0.6/4.7 MB | 209/939 kB | 110/290 kBProgress (3): 0.6/4.7 MB | 209/939 kB | 126/290 kBProgress (3): 0.6/4.7 MB | 209/939 kB | 142/290 kBProgress (3): 0.6/4.7 MB | 225/939 kB | 142/290 kBProgress (3): 0.6/4.7 MB | 225/939 kB | 159/290 kBProgress (3): 0.6/4.7 MB | 225/939 kB | 159/290 kBProgress (3): 0.6/4.7 MB | 225/939 kB | 175/290 kBProgress (3): 0.6/4.7 MB | 225/939 kB | 192/290 kBProgress (3): 0.6/4.7 MB | 225/939 kB | 192/290 kBProgress (3): 0.6/4.7 MB | 225/939 kB | 192/290 kBProgress (3): 0.6/4.7 MB | 225/939 kB | 208/290 kBProgress (3): 0.7/4.7 MB | 225/939 kB | 208/290 kBProgress (3): 0.7/4.7 MB | 225/939 kB | 224/290 kBProgress (3): 0.7/4.7 MB | 242/939 kB | 224/290 kBProgress (3): 0.7/4.7 MB | 242/939 kB | 241/290 kBProgress (3): 0.7/4.7 MB | 242/939 kB | 257/290 kBProgress (3): 0.7/4.7 MB | 242/939 kB | 266/290 kBProgress (3): 0.7/4.7 MB | 242/939 kB | 266/290 kBProgress (3): 0.7/4.7 MB | 242/939 kB | 282/290 kBProgress (3): 0.7/4.7 MB | 242/939 kB | 282/290 kBProgress (3): 0.7/4.7 MB | 242/939 kB | 290 kB    Progress (3): 0.7/4.7 MB | 242/939 kB | 290 kBProgress (4): 0.7/4.7 MB | 242/939 kB | 290 kB | 7.7/20 kBProgress (4): 0.7/4.7 MB | 242/939 kB | 290 kB | 7.7/20 kBProgress (4): 0.7/4.7 MB | 242/939 kB | 290 kB | 7.7/20 kB                                                          Downloaded from central: https://repo.maven.apache.org/maven2/com/google/code/gson/gson/2.13.2/gson-2.13.2.jar (290 kB at 141 kB/s)
Downloading from central: https://repo.maven.apache.org/maven2/com/github/docker-java/docker-java-core/3.7.1/docker-java-core-3.7.1.jar
Progress (3): 0.7/4.7 MB | 242/939 kB | 20 kB                                             Downloaded from central: https://repo.maven.apache.org/maven2/com/google/errorprone/error_prone_annotations/2.41.0/error_prone_annotations-2.41.0.jar (20 kB at 9.9 kB/s)
Downloading from central: https://repo.maven.apache.org/maven2/com/github/docker-java/docker-java-api/3.7.1/docker-java-api-3.7.1.jar
Progress (2): 0.7/4.7 MB | 242/939 kBProgress (2): 0.8/4.7 MB | 242/939 kBProgress (2): 0.8/4.7 MB | 242/939 kBProgress (2): 0.8/4.7 MB | 242/939 kBProgress (2): 0.8/4.7 MB | 242/939 kBProgress (2): 0.8/4.7 MB | 258/939 kBProgress (2): 0.8/4.7 MB | 258/939 kBProgress (2): 0.8/4.7 MB | 262/939 kBProgress (2): 0.8/4.7 MB | 279/939 kBProgress (2): 0.8/4.7 MB | 295/939 kBProgress (2): 0.8/4.7 MB | 311/939 kBProgress (2): 0.8/4.7 MB | 328/939 kBProgress (2): 0.8/4.7 MB | 344/939 kBProgress (2): 0.8/4.7 MB | 360/939 kBProgress (2): 0.8/4.7 MB | 377/939 kBProgress (3): 0.8/4.7 MB | 377/939 kB | 3.2/4.6 kBProgress (3): 0.8/4.7 MB | 377/939 kB | 4.6 kB                                                  Downloaded from central: https://repo.maven.apache.org/maven2/com/github/docker-java/docker-java/3.7.1/docker-java-3.7.1.jar (4.6 kB at 2.2 kB/s)
Downloading from central: https://repo.maven.apache.org/maven2/com/fasterxml/jackson/core/jackson-annotations/2.20/jackson-annotations-2.20.jar
Progress (2): 0.8/4.7 MB | 393/939 kBProgress (2): 0.8/4.7 MB | 410/939 kBProgress (2): 0.8/4.7 MB | 426/939 kBProgress (2): 0.8/4.7 MB | 442/939 kBProgress (2): 0.8/4.7 MB | 459/939 kBProgress (2): 0.8/4.7 MB | 475/939 kBProgress (2): 0.8/4.7 MB | 481/939 kBProgress (2): 0.8/4.7 MB | 498/939 kBProgress (2): 0.8/4.7 MB | 514/939 kBProgress (2): 0.8/4.7 MB | 531/939 kBProgress (2): 0.8/4.7 MB | 547/939 kBProgress (2): 0.8/4.7 MB | 557/939 kBProgress (2): 0.8/4.7 MB | 573/939 kBProgress (2): 0.8/4.7 MB | 590/939 kBProgress (2): 0.8/4.7 MB | 606/939 kBProgress (2): 0.8/4.7 MB | 623/939 kBProgress (2): 0.8/4.7 MB | 639/939 kBProgress (2): 0.8/4.7 MB | 639/939 kBProgress (2): 0.8/4.7 MB | 655/939 kBProgress (2): 0.8/4.7 MB | 655/939 kBProgress (2): 0.8/4.7 MB | 672/939 kBProgress (2): 0.8/4.7 MB | 672/939 kBProgress (2): 0.8/4.7 MB | 688/939 kBProgress (2): 0.8/4.7 MB | 705/939 kBProgress (2): 0.9/4.7 MB | 705/939 kBProgress (2): 0.9/4.7 MB | 705/939 kBProgress (2): 0.9/4.7 MB | 721/939 kBProgress (2): 0.9/4.7 MB | 737/939 kBProgress (2): 0.9/4.7 MB | 754/939 kBProgress (2): 0.9/4.7 MB | 770/939 kBProgress (2): 0.9/4.7 MB | 786/939 kBProgress (2): 0.9/4.7 MB | 803/939 kBProgress (2): 0.9/4.7 MB | 819/939 kBProgress (2): 0.9/4.7 MB | 819/939 kBProgress (2): 0.9/4.7 MB | 819/939 kBProgress (2): 0.9/4.7 MB | 819/939 kBProgress (2): 0.9/4.7 MB | 819/939 kBProgress (2): 0.9/4.7 MB | 836/939 kBProgress (2): 0.9/4.7 MB | 836/939 kBProgress (2): 0.9/4.7 MB | 852/939 kBProgress (2): 1.0/4.7 MB | 852/939 kBProgress (2): 1.0/4.7 MB | 868/939 kBProgress (2): 1.0/4.7 MB | 868/939 kBProgress (2): 1.0/4.7 MB | 885/939 kBProgress (2): 1.0/4.7 MB | 885/939 kBProgress (2): 1.0/4.7 MB | 901/939 kBProgress (2): 1.0/4.7 MB | 901/939 kBProgress (2): 1.0/4.7 MB | 901/939 kBProgress (2): 1.0/4.7 MB | 918/939 kBProgress (2): 1.0/4.7 MB | 934/939 kBProgress (2): 1.0/4.7 MB | 939 kB    Progress (3): 1.0/4.7 MB | 939 kB | 7.7/389 kB                                              Downloaded from central: https://repo.maven.apache.org/maven2/io/github/bonigarcia/webdrivermanager/6.3.4/webdrivermanager-6.3.4.jar (939 kB at 445 kB/s)
Progress (2): 1.0/4.7 MB | 16/389 kB                                    Downloading from central: https://repo.maven.apache.org/maven2/com/fasterxml/jackson/core/jackson-databind/2.20.1/jackson-databind-2.20.1.jar
Progress (2): 1.0/4.7 MB | 25/389 kBProgress (2): 1.0/4.7 MB | 41/389 kBProgress (2): 1.0/4.7 MB | 57/389 kBProgress (2): 1.0/4.7 MB | 74/389 kBProgress (2): 1.0/4.7 MB | 90/389 kBProgress (2): 1.0/4.7 MB | 106/389 kBProgress (2): 1.0/4.7 MB | 123/389 kBProgress (2): 1.0/4.7 MB | 139/389 kBProgress (2): 1.0/4.7 MB | 156/389 kBProgress (2): 1.0/4.7 MB | 172/389 kBProgress (2): 1.0/4.7 MB | 188/389 kBProgress (2): 1.0/4.7 MB | 197/389 kBProgress (2): 1.0/4.7 MB | 213/389 kBProgress (2): 1.0/4.7 MB | 229/389 kBProgress (2): 1.0/4.7 MB | 246/389 kBProgress (2): 1.0/4.7 MB | 262/389 kBProgress (2): 1.0/4.7 MB | 279/389 kBProgress (2): 1.0/4.7 MB | 295/389 kBProgress (2): 1.0/4.7 MB | 311/389 kBProgress (2): 1.0/4.7 MB | 328/389 kBProgress (2): 1.0/4.7 MB | 344/389 kBProgress (2): 1.0/4.7 MB | 360/389 kBProgress (2): 1.0/4.7 MB | 377/389 kBProgress (2): 1.0/4.7 MB | 389 kB                                     Downloaded from central: https://repo.maven.apache.org/maven2/com/github/docker-java/docker-java-core/3.7.1/docker-java-core-3.7.1.jar (389 kB at 182 kB/s)
Downloading from central: https://repo.maven.apache.org/maven2/com/fasterxml/jackson/core/jackson-core/2.20.1/jackson-core-2.20.1.jar
Progress (2): 1.0/4.7 MB | 7.7/79 kBProgress (2): 1.0/4.7 MB | 16/79 kB Progress (2): 1.0/4.7 MB | 25/79 kBProgress (2): 1.0/4.7 MB | 41/79 kBProgress (2): 1.0/4.7 MB | 57/79 kBProgress (2): 1.0/4.7 MB | 74/79 kBProgress (2): 1.0/4.7 MB | 79 kB                                   Downloaded from central: https://repo.maven.apache.org/maven2/com/fasterxml/jackson/core/jackson-annotations/2.20/jackson-annotations-2.20.jar (79 kB at 37 kB/s)
Downloading from central: https://repo.maven.apache.org/maven2/org/slf4j/jcl-over-slf4j/1.7.30/jcl-over-slf4j-1.7.30.jar
Progress (1): 1.0/4.7 MBProgress (2): 1.0/4.7 MB | 7.7/500 kBProgress (2): 1.0/4.7 MB | 16/500 kB Progress (2): 1.0/4.7 MB | 25/500 kBProgress (2): 1.0/4.7 MB | 25/500 kBProgress (2): 1.0/4.7 MB | 41/500 kBProgress (2): 1.0/4.7 MB | 57/500 kBProgress (2): 1.0/4.7 MB | 74/500 kBProgress (2): 1.0/4.7 MB | 90/500 kBProgress (2): 1.0/4.7 MB | 106/500 kBProgress (2): 1.0/4.7 MB | 123/500 kBProgress (2): 1.0/4.7 MB | 139/500 kBProgress (2): 1.0/4.7 MB | 156/500 kBProgress (2): 1.0/4.7 MB | 172/500 kBProgress (2): 1.0/4.7 MB | 188/500 kBProgress (2): 1.0/4.7 MB | 205/500 kBProgress (2): 1.0/4.7 MB | 221/500 kBProgress (2): 1.0/4.7 MB | 238/500 kBProgress (2): 1.0/4.7 MB | 246/500 kBProgress (2): 1.0/4.7 MB | 254/500 kBProgress (2): 1.0/4.7 MB | 270/500 kBProgress (2): 1.0/4.7 MB | 287/500 kBProgress (2): 1.0/4.7 MB | 303/500 kBProgress (2): 1.0/4.7 MB | 319/500 kBProgress (2): 1.0/4.7 MB | 336/500 kBProgress (2): 1.0/4.7 MB | 352/500 kBProgress (2): 1.0/4.7 MB | 369/500 kBProgress (2): 1.0/4.7 MB | 385/500 kBProgress (2): 1.0/4.7 MB | 401/500 kBProgress (2): 1.0/4.7 MB | 418/500 kBProgress (2): 1.0/4.7 MB | 434/500 kBProgress (2): 1.0/4.7 MB | 451/500 kBProgress (2): 1.0/4.7 MB | 467/500 kBProgress (2): 1.0/4.7 MB | 483/500 kBProgress (2): 1.0/4.7 MB | 500/500 kBProgress (2): 1.0/4.7 MB | 500 kB                                     Downloaded from central: https://repo.maven.apache.org/maven2/com/github/docker-java/docker-java-api/3.7.1/docker-java-api-3.7.1.jar (500 kB at 230 kB/s)
Downloading from central: https://repo.maven.apache.org/maven2/com/github/docker-java/docker-java-transport-httpclient5/3.7.1/docker-java-transport-httpclient5-3.7.1.jar
Progress (1): 1.1/4.7 MBProgress (1): 1.1/4.7 MBProgress (1): 1.1/4.7 MBProgress (1): 1.1/4.7 MBProgress (1): 1.1/4.7 MBProgress (1): 1.1/4.7 MBProgress (1): 1.2/4.7 MBProgress (1): 1.2/4.7 MBProgress (1): 1.2/4.7 MBProgress (1): 1.2/4.7 MBProgress (1): 1.2/4.7 MBProgress (1): 1.2/4.7 MBProgress (2): 1.2/4.7 MB | 0/1.7 MBProgress (2): 1.2/4.7 MB | 0/1.7 MBProgress (2): 1.2/4.7 MB | 0/1.7 MBProgress (2): 1.2/4.7 MB | 0.1/1.7 MBProgress (2): 1.2/4.7 MB | 0.1/1.7 MBProgress (2): 1.2/4.7 MB | 0.1/1.7 MBProgress (2): 1.2/4.7 MB | 0.1/1.7 MBProgress (2): 1.2/4.7 MB | 0.1/1.7 MBProgress (2): 1.2/4.7 MB | 0.1/1.7 MBProgress (2): 1.2/4.7 MB | 0.1/1.7 MBProgress (2): 1.2/4.7 MB | 0.2/1.7 MBProgress (2): 1.2/4.7 MB | 0.2/1.7 MBProgress (2): 1.2/4.7 MB | 0.2/1.7 MBProgress (2): 1.2/4.7 MB | 0.2/1.7 MBProgress (2): 1.2/4.7 MB | 0.2/1.7 MBProgress (2): 1.2/4.7 MB | 0.2/1.7 MBProgress (2): 1.2/4.7 MB | 0.3/1.7 MBProgress (2): 1.2/4.7 MB | 0.3/1.7 MBProgress (2): 1.2/4.7 MB | 0.3/1.7 MBProgress (2): 1.2/4.7 MB | 0.3/1.7 MBProgress (2): 1.2/4.7 MB | 0.3/1.7 MBProgress (2): 1.2/4.7 MB | 0.3/1.7 MBProgress (2): 1.2/4.7 MB | 0.4/1.7 MBProgress (2): 1.2/4.7 MB | 0.4/1.7 MBProgress (2): 1.2/4.7 MB | 0.4/1.7 MBProgress (2): 1.2/4.7 MB | 0.4/1.7 MBProgress (2): 1.2/4.7 MB | 0.4/1.7 MBProgress (2): 1.2/4.7 MB | 0.4/1.7 MBProgress (2): 1.2/4.7 MB | 0.5/1.7 MBProgress (2): 1.2/4.7 MB | 0.5/1.7 MBProgress (2): 1.2/4.7 MB | 0.5/1.7 MBProgress (2): 1.2/4.7 MB | 0.5/1.7 MBProgress (2): 1.2/4.7 MB | 0.5/1.7 MBProgress (2): 1.2/4.7 MB | 0.5/1.7 MBProgress (2): 1.2/4.7 MB | 0.6/1.7 MBProgress (2): 1.2/4.7 MB | 0.6/1.7 MBProgress (2): 1.2/4.7 MB | 0.6/1.7 MBProgress (2): 1.2/4.7 MB | 0.6/1.7 MBProgress (2): 1.2/4.7 MB | 0.6/1.7 MBProgress (2): 1.2/4.7 MB | 0.6/1.7 MBProgress (2): 1.2/4.7 MB | 0.7/1.7 MBProgress (2): 1.2/4.7 MB | 0.7/1.7 MBProgress (2): 1.2/4.7 MB | 0.7/1.7 MBProgress (2): 1.2/4.7 MB | 0.7/1.7 MBProgress (2): 1.2/4.7 MB | 0.7/1.7 MBProgress (2): 1.2/4.7 MB | 0.7/1.7 MBProgress (2): 1.2/4.7 MB | 0.8/1.7 MBProgress (2): 1.2/4.7 MB | 0.8/1.7 MBProgress (2): 1.2/4.7 MB | 0.8/1.7 MBProgress (2): 1.2/4.7 MB | 0.8/1.7 MBProgress (2): 1.2/4.7 MB | 0.8/1.7 MBProgress (2): 1.2/4.7 MB | 0.8/1.7 MBProgress (2): 1.2/4.7 MB | 0.9/1.7 MBProgress (2): 1.2/4.7 MB | 0.9/1.7 MBProgress (2): 1.2/4.7 MB | 0.9/1.7 MBProgress (2): 1.2/4.7 MB | 0.9/1.7 MBProgress (2): 1.2/4.7 MB | 0.9/1.7 MBProgress (2): 1.2/4.7 MB | 0.9/1.7 MBProgress (2): 1.2/4.7 MB | 1.0/1.7 MBProgress (2): 1.2/4.7 MB | 1.0/1.7 MBProgress (2): 1.2/4.7 MB | 1.0/1.7 MBProgress (2): 1.2/4.7 MB | 1.0/1.7 MBProgress (2): 1.2/4.7 MB | 1.0/1.7 MBProgress (2): 1.2/4.7 MB | 1.0/1.7 MBProgress (2): 1.2/4.7 MB | 1.0/1.7 MBProgress (2): 1.2/4.7 MB | 1.1/1.7 MBProgress (2): 1.2/4.7 MB | 1.1/1.7 MBProgress (2): 1.2/4.7 MB | 1.1/1.7 MBProgress (2): 1.2/4.7 MB | 1.1/1.7 MBProgress (2): 1.2/4.7 MB | 1.1/1.7 MBProgress (2): 1.2/4.7 MB | 1.1/1.7 MBProgress (2): 1.2/4.7 MB | 1.2/1.7 MBProgress (2): 1.2/4.7 MB | 1.2/1.7 MBProgress (2): 1.2/4.7 MB | 1.2/1.7 MBProgress (2): 1.2/4.7 MB | 1.2/1.7 MBProgress (2): 1.2/4.7 MB | 1.2/1.7 MBProgress (2): 1.2/4.7 MB | 1.2/1.7 MBProgress (2): 1.2/4.7 MB | 1.3/1.7 MBProgress (2): 1.2/4.7 MB | 1.3/1.7 MBProgress (2): 1.2/4.7 MB | 1.3/1.7 MBProgress (2): 1.2/4.7 MB | 1.3/1.7 MBProgress (2): 1.3/4.7 MB | 1.3/1.7 MBProgress (2): 1.3/4.7 MB | 1.3/1.7 MBProgress (2): 1.3/4.7 MB | 1.3/1.7 MBProgress (2): 1.3/4.7 MB | 1.3/1.7 MBProgress (2): 1.3/4.7 MB | 1.4/1.7 MBProgress (2): 1.3/4.7 MB | 1.4/1.7 MBProgress (3): 1.3/4.7 MB | 1.4/1.7 MB | 7.7/593 kBProgress (3): 1.3/4.7 MB | 1.4/1.7 MB | 12/593 kB Progress (3): 1.3/4.7 MB | 1.4/1.7 MB | 29/593 kBProgress (3): 1.3/4.7 MB | 1.4/1.7 MB | 45/593 kBProgress (3): 1.3/4.7 MB | 1.4/1.7 MB | 61/593 kBProgress (3): 1.3/4.7 MB | 1.4/1.7 MB | 78/593 kBProgress (3): 1.3/4.7 MB | 1.4/1.7 MB | 94/593 kBProgress (3): 1.3/4.7 MB | 1.4/1.7 MB | 111/593 kBProgress (3): 1.3/4.7 MB | 1.4/1.7 MB | 127/593 kBProgress (3): 1.3/4.7 MB | 1.4/1.7 MB | 143/593 kBProgress (3): 1.3/4.7 MB | 1.4/1.7 MB | 160/593 kBProgress (3): 1.3/4.7 MB | 1.4/1.7 MB | 176/593 kBProgress (3): 1.3/4.7 MB | 1.4/1.7 MB | 193/593 kBProgress (3): 1.3/4.7 MB | 1.4/1.7 MB | 209/593 kBProgress (3): 1.3/4.7 MB | 1.4/1.7 MB | 225/593 kBProgress (3): 1.3/4.7 MB | 1.4/1.7 MB | 242/593 kBProgress (3): 1.3/4.7 MB | 1.4/1.7 MB | 258/593 kBProgress (3): 1.3/4.7 MB | 1.4/1.7 MB | 274/593 kBProgress (3): 1.3/4.7 MB | 1.4/1.7 MB | 291/593 kBProgress (3): 1.3/4.7 MB | 1.4/1.7 MB | 307/593 kBProgress (3): 1.3/4.7 MB | 1.4/1.7 MB | 324/593 kBProgress (3): 1.3/4.7 MB | 1.4/1.7 MB | 340/593 kBProgress (3): 1.3/4.7 MB | 1.4/1.7 MB | 356/593 kBProgress (3): 1.3/4.7 MB | 1.4/1.7 MB | 373/593 kBProgress (3): 1.3/4.7 MB | 1.4/1.7 MB | 389/593 kBProgress (3): 1.3/4.7 MB | 1.4/1.7 MB | 406/593 kBProgress (3): 1.3/4.7 MB | 1.4/1.7 MB | 410/593 kBProgress (3): 1.3/4.7 MB | 1.4/1.7 MB | 426/593 kBProgress (3): 1.3/4.7 MB | 1.4/1.7 MB | 442/593 kBProgress (3): 1.3/4.7 MB | 1.4/1.7 MB | 459/593 kBProgress (3): 1.3/4.7 MB | 1.4/1.7 MB | 475/593 kBProgress (3): 1.3/4.7 MB | 1.4/1.7 MB | 492/593 kBProgress (3): 1.3/4.7 MB | 1.4/1.7 MB | 508/593 kBProgress (3): 1.3/4.7 MB | 1.4/1.7 MB | 524/593 kBProgress (3): 1.3/4.7 MB | 1.4/1.7 MB | 541/593 kBProgress (3): 1.3/4.7 MB | 1.4/1.7 MB | 541/593 kBProgress (3): 1.3/4.7 MB | 1.4/1.7 MB | 557/593 kBProgress (3): 1.3/4.7 MB | 1.4/1.7 MB | 557/593 kBProgress (3): 1.3/4.7 MB | 1.4/1.7 MB | 573/593 kBProgress (3): 1.3/4.7 MB | 1.4/1.7 MB | 573/593 kBProgress (3): 1.3/4.7 MB | 1.4/1.7 MB | 590/593 kBProgress (3): 1.3/4.7 MB | 1.4/1.7 MB | 593 kB    Progress (3): 1.3/4.7 MB | 1.4/1.7 MB | 593 kBProgress (4): 1.3/4.7 MB | 1.4/1.7 MB | 593 kB | 7.7/17 kBProgress (4): 1.3/4.7 MB | 1.4/1.7 MB | 593 kB | 16/17 kB Progress (4): 1.3/4.7 MB | 1.4/1.7 MB | 593 kB | 17 kB                                                         Downloaded from central: https://repo.maven.apache.org/maven2/org/slf4j/jcl-over-slf4j/1.7.30/jcl-over-slf4j-1.7.30.jar (17 kB at 6.9 kB/s)
Downloaded from central: https://repo.maven.apache.org/maven2/com/fasterxml/jackson/core/jackson-core/2.20.1/jackson-core-2.20.1.jar (593 kB at 248 kB/s)
Downloading from central: https://repo.maven.apache.org/maven2/com/github/docker-java/docker-java-transport/3.7.1/docker-java-transport-3.7.1.jar
Downloading from central: https://repo.maven.apache.org/maven2/net/java/dev/jna/jna/5.18.1/jna-5.18.1.jar
Progress (2): 1.4/4.7 MB | 1.4/1.7 MBProgress (2): 1.4/4.7 MB | 1.4/1.7 MBProgress (2): 1.4/4.7 MB | 1.4/1.7 MBProgress (2): 1.4/4.7 MB | 1.4/1.7 MBProgress (2): 1.4/4.7 MB | 1.4/1.7 MBProgress (2): 1.4/4.7 MB | 1.4/1.7 MBProgress (2): 1.4/4.7 MB | 1.4/1.7 MBProgress (2): 1.4/4.7 MB | 1.4/1.7 MBProgress (2): 1.4/4.7 MB | 1.4/1.7 MBProgress (2): 1.5/4.7 MB | 1.4/1.7 MBProgress (2): 1.5/4.7 MB | 1.4/1.7 MBProgress (2): 1.5/4.7 MB | 1.4/1.7 MBProgress (2): 1.5/4.7 MB | 1.5/1.7 MBProgress (2): 1.5/4.7 MB | 1.5/1.7 MBProgress (2): 1.5/4.7 MB | 1.5/1.7 MBProgress (2): 1.5/4.7 MB | 1.5/1.7 MBProgress (2): 1.5/4.7 MB | 1.5/1.7 MBProgress (2): 1.5/4.7 MB | 1.5/1.7 MBProgress (2): 1.5/4.7 MB | 1.6/1.7 MBProgress (2): 1.5/4.7 MB | 1.6/1.7 MBProgress (2): 1.5/4.7 MB | 1.6/1.7 MBProgress (2): 1.5/4.7 MB | 1.6/1.7 MBProgress (2): 1.5/4.7 MB | 1.6/1.7 MBProgress (2): 1.5/4.7 MB | 1.6/1.7 MBProgress (2): 1.5/4.7 MB | 1.6/1.7 MBProgress (2): 1.5/4.7 MB | 1.6/1.7 MBProgress (2): 1.5/4.7 MB | 1.6/1.7 MBProgress (2): 1.5/4.7 MB | 1.7/1.7 MBProgress (3): 1.5/4.7 MB | 1.7/1.7 MB | 7.7/17 kBProgress (3): 1.5/4.7 MB | 1.7/1.7 MB | 7.7/17 kBProgress (3): 1.5/4.7 MB | 1.7/1.7 MB | 8.2/17 kBProgress (3): 1.5/4.7 MB | 1.7/1.7 MB | 17 kB    Progress (3): 1.5/4.7 MB | 1.7/1.7 MB | 17 kBProgress (3): 1.5/4.7 MB | 1.7 MB | 17 kB                                             Downloaded from central: https://repo.maven.apache.org/maven2/com/fasterxml/jackson/core/jackson-databind/2.20.1/jackson-databind-2.20.1.jar (1.7 MB at 703 kB/s)
Downloaded from central: https://repo.maven.apache.org/maven2/com/github/docker-java/docker-java-transport-httpclient5/3.7.1/docker-java-transport-httpclient5-3.7.1.jar (17 kB at 6.9 kB/s)
Downloading from central: https://repo.maven.apache.org/maven2/org/apache/commons/commons-lang3/3.20.0/commons-lang3-3.20.0.jar
Downloading from central: https://repo.maven.apache.org/maven2/org/brotli/dec/0.1.2/dec-0.1.2.jar
Progress (1): 1.5/4.7 MBProgress (1): 1.5/4.7 MBProgress (1): 1.6/4.7 MBProgress (1): 1.6/4.7 MBProgress (1): 1.6/4.7 MBProgress (1): 1.6/4.7 MBProgress (1): 1.6/4.7 MBProgress (1): 1.6/4.7 MBProgress (1): 1.7/4.7 MBProgress (1): 1.7/4.7 MBProgress (1): 1.7/4.7 MBProgress (2): 1.7/4.7 MB | 7.7/39 kBProgress (2): 1.7/4.7 MB | 16/39 kB Progress (2): 1.7/4.7 MB | 32/39 kBProgress (2): 1.7/4.7 MB | 39 kB                                   Downloaded from central: https://repo.maven.apache.org/maven2/com/github/docker-java/docker-java-transport/3.7.1/docker-java-transport-3.7.1.jar (39 kB at 16 kB/s)
Downloading from central: https://repo.maven.apache.org/maven2/org/apache/commons/commons-compress/1.28.0/commons-compress-1.28.0.jar
Progress (2): 1.7/4.7 MB | 7.7/98 kBProgress (2): 1.7/4.7 MB | 16/98 kB Progress (2): 1.7/4.7 MB | 32/98 kBProgress (2): 1.7/4.7 MB | 49/98 kBProgress (2): 1.7/4.7 MB | 65/98 kBProgress (2): 1.7/4.7 MB | 81/98 kBProgress (2): 1.7/4.7 MB | 98/98 kBProgress (2): 1.7/4.7 MB | 98 kB                                   Downloaded from central: https://repo.maven.apache.org/maven2/org/brotli/dec/0.1.2/dec-0.1.2.jar (98 kB at 40 kB/s)
Downloading from central: https://repo.maven.apache.org/maven2/commons-codec/commons-codec/1.19.0/commons-codec-1.19.0.jar
Progress (2): 1.7/4.7 MB | 3.2/714 kBProgress (3): 1.7/4.7 MB | 3.2/714 kB | 0/2.0 MBProgress (3): 1.7/4.7 MB | 3.2/714 kB | 0/2.0 MBProgress (3): 1.7/4.7 MB | 3.2/714 kB | 0/2.0 MBProgress (3): 1.7/4.7 MB | 20/714 kB | 0/2.0 MB Progress (3): 1.7/4.7 MB | 20/714 kB | 0/2.0 MBProgress (3): 1.7/4.7 MB | 20/714 kB | 0.1/2.0 MBProgress (3): 1.7/4.7 MB | 36/714 kB | 0.1/2.0 MBProgress (3): 1.7/4.7 MB | 36/714 kB | 0.1/2.0 MBProgress (3): 1.7/4.7 MB | 52/714 kB | 0.1/2.0 MBProgress (3): 1.7/4.7 MB | 69/714 kB | 0.1/2.0 MBProgress (3): 1.7/4.7 MB | 77/714 kB | 0.1/2.0 MBProgress (3): 1.7/4.7 MB | 93/714 kB | 0.1/2.0 MBProgress (3): 1.7/4.7 MB | 101/714 kB | 0.1/2.0 MBProgress (3): 1.7/4.7 MB | 101/714 kB | 0.1/2.0 MBProgress (3): 1.7/4.7 MB | 118/714 kB | 0.1/2.0 MBProgress (3): 1.7/4.7 MB | 134/714 kB | 0.1/2.0 MBProgress (3): 1.7/4.7 MB | 147/714 kB | 0.1/2.0 MBProgress (3): 1.7/4.7 MB | 164/714 kB | 0.1/2.0 MBProgress (3): 1.7/4.7 MB | 180/714 kB | 0.1/2.0 MBProgress (3): 1.7/4.7 MB | 180/714 kB | 0.1/2.0 MBProgress (3): 1.7/4.7 MB | 197/714 kB | 0.1/2.0 MBProgress (3): 1.7/4.7 MB | 197/714 kB | 0.1/2.0 MBProgress (3): 1.7/4.7 MB | 213/714 kB | 0.1/2.0 MBProgress (3): 1.7/4.7 MB | 229/714 kB | 0.1/2.0 MBProgress (3): 1.7/4.7 MB | 238/714 kB | 0.1/2.0 MBProgress (3): 1.7/4.7 MB | 246/714 kB | 0.1/2.0 MBProgress (3): 1.7/4.7 MB | 262/714 kB | 0.1/2.0 MBProgress (3): 1.7/4.7 MB | 270/714 kB | 0.1/2.0 MBProgress (3): 1.7/4.7 MB | 287/714 kB | 0.1/2.0 MBProgress (3): 1.7/4.7 MB | 303/714 kB | 0.1/2.0 MBProgress (3): 1.7/4.7 MB | 303/714 kB | 0.1/2.0 MBProgress (3): 1.7/4.7 MB | 311/714 kB | 0.1/2.0 MBProgress (3): 1.7/4.7 MB | 328/714 kB | 0.1/2.0 MBProgress (3): 1.7/4.7 MB | 344/714 kB | 0.1/2.0 MBProgress (3): 1.7/4.7 MB | 360/714 kB | 0.1/2.0 MBProgress (3): 1.7/4.7 MB | 369/714 kB | 0.1/2.0 MBProgress (3): 1.7/4.7 MB | 385/714 kB | 0.1/2.0 MBProgress (3): 1.7/4.7 MB | 401/714 kB | 0.1/2.0 MBProgress (3): 1.7/4.7 MB | 418/714 kB | 0.1/2.0 MBProgress (3): 1.7/4.7 MB | 418/714 kB | 0.1/2.0 MBProgress (3): 1.7/4.7 MB | 434/714 kB | 0.1/2.0 MBProgress (3): 1.7/4.7 MB | 451/714 kB | 0.1/2.0 MBProgress (3): 1.7/4.7 MB | 467/714 kB | 0.1/2.0 MBProgress (3): 1.7/4.7 MB | 483/714 kB | 0.1/2.0 MBProgress (3): 1.7/4.7 MB | 492/714 kB | 0.1/2.0 MBProgress (3): 1.7/4.7 MB | 500/714 kB | 0.1/2.0 MBProgress (3): 1.7/4.7 MB | 516/714 kB | 0.1/2.0 MBProgress (3): 1.7/4.7 MB | 516/714 kB | 0.2/2.0 MBProgress (3): 1.7/4.7 MB | 516/714 kB | 0.2/2.0 MBProgress (3): 1.7/4.7 MB | 516/714 kB | 0.2/2.0 MBProgress (3): 1.7/4.7 MB | 532/714 kB | 0.2/2.0 MBProgress (3): 1.7/4.7 MB | 549/714 kB | 0.2/2.0 MBProgress (3): 1.7/4.7 MB | 565/714 kB | 0.2/2.0 MBProgress (3): 1.7/4.7 MB | 582/714 kB | 0.2/2.0 MBProgress (3): 1.7/4.7 MB | 598/714 kB | 0.2/2.0 MBProgress (3): 1.7/4.7 MB | 614/714 kB | 0.2/2.0 MBProgress (3): 1.7/4.7 MB | 614/714 kB | 0.2/2.0 MBProgress (3): 1.7/4.7 MB | 623/714 kB | 0.2/2.0 MBProgress (3): 1.7/4.7 MB | 631/714 kB | 0.2/2.0 MBProgress (3): 1.7/4.7 MB | 631/714 kB | 0.2/2.0 MBProgress (3): 1.7/4.7 MB | 647/714 kB | 0.2/2.0 MBProgress (3): 1.7/4.7 MB | 647/714 kB | 0.2/2.0 MBProgress (3): 1.7/4.7 MB | 664/714 kB | 0.2/2.0 MBProgress (3): 1.7/4.7 MB | 680/714 kB | 0.2/2.0 MBProgress (3): 1.7/4.7 MB | 696/714 kB | 0.2/2.0 MBProgress (3): 1.7/4.7 MB | 713/714 kB | 0.2/2.0 MBProgress (3): 1.7/4.7 MB | 714 kB | 0.2/2.0 MB                                                  Downloaded from central: https://repo.maven.apache.org/maven2/org/apache/commons/commons-lang3/3.20.0/commons-lang3-3.20.0.jar (714 kB at 284 kB/s)
Downloading from central: https://repo.maven.apache.org/maven2/commons-io/commons-io/2.20.0/commons-io-2.20.0.jar
Progress (2): 1.8/4.7 MB | 0.2/2.0 MBProgress (2): 1.8/4.7 MB | 0.2/2.0 MBProgress (2): 1.8/4.7 MB | 0.2/2.0 MBProgress (2): 1.8/4.7 MB | 0.2/2.0 MBProgress (2): 1.8/4.7 MB | 0.2/2.0 MBProgress (2): 1.8/4.7 MB | 0.3/2.0 MBProgress (2): 1.8/4.7 MB | 0.3/2.0 MBProgress (2): 1.8/4.7 MB | 0.3/2.0 MBProgress (2): 1.8/4.7 MB | 0.3/2.0 MBProgress (2): 1.8/4.7 MB | 0.3/2.0 MBProgress (2): 1.8/4.7 MB | 0.3/2.0 MBProgress (2): 1.8/4.7 MB | 0.3/2.0 MBProgress (2): 1.8/4.7 MB | 0.4/2.0 MBProgress (2): 1.8/4.7 MB | 0.4/2.0 MBProgress (2): 1.8/4.7 MB | 0.4/2.0 MBProgress (2): 1.8/4.7 MB | 0.4/2.0 MBProgress (2): 1.8/4.7 MB | 0.4/2.0 MBProgress (2): 1.8/4.7 MB | 0.4/2.0 MBProgress (2): 1.8/4.7 MB | 0.4/2.0 MBProgress (2): 1.8/4.7 MB | 0.5/2.0 MBProgress (2): 1.8/4.7 MB | 0.5/2.0 MBProgress (2): 1.8/4.7 MB | 0.5/2.0 MBProgress (2): 1.8/4.7 MB | 0.5/2.0 MBProgress (3): 1.8/4.7 MB | 0.5/2.0 MB | 0/1.1 MBProgress (3): 1.8/4.7 MB | 0.5/2.0 MB | 0/1.1 MBProgress (3): 1.8/4.7 MB | 0.5/2.0 MB | 0/1.1 MBProgress (3): 1.8/4.7 MB | 0.5/2.0 MB | 0/1.1 MBProgress (3): 1.8/4.7 MB | 0.5/2.0 MB | 0.1/1.1 MBProgress (3): 1.8/4.7 MB | 0.5/2.0 MB | 0.1/1.1 MBProgress (3): 1.8/4.7 MB | 0.5/2.0 MB | 0.1/1.1 MBProgress (3): 1.8/4.7 MB | 0.5/2.0 MB | 0.1/1.1 MBProgress (3): 1.8/4.7 MB | 0.5/2.0 MB | 0.1/1.1 MBProgress (3): 1.8/4.7 MB | 0.5/2.0 MB | 0.1/1.1 MBProgress (3): 1.8/4.7 MB | 0.5/2.0 MB | 0.2/1.1 MBProgress (3): 1.8/4.7 MB | 0.5/2.0 MB | 0.2/1.1 MBProgress (3): 1.8/4.7 MB | 0.5/2.0 MB | 0.2/1.1 MBProgress (4): 1.8/4.7 MB | 0.5/2.0 MB | 0.2/1.1 MB | 7.7/375 kBProgress (4): 1.8/4.7 MB | 0.5/2.0 MB | 0.2/1.1 MB | 11/375 kB Progress (4): 1.8/4.7 MB | 0.5/2.0 MB | 0.2/1.1 MB | 11/375 kBProgress (4): 1.8/4.7 MB | 0.5/2.0 MB | 0.2/1.1 MB | 28/375 kBProgress (4): 1.8/4.7 MB | 0.5/2.0 MB | 0.2/1.1 MB | 28/375 kBProgress (4): 1.8/4.7 MB | 0.5/2.0 MB | 0.2/1.1 MB | 28/375 kBProgress (4): 1.8/4.7 MB | 0.5/2.0 MB | 0.2/1.1 MB | 44/375 kBProgress (4): 1.8/4.7 MB | 0.5/2.0 MB | 0.2/1.1 MB | 44/375 kBProgress (4): 1.8/4.7 MB | 0.5/2.0 MB | 0.3/1.1 MB | 44/375 kBProgress (4): 1.8/4.7 MB | 0.5/2.0 MB | 0.3/1.1 MB | 61/375 kBProgress (4): 1.8/4.7 MB | 0.5/2.0 MB | 0.3/1.1 MB | 61/375 kBProgress (4): 1.8/4.7 MB | 0.5/2.0 MB | 0.3/1.1 MB | 61/375 kBProgress (4): 1.8/4.7 MB | 0.5/2.0 MB | 0.3/1.1 MB | 61/375 kBProgress (4): 1.8/4.7 MB | 0.5/2.0 MB | 0.3/1.1 MB | 77/375 kBProgress (4): 1.8/4.7 MB | 0.5/2.0 MB | 0.3/1.1 MB | 77/375 kBProgress (4): 1.8/4.7 MB | 0.5/2.0 MB | 0.3/1.1 MB | 93/375 kBProgress (4): 1.8/4.7 MB | 0.5/2.0 MB | 0.3/1.1 MB | 110/375 kBProgress (4): 1.8/4.7 MB | 0.5/2.0 MB | 0.3/1.1 MB | 110/375 kBProgress (4): 1.8/4.7 MB | 0.5/2.0 MB | 0.4/1.1 MB | 110/375 kBProgress (4): 1.8/4.7 MB | 0.5/2.0 MB | 0.4/1.1 MB | 110/375 kBProgress (4): 1.8/4.7 MB | 0.5/2.0 MB | 0.4/1.1 MB | 110/375 kBProgress (4): 1.8/4.7 MB | 0.5/2.0 MB | 0.4/1.1 MB | 110/375 kBProgress (4): 1.8/4.7 MB | 0.5/2.0 MB | 0.4/1.1 MB | 110/375 kBProgress (4): 1.8/4.7 MB | 0.5/2.0 MB | 0.4/1.1 MB | 110/375 kBProgress (4): 1.8/4.7 MB | 0.5/2.0 MB | 0.4/1.1 MB | 126/375 kBProgress (4): 1.8/4.7 MB | 0.5/2.0 MB | 0.4/1.1 MB | 142/375 kBProgress (4): 1.8/4.7 MB | 0.5/2.0 MB | 0.4/1.1 MB | 159/375 kBProgress (4): 1.8/4.7 MB | 0.5/2.0 MB | 0.4/1.1 MB | 175/375 kBProgress (4): 1.8/4.7 MB | 0.5/2.0 MB | 0.5/1.1 MB | 175/375 kBProgress (4): 1.8/4.7 MB | 0.5/2.0 MB | 0.5/1.1 MB | 175/375 kBProgress (4): 1.8/4.7 MB | 0.5/2.0 MB | 0.5/1.1 MB | 175/375 kBProgress (4): 1.8/4.7 MB | 0.5/2.0 MB | 0.5/1.1 MB | 192/375 kBProgress (4): 1.8/4.7 MB | 0.5/2.0 MB | 0.5/1.1 MB | 208/375 kBProgress (4): 1.8/4.7 MB | 0.5/2.0 MB | 0.5/1.1 MB | 224/375 kBProgress (4): 1.8/4.7 MB | 0.5/2.0 MB | 0.5/1.1 MB | 241/375 kBProgress (4): 1.8/4.7 MB | 0.5/2.0 MB | 0.5/1.1 MB | 257/375 kBProgress (4): 1.8/4.7 MB | 0.5/2.0 MB | 0.5/1.1 MB | 257/375 kBProgress (4): 1.8/4.7 MB | 0.5/2.0 MB | 0.5/1.1 MB | 257/375 kBProgress (4): 1.8/4.7 MB | 0.5/2.0 MB | 0.5/1.1 MB | 274/375 kBProgress (4): 1.8/4.7 MB | 0.5/2.0 MB | 0.5/1.1 MB | 274/375 kBProgress (4): 1.8/4.7 MB | 0.5/2.0 MB | 0.6/1.1 MB | 274/375 kBProgress (4): 1.8/4.7 MB | 0.5/2.0 MB | 0.6/1.1 MB | 290/375 kBProgress (4): 1.8/4.7 MB | 0.5/2.0 MB | 0.6/1.1 MB | 306/375 kBProgress (4): 1.8/4.7 MB | 0.5/2.0 MB | 0.6/1.1 MB | 306/375 kBProgress (4): 1.8/4.7 MB | 0.5/2.0 MB | 0.6/1.1 MB | 323/375 kBProgress (4): 1.8/4.7 MB | 0.5/2.0 MB | 0.6/1.1 MB | 323/375 kBProgress (4): 1.8/4.7 MB | 0.5/2.0 MB | 0.6/1.1 MB | 339/375 kBProgress (4): 1.8/4.7 MB | 0.5/2.0 MB | 0.6/1.1 MB | 355/375 kBProgress (4): 1.8/4.7 MB | 0.5/2.0 MB | 0.6/1.1 MB | 372/375 kBProgress (4): 1.8/4.7 MB | 0.5/2.0 MB | 0.6/1.1 MB | 372/375 kBProgress (4): 1.8/4.7 MB | 0.5/2.0 MB | 0.6/1.1 MB | 375 kB    Progress (4): 1.8/4.7 MB | 0.5/2.0 MB | 0.6/1.1 MB | 375 kBProgress (4): 1.8/4.7 MB | 0.5/2.0 MB | 0.6/1.1 MB | 375 kBProgress (4): 1.8/4.7 MB | 0.5/2.0 MB | 0.7/1.1 MB | 375 kBProgress (4): 1.8/4.7 MB | 0.5/2.0 MB | 0.7/1.1 MB | 375 kB                                                           Downloaded from central: https://repo.maven.apache.org/maven2/commons-codec/commons-codec/1.19.0/commons-codec-1.19.0.jar (375 kB at 144 kB/s)
Downloading from central: https://repo.maven.apache.org/maven2/org/apache/httpcomponents/client5/httpclient5/5.6/httpclient5-5.6.jar
Progress (3): 1.8/4.7 MB | 0.5/2.0 MB | 0.7/1.1 MBProgress (3): 1.8/4.7 MB | 0.5/2.0 MB | 0.7/1.1 MBProgress (3): 1.8/4.7 MB | 0.5/2.0 MB | 0.7/1.1 MBProgress (3): 1.8/4.7 MB | 0.5/2.0 MB | 0.7/1.1 MBProgress (3): 1.8/4.7 MB | 0.5/2.0 MB | 0.7/1.1 MBProgress (3): 1.8/4.7 MB | 0.5/2.0 MB | 0.8/1.1 MBProgress (3): 1.8/4.7 MB | 0.5/2.0 MB | 0.8/1.1 MBProgress (3): 1.8/4.7 MB | 0.5/2.0 MB | 0.8/1.1 MBProgress (3): 1.8/4.7 MB | 0.5/2.0 MB | 0.8/1.1 MBProgress (3): 1.8/4.7 MB | 0.5/2.0 MB | 0.8/1.1 MBProgress (3): 1.8/4.7 MB | 0.5/2.0 MB | 0.8/1.1 MBProgress (3): 1.8/4.7 MB | 0.5/2.0 MB | 0.9/1.1 MBProgress (3): 1.8/4.7 MB | 0.5/2.0 MB | 0.9/1.1 MBProgress (3): 1.8/4.7 MB | 0.5/2.0 MB | 0.9/1.1 MBProgress (3): 1.8/4.7 MB | 0.5/2.0 MB | 0.9/1.1 MBProgress (3): 1.8/4.7 MB | 0.5/2.0 MB | 0.9/1.1 MBProgress (3): 1.8/4.7 MB | 0.5/2.0 MB | 0.9/1.1 MBProgress (3): 1.8/4.7 MB | 0.5/2.0 MB | 1.0/1.1 MBProgress (3): 1.8/4.7 MB | 0.5/2.0 MB | 1.0/1.1 MBProgress (3): 1.8/4.7 MB | 0.5/2.0 MB | 1.0/1.1 MBProgress (3): 1.8/4.7 MB | 0.5/2.0 MB | 1.0/1.1 MBProgress (3): 1.8/4.7 MB | 0.5/2.0 MB | 1.0/1.1 MBProgress (3): 1.8/4.7 MB | 0.5/2.0 MB | 1.0/1.1 MBProgress (3): 1.8/4.7 MB | 0.5/2.0 MB | 1.1/1.1 MBProgress (3): 1.8/4.7 MB | 0.5/2.0 MB | 1.1/1.1 MBProgress (3): 1.8/4.7 MB | 0.5/2.0 MB | 1.1/1.1 MBProgress (3): 1.8/4.7 MB | 0.5/2.0 MB | 1.1/1.1 MBProgress (3): 1.8/4.7 MB | 0.5/2.0 MB | 1.1 MB    Progress (3): 1.8/4.7 MB | 0.5/2.0 MB | 1.1 MBProgress (3): 1.8/4.7 MB | 0.5/2.0 MB | 1.1 MBProgress (3): 1.8/4.7 MB | 0.5/2.0 MB | 1.1 MBProgress (3): 1.9/4.7 MB | 0.5/2.0 MB | 1.1 MBProgress (3): 1.9/4.7 MB | 0.5/2.0 MB | 1.1 MBProgress (3): 1.9/4.7 MB | 0.5/2.0 MB | 1.1 MB                                              Downloaded from central: https://repo.maven.apache.org/maven2/org/apache/commons/commons-compress/1.28.0/commons-compress-1.28.0.jar (1.1 MB at 425 kB/s)
Downloading from central: https://repo.maven.apache.org/maven2/org/apache/httpcomponents/core5/httpcore5/5.4/httpcore5-5.4.jar
Progress (2): 1.9/4.7 MB | 0.6/2.0 MBProgress (2): 1.9/4.7 MB | 0.6/2.0 MBProgress (2): 1.9/4.7 MB | 0.6/2.0 MBProgress (2): 1.9/4.7 MB | 0.6/2.0 MBProgress (2): 1.9/4.7 MB | 0.6/2.0 MBProgress (2): 1.9/4.7 MB | 0.6/2.0 MBProgress (2): 1.9/4.7 MB | 0.6/2.0 MBProgress (2): 1.9/4.7 MB | 0.6/2.0 MBProgress (2): 1.9/4.7 MB | 0.7/2.0 MBProgress (2): 1.9/4.7 MB | 0.7/2.0 MBProgress (2): 1.9/4.7 MB | 0.7/2.0 MBProgress (2): 1.9/4.7 MB | 0.7/2.0 MBProgress (2): 1.9/4.7 MB | 0.7/2.0 MBProgress (2): 1.9/4.7 MB | 0.7/2.0 MBProgress (2): 1.9/4.7 MB | 0.7/2.0 MBProgress (2): 1.9/4.7 MB | 0.7/2.0 MBProgress (2): 1.9/4.7 MB | 0.7/2.0 MBProgress (2): 1.9/4.7 MB | 0.8/2.0 MBProgress (2): 1.9/4.7 MB | 0.8/2.0 MBProgress (2): 1.9/4.7 MB | 0.8/2.0 MBProgress (2): 1.9/4.7 MB | 0.8/2.0 MBProgress (2): 1.9/4.7 MB | 0.8/2.0 MBProgress (2): 1.9/4.7 MB | 0.8/2.0 MBProgress (2): 1.9/4.7 MB | 0.8/2.0 MBProgress (2): 2.0/4.7 MB | 0.8/2.0 MBProgress (2): 2.0/4.7 MB | 0.9/2.0 MBProgress (2): 2.0/4.7 MB | 0.9/2.0 MBProgress (2): 2.0/4.7 MB | 0.9/2.0 MBProgress (2): 2.0/4.7 MB | 0.9/2.0 MBProgress (2): 2.0/4.7 MB | 0.9/2.0 MBProgress (2): 2.0/4.7 MB | 0.9/2.0 MBProgress (2): 2.0/4.7 MB | 0.9/2.0 MBProgress (2): 2.0/4.7 MB | 1.0/2.0 MBProgress (2): 2.0/4.7 MB | 1.0/2.0 MBProgress (3): 2.0/4.7 MB | 1.0/2.0 MB | 7.7/564 kBProgress (3): 2.0/4.7 MB | 1.0/2.0 MB | 16/564 kB Progress (3): 2.0/4.7 MB | 1.0/2.0 MB | 32/564 kBProgress (3): 2.0/4.7 MB | 1.0/2.0 MB | 33/564 kBProgress (3): 2.0/4.7 MB | 1.0/2.0 MB | 49/564 kBProgress (3): 2.0/4.7 MB | 1.0/2.0 MB | 66/564 kBProgress (3): 2.0/4.7 MB | 1.0/2.0 MB | 82/564 kBProgress (3): 2.0/4.7 MB | 1.0/2.0 MB | 98/564 kBProgress (3): 2.0/4.7 MB | 1.0/2.0 MB | 115/564 kBProgress (3): 2.0/4.7 MB | 1.0/2.0 MB | 131/564 kBProgress (3): 2.0/4.7 MB | 1.0/2.0 MB | 139/564 kBProgress (3): 2.0/4.7 MB | 1.0/2.0 MB | 156/564 kBProgress (3): 2.0/4.7 MB | 1.0/2.0 MB | 164/564 kBProgress (3): 2.0/4.7 MB | 1.0/2.0 MB | 180/564 kBProgress (3): 2.0/4.7 MB | 1.0/2.0 MB | 197/564 kBProgress (3): 2.0/4.7 MB | 1.0/2.0 MB | 213/564 kBProgress (3): 2.0/4.7 MB | 1.0/2.0 MB | 229/564 kBProgress (3): 2.0/4.7 MB | 1.0/2.0 MB | 246/564 kBProgress (3): 2.0/4.7 MB | 1.0/2.0 MB | 262/564 kBProgress (3): 2.0/4.7 MB | 1.0/2.0 MB | 279/564 kBProgress (3): 2.0/4.7 MB | 1.0/2.0 MB | 295/564 kBProgress (3): 2.0/4.7 MB | 1.0/2.0 MB | 311/564 kBProgress (3): 2.0/4.7 MB | 1.0/2.0 MB | 328/564 kBProgress (3): 2.0/4.7 MB | 1.0/2.0 MB | 344/564 kBProgress (3): 2.0/4.7 MB | 1.0/2.0 MB | 352/564 kBProgress (3): 2.0/4.7 MB | 1.0/2.0 MB | 369/564 kBProgress (3): 2.0/4.7 MB | 1.0/2.0 MB | 385/564 kBProgress (3): 2.0/4.7 MB | 1.0/2.0 MB | 401/564 kBProgress (3): 2.0/4.7 MB | 1.0/2.0 MB | 418/564 kBProgress (3): 2.0/4.7 MB | 1.0/2.0 MB | 426/564 kBProgress (3): 2.0/4.7 MB | 1.0/2.0 MB | 442/564 kBProgress (3): 2.0/4.7 MB | 1.0/2.0 MB | 451/564 kBProgress (3): 2.0/4.7 MB | 1.0/2.0 MB | 467/564 kBProgress (3): 2.0/4.7 MB | 1.0/2.0 MB | 483/564 kBProgress (3): 2.0/4.7 MB | 1.0/2.0 MB | 492/564 kBProgress (3): 2.0/4.7 MB | 1.0/2.0 MB | 508/564 kBProgress (3): 2.0/4.7 MB | 1.0/2.0 MB | 524/564 kBProgress (3): 2.0/4.7 MB | 1.0/2.0 MB | 541/564 kBProgress (3): 2.0/4.7 MB | 1.0/2.0 MB | 557/564 kBProgress (3): 2.0/4.7 MB | 1.0/2.0 MB | 564 kB    Progress (4): 2.0/4.7 MB | 1.0/2.0 MB | 564 kB | 0/1.1 MBProgress (4): 2.0/4.7 MB | 1.0/2.0 MB | 564 kB | 0/1.1 MBProgress (4): 2.0/4.7 MB | 1.0/2.0 MB | 564 kB | 0/1.1 MBProgress (4): 2.0/4.7 MB | 1.0/2.0 MB | 564 kB | 0/1.1 MBProgress (4): 2.0/4.7 MB | 1.0/2.0 MB | 564 kB | 0.1/1.1 MBProgress (4): 2.0/4.7 MB | 1.0/2.0 MB | 564 kB | 0.1/1.1 MBProgress (4): 2.0/4.7 MB | 1.0/2.0 MB | 564 kB | 0.1/1.1 MB                                                           Downloaded from central: https://repo.maven.apache.org/maven2/commons-io/commons-io/2.20.0/commons-io-2.20.0.jar (564 kB at 205 kB/s)
Downloading from central: https://repo.maven.apache.org/maven2/org/apache/httpcomponents/core5/httpcore5-h2/5.4/httpcore5-h2-5.4.jar
Progress (3): 2.0/4.7 MB | 1.0/2.0 MB | 0.1/1.1 MBProgress (3): 2.0/4.7 MB | 1.0/2.0 MB | 0.1/1.1 MBProgress (3): 2.0/4.7 MB | 1.0/2.0 MB | 0.1/1.1 MBProgress (3): 2.0/4.7 MB | 1.0/2.0 MB | 0.2/1.1 MBProgress (3): 2.0/4.7 MB | 1.0/2.0 MB | 0.2/1.1 MBProgress (3): 2.0/4.7 MB | 1.0/2.0 MB | 0.2/1.1 MBProgress (3): 2.0/4.7 MB | 1.0/2.0 MB | 0.2/1.1 MBProgress (3): 2.0/4.7 MB | 1.0/2.0 MB | 0.2/1.1 MBProgress (3): 2.0/4.7 MB | 1.0/2.0 MB | 0.2/1.1 MBProgress (3): 2.0/4.7 MB | 1.0/2.0 MB | 0.3/1.1 MBProgress (3): 2.0/4.7 MB | 1.0/2.0 MB | 0.3/1.1 MBProgress (3): 2.0/4.7 MB | 1.0/2.0 MB | 0.3/1.1 MBProgress (3): 2.0/4.7 MB | 1.0/2.0 MB | 0.3/1.1 MBProgress (3): 2.0/4.7 MB | 1.0/2.0 MB | 0.3/1.1 MBProgress (3): 2.0/4.7 MB | 1.0/2.0 MB | 0.3/1.1 MBProgress (3): 2.0/4.7 MB | 1.0/2.0 MB | 0.4/1.1 MBProgress (3): 2.0/4.7 MB | 1.0/2.0 MB | 0.4/1.1 MBProgress (3): 2.0/4.7 MB | 1.0/2.0 MB | 0.4/1.1 MBProgress (3): 2.0/4.7 MB | 1.0/2.0 MB | 0.4/1.1 MBProgress (3): 2.0/4.7 MB | 1.0/2.0 MB | 0.4/1.1 MBProgress (3): 2.0/4.7 MB | 1.0/2.0 MB | 0.4/1.1 MBProgress (3): 2.0/4.7 MB | 1.0/2.0 MB | 0.4/1.1 MBProgress (3): 2.0/4.7 MB | 1.0/2.0 MB | 0.5/1.1 MBProgress (3): 2.0/4.7 MB | 1.0/2.0 MB | 0.5/1.1 MBProgress (3): 2.0/4.7 MB | 1.0/2.0 MB | 0.5/1.1 MBProgress (3): 2.0/4.7 MB | 1.0/2.0 MB | 0.5/1.1 MBProgress (3): 2.0/4.7 MB | 1.0/2.0 MB | 0.5/1.1 MBProgress (3): 2.0/4.7 MB | 1.0/2.0 MB | 0.5/1.1 MBProgress (3): 2.0/4.7 MB | 1.0/2.0 MB | 0.6/1.1 MBProgress (3): 2.0/4.7 MB | 1.0/2.0 MB | 0.6/1.1 MBProgress (3): 2.0/4.7 MB | 1.0/2.0 MB | 0.6/1.1 MBProgress (3): 2.0/4.7 MB | 1.0/2.0 MB | 0.6/1.1 MBProgress (3): 2.0/4.7 MB | 1.0/2.0 MB | 0.6/1.1 MBProgress (3): 2.0/4.7 MB | 1.0/2.0 MB | 0.6/1.1 MBProgress (3): 2.0/4.7 MB | 1.0/2.0 MB | 0.7/1.1 MBProgress (3): 2.0/4.7 MB | 1.0/2.0 MB | 0.7/1.1 MBProgress (3): 2.0/4.7 MB | 1.0/2.0 MB | 0.7/1.1 MBProgress (3): 2.0/4.7 MB | 1.0/2.0 MB | 0.7/1.1 MBProgress (3): 2.0/4.7 MB | 1.0/2.0 MB | 0.7/1.1 MBProgress (3): 2.0/4.7 MB | 1.0/2.0 MB | 0.7/1.1 MBProgress (3): 2.0/4.7 MB | 1.0/2.0 MB | 0.7/1.1 MBProgress (3): 2.0/4.7 MB | 1.0/2.0 MB | 0.8/1.1 MBProgress (3): 2.0/4.7 MB | 1.0/2.0 MB | 0.8/1.1 MBProgress (3): 2.0/4.7 MB | 1.0/2.0 MB | 0.8/1.1 MBProgress (3): 2.0/4.7 MB | 1.0/2.0 MB | 0.8/1.1 MBProgress (3): 2.0/4.7 MB | 1.0/2.0 MB | 0.8/1.1 MBProgress (3): 2.0/4.7 MB | 1.0/2.0 MB | 0.8/1.1 MBProgress (3): 2.0/4.7 MB | 1.0/2.0 MB | 0.9/1.1 MBProgress (3): 2.0/4.7 MB | 1.0/2.0 MB | 0.9/1.1 MBProgress (3): 2.0/4.7 MB | 1.0/2.0 MB | 0.9/1.1 MBProgress (3): 2.0/4.7 MB | 1.0/2.0 MB | 0.9/1.1 MBProgress (3): 2.0/4.7 MB | 1.0/2.0 MB | 0.9/1.1 MBProgress (3): 2.0/4.7 MB | 1.0/2.0 MB | 0.9/1.1 MBProgress (3): 2.0/4.7 MB | 1.0/2.0 MB | 0.9/1.1 MBProgress (3): 2.0/4.7 MB | 1.0/2.0 MB | 0.9/1.1 MBProgress (3): 2.0/4.7 MB | 1.0/2.0 MB | 1.0/1.1 MBProgress (3): 2.0/4.7 MB | 1.0/2.0 MB | 1.0/1.1 MBProgress (3): 2.0/4.7 MB | 1.0/2.0 MB | 1.0/1.1 MBProgress (3): 2.0/4.7 MB | 1.0/2.0 MB | 1.0/1.1 MBProgress (3): 2.0/4.7 MB | 1.0/2.0 MB | 1.0/1.1 MBProgress (3): 2.0/4.7 MB | 1.0/2.0 MB | 1.0/1.1 MBProgress (3): 2.0/4.7 MB | 1.0/2.0 MB | 1.0/1.1 MBProgress (3): 2.0/4.7 MB | 1.0/2.0 MB | 1.0/1.1 MBProgress (3): 2.0/4.7 MB | 1.0/2.0 MB | 1.0/1.1 MBProgress (3): 2.0/4.7 MB | 1.0/2.0 MB | 1.0/1.1 MBProgress (3): 2.0/4.7 MB | 1.0/2.0 MB | 1.1 MB    Progress (3): 2.0/4.7 MB | 1.0/2.0 MB | 1.1 MB                                              Downloaded from central: https://repo.maven.apache.org/maven2/org/apache/httpcomponents/client5/httpclient5/5.6/httpclient5-5.6.jar (1.1 MB at 374 kB/s)
Downloading from central: https://repo.maven.apache.org/maven2/org/slf4j/slf4j-simple/2.1.0-alpha1/slf4j-simple-2.1.0-alpha1.jar
Progress (2): 2.0/4.7 MB | 1.0/2.0 MBProgress (2): 2.0/4.7 MB | 1.0/2.0 MBProgress (2): 2.0/4.7 MB | 1.1/2.0 MBProgress (3): 2.0/4.7 MB | 1.1/2.0 MB | 7.7/953 kBProgress (3): 2.0/4.7 MB | 1.1/2.0 MB | 16/953 kB Progress (3): 2.0/4.7 MB | 1.1/2.0 MB | 29/953 kBProgress (3): 2.0/4.7 MB | 1.1/2.0 MB | 45/953 kBProgress (3): 2.0/4.7 MB | 1.1/2.0 MB | 61/953 kBProgress (3): 2.0/4.7 MB | 1.1/2.0 MB | 61/953 kBProgress (3): 2.0/4.7 MB | 1.1/2.0 MB | 61/953 kBProgress (3): 2.0/4.7 MB | 1.1/2.0 MB | 78/953 kBProgress (3): 2.0/4.7 MB | 1.1/2.0 MB | 94/953 kBProgress (3): 2.0/4.7 MB | 1.1/2.0 MB | 111/953 kBProgress (3): 2.0/4.7 MB | 1.1/2.0 MB | 127/953 kBProgress (3): 2.0/4.7 MB | 1.1/2.0 MB | 143/953 kBProgress (3): 2.0/4.7 MB | 1.1/2.0 MB | 160/953 kBProgress (3): 2.0/4.7 MB | 1.1/2.0 MB | 176/953 kBProgress (3): 2.0/4.7 MB | 1.1/2.0 MB | 193/953 kBProgress (3): 2.0/4.7 MB | 1.1/2.0 MB | 209/953 kBProgress (3): 2.0/4.7 MB | 1.1/2.0 MB | 225/953 kBProgress (3): 2.0/4.7 MB | 1.1/2.0 MB | 242/953 kBProgress (3): 2.0/4.7 MB | 1.1/2.0 MB | 258/953 kBProgress (3): 2.0/4.7 MB | 1.1/2.0 MB | 274/953 kBProgress (3): 2.0/4.7 MB | 1.1/2.0 MB | 291/953 kBProgress (3): 2.0/4.7 MB | 1.1/2.0 MB | 307/953 kBProgress (3): 2.0/4.7 MB | 1.1/2.0 MB | 324/953 kBProgress (3): 2.0/4.7 MB | 1.1/2.0 MB | 340/953 kBProgress (3): 2.0/4.7 MB | 1.1/2.0 MB | 356/953 kBProgress (3): 2.0/4.7 MB | 1.1/2.0 MB | 368/953 kBProgress (3): 2.0/4.7 MB | 1.1/2.0 MB | 384/953 kBProgress (3): 2.0/4.7 MB | 1.1/2.0 MB | 400/953 kBProgress (3): 2.0/4.7 MB | 1.1/2.0 MB | 417/953 kBProgress (3): 2.0/4.7 MB | 1.1/2.0 MB | 433/953 kBProgress (3): 2.0/4.7 MB | 1.1/2.0 MB | 450/953 kBProgress (3): 2.0/4.7 MB | 1.1/2.0 MB | 466/953 kBProgress (3): 2.0/4.7 MB | 1.1/2.0 MB | 482/953 kBProgress (3): 2.0/4.7 MB | 1.1/2.0 MB | 499/953 kBProgress (3): 2.0/4.7 MB | 1.1/2.0 MB | 515/953 kBProgress (3): 2.0/4.7 MB | 1.1/2.0 MB | 532/953 kBProgress (3): 2.0/4.7 MB | 1.1/2.0 MB | 548/953 kBProgress (3): 2.0/4.7 MB | 1.1/2.0 MB | 564/953 kBProgress (3): 2.0/4.7 MB | 1.1/2.0 MB | 581/953 kBProgress (3): 2.0/4.7 MB | 1.1/2.0 MB | 587/953 kBProgress (3): 2.0/4.7 MB | 1.1/2.0 MB | 603/953 kBProgress (3): 2.0/4.7 MB | 1.1/2.0 MB | 620/953 kBProgress (3): 2.0/4.7 MB | 1.1/2.0 MB | 636/953 kBProgress (3): 2.0/4.7 MB | 1.1/2.0 MB | 652/953 kBProgress (3): 2.0/4.7 MB | 1.1/2.0 MB | 669/953 kBProgress (3): 2.0/4.7 MB | 1.1/2.0 MB | 685/953 kBProgress (3): 2.0/4.7 MB | 1.1/2.0 MB | 702/953 kBProgress (3): 2.0/4.7 MB | 1.1/2.0 MB | 718/953 kBProgress (3): 2.0/4.7 MB | 1.1/2.0 MB | 734/953 kBProgress (3): 2.0/4.7 MB | 1.1/2.0 MB | 751/953 kBProgress (3): 2.0/4.7 MB | 1.1/2.0 MB | 767/953 kBProgress (3): 2.0/4.7 MB | 1.1/2.0 MB | 784/953 kBProgress (3): 2.0/4.7 MB | 1.1/2.0 MB | 800/953 kBProgress (3): 2.0/4.7 MB | 1.1/2.0 MB | 806/953 kBProgress (3): 2.0/4.7 MB | 1.1/2.0 MB | 823/953 kBProgress (3): 2.0/4.7 MB | 1.1/2.0 MB | 839/953 kBProgress (3): 2.0/4.7 MB | 1.1/2.0 MB | 855/953 kBProgress (3): 2.0/4.7 MB | 1.1/2.0 MB | 872/953 kBProgress (3): 2.0/4.7 MB | 1.1/2.0 MB | 888/953 kBProgress (3): 2.0/4.7 MB | 1.1/2.0 MB | 905/953 kBProgress (3): 2.0/4.7 MB | 1.1/2.0 MB | 921/953 kBProgress (3): 2.0/4.7 MB | 1.1/2.0 MB | 921/953 kBProgress (3): 2.0/4.7 MB | 1.1/2.0 MB | 937/953 kBProgress (3): 2.0/4.7 MB | 1.1/2.0 MB | 953 kB                                                  Downloaded from central: https://repo.maven.apache.org/maven2/org/apache/httpcomponents/core5/httpcore5/5.4/httpcore5-5.4.jar (953 kB at 327 kB/s)
Progress (2): 2.0/4.7 MB | 1.1/2.0 MBProgress (2): 2.1/4.7 MB | 1.1/2.0 MBProgress (2): 2.1/4.7 MB | 1.1/2.0 MBProgress (2): 2.1/4.7 MB | 1.1/2.0 MBProgress (2): 2.1/4.7 MB | 1.1/2.0 MBProgress (2): 2.1/4.7 MB | 1.2/2.0 MBProgress (2): 2.1/4.7 MB | 1.2/2.0 MBProgress (2): 2.1/4.7 MB | 1.2/2.0 MBProgress (2): 2.1/4.7 MB | 1.2/2.0 MBProgress (2): 2.1/4.7 MB | 1.2/2.0 MBProgress (2): 2.1/4.7 MB | 1.2/2.0 MBProgress (2): 2.1/4.7 MB | 1.3/2.0 MBProgress (2): 2.1/4.7 MB | 1.3/2.0 MBProgress (2): 2.1/4.7 MB | 1.3/2.0 MBProgress (2): 2.1/4.7 MB | 1.3/2.0 MBProgress (2): 2.1/4.7 MB | 1.3/2.0 MBProgress (2): 2.1/4.7 MB | 1.3/2.0 MBProgress (2): 2.1/4.7 MB | 1.3/2.0 MBProgress (2): 2.1/4.7 MB | 1.3/2.0 MBProgress (2): 2.1/4.7 MB | 1.3/2.0 MBProgress (3): 2.1/4.7 MB | 1.3/2.0 MB | 7.7/263 kBProgress (3): 2.1/4.7 MB | 1.3/2.0 MB | 11/263 kB Progress (3): 2.1/4.7 MB | 1.3/2.0 MB | 28/263 kBProgress (3): 2.1/4.7 MB | 1.3/2.0 MB | 44/263 kBProgress (3): 2.1/4.7 MB | 1.3/2.0 MB | 61/263 kBProgress (3): 2.1/4.7 MB | 1.3/2.0 MB | 77/263 kBProgress (3): 2.1/4.7 MB | 1.3/2.0 MB | 93/263 kBProgress (3): 2.1/4.7 MB | 1.3/2.0 MB | 110/263 kBProgress (3): 2.1/4.7 MB | 1.3/2.0 MB | 126/263 kBProgress (3): 2.1/4.7 MB | 1.3/2.0 MB | 142/263 kBProgress (3): 2.1/4.7 MB | 1.3/2.0 MB | 159/263 kBProgress (3): 2.1/4.7 MB | 1.3/2.0 MB | 175/263 kBProgress (3): 2.1/4.7 MB | 1.3/2.0 MB | 192/263 kBProgress (3): 2.1/4.7 MB | 1.3/2.0 MB | 197/263 kBProgress (3): 2.1/4.7 MB | 1.3/2.0 MB | 205/263 kBProgress (3): 2.1/4.7 MB | 1.3/2.0 MB | 221/263 kBProgress (3): 2.1/4.7 MB | 1.3/2.0 MB | 238/263 kBProgress (3): 2.1/4.7 MB | 1.3/2.0 MB | 246/263 kBProgress (3): 2.1/4.7 MB | 1.3/2.0 MB | 262/263 kBProgress (3): 2.1/4.7 MB | 1.3/2.0 MB | 263 kB    Progress (3): 2.1/4.7 MB | 1.4/2.0 MB | 263 kBProgress (3): 2.1/4.7 MB | 1.4/2.0 MB | 263 kBProgress (3): 2.2/4.7 MB | 1.4/2.0 MB | 263 kBProgress (3): 2.2/4.7 MB | 1.4/2.0 MB | 263 kBProgress (3): 2.2/4.7 MB | 1.4/2.0 MB | 263 kBProgress (3): 2.2/4.7 MB | 1.4/2.0 MB | 263 kBProgress (3): 2.2/4.7 MB | 1.4/2.0 MB | 263 kBProgress (3): 2.2/4.7 MB | 1.4/2.0 MB | 263 kBProgress (4): 2.2/4.7 MB | 1.4/2.0 MB | 263 kB | 3.2/16 kB                                                          Downloaded from central: https://repo.maven.apache.org/maven2/org/apache/httpcomponents/core5/httpcore5-h2/5.4/httpcore5-h2-5.4.jar (263 kB at 90 kB/s)
Progress (3): 2.2/4.7 MB | 1.4/2.0 MB | 16 kB                                             Downloaded from central: https://repo.maven.apache.org/maven2/org/slf4j/slf4j-simple/2.1.0-alpha1/slf4j-simple-2.1.0-alpha1.jar (16 kB at 5.4 kB/s)
Progress (2): 2.2/4.7 MB | 1.4/2.0 MBProgress (2): 2.2/4.7 MB | 1.4/2.0 MBProgress (2): 2.2/4.7 MB | 1.4/2.0 MBProgress (2): 2.2/4.7 MB | 1.4/2.0 MBProgress (2): 2.2/4.7 MB | 1.4/2.0 MBProgress (2): 2.2/4.7 MB | 1.5/2.0 MBProgress (2): 2.2/4.7 MB | 1.5/2.0 MBProgress (2): 2.2/4.7 MB | 1.5/2.0 MBProgress (2): 2.2/4.7 MB | 1.5/2.0 MBProgress (2): 2.2/4.7 MB | 1.5/2.0 MBProgress (2): 2.2/4.7 MB | 1.5/2.0 MBProgress (2): 2.3/4.7 MB | 1.5/2.0 MBProgress (2): 2.3/4.7 MB | 1.5/2.0 MBProgress (2): 2.3/4.7 MB | 1.6/2.0 MBProgress (2): 2.3/4.7 MB | 1.6/2.0 MBProgress (2): 2.3/4.7 MB | 1.6/2.0 MBProgress (2): 2.3/4.7 MB | 1.6/2.0 MBProgress (2): 2.3/4.7 MB | 1.6/2.0 MBProgress (2): 2.3/4.7 MB | 1.6/2.0 MBProgress (2): 2.3/4.7 MB | 1.7/2.0 MBProgress (2): 2.3/4.7 MB | 1.7/2.0 MBProgress (2): 2.3/4.7 MB | 1.7/2.0 MBProgress (2): 2.3/4.7 MB | 1.7/2.0 MBProgress (2): 2.3/4.7 MB | 1.7/2.0 MBProgress (2): 2.3/4.7 MB | 1.7/2.0 MBProgress (2): 2.3/4.7 MB | 1.7/2.0 MBProgress (2): 2.3/4.7 MB | 1.7/2.0 MBProgress (2): 2.3/4.7 MB | 1.7/2.0 MBProgress (2): 2.3/4.7 MB | 1.7/2.0 MBProgress (2): 2.4/4.7 MB | 1.7/2.0 MBProgress (2): 2.4/4.7 MB | 1.7/2.0 MBProgress (2): 2.4/4.7 MB | 1.8/2.0 MBProgress (2): 2.4/4.7 MB | 1.8/2.0 MBProgress (2): 2.4/4.7 MB | 1.8/2.0 MBProgress (2): 2.4/4.7 MB | 1.8/2.0 MBProgress (2): 2.4/4.7 MB | 1.8/2.0 MBProgress (2): 2.4/4.7 MB | 1.8/2.0 MBProgress (2): 2.4/4.7 MB | 1.8/2.0 MBProgress (2): 2.4/4.7 MB | 1.8/2.0 MBProgress (2): 2.4/4.7 MB | 1.8/2.0 MBProgress (2): 2.4/4.7 MB | 1.8/2.0 MBProgress (2): 2.4/4.7 MB | 1.8/2.0 MBProgress (2): 2.4/4.7 MB | 1.9/2.0 MBProgress (2): 2.4/4.7 MB | 1.9/2.0 MBProgress (2): 2.4/4.7 MB | 1.9/2.0 MBProgress (2): 2.4/4.7 MB | 1.9/2.0 MBProgress (2): 2.4/4.7 MB | 1.9/2.0 MBProgress (2): 2.4/4.7 MB | 1.9/2.0 MBProgress (2): 2.4/4.7 MB | 1.9/2.0 MBProgress (2): 2.4/4.7 MB | 1.9/2.0 MBProgress (2): 2.4/4.7 MB | 2.0/2.0 MBProgress (2): 2.4/4.7 MB | 2.0/2.0 MBProgress (2): 2.5/4.7 MB | 2.0/2.0 MBProgress (2): 2.5/4.7 MB | 2.0/2.0 MBProgress (2): 2.5/4.7 MB | 2.0/2.0 MBProgress (2): 2.5/4.7 MB | 2.0 MB                                     Downloaded from central: https://repo.maven.apache.org/maven2/net/java/dev/jna/jna/5.18.1/jna-5.18.1.jar (2.0 MB at 661 kB/s)
Progress (1): 2.5/4.7 MBProgress (1): 2.5/4.7 MBProgress (1): 2.5/4.7 MBProgress (1): 2.5/4.7 MBProgress (1): 2.6/4.7 MBProgress (1): 2.6/4.7 MBProgress (1): 2.6/4.7 MBProgress (1): 2.6/4.7 MBProgress (1): 2.6/4.7 MBProgress (1): 2.6/4.7 MBProgress (1): 2.6/4.7 MBProgress (1): 2.7/4.7 MBProgress (1): 2.7/4.7 MBProgress (1): 2.7/4.7 MBProgress (1): 2.7/4.7 MBProgress (1): 2.7/4.7 MBProgress (1): 2.7/4.7 MBProgress (1): 2.8/4.7 MBProgress (1): 2.8/4.7 MBProgress (1): 2.8/4.7 MBProgress (1): 2.8/4.7 MBProgress (1): 2.8/4.7 MBProgress (1): 2.8/4.7 MBProgress (1): 2.9/4.7 MBProgress (1): 2.9/4.7 MBProgress (1): 2.9/4.7 MBProgress (1): 2.9/4.7 MBProgress (1): 2.9/4.7 MBProgress (1): 2.9/4.7 MBProgress (1): 3.0/4.7 MBProgress (1): 3.0/4.7 MBProgress (1): 3.0/4.7 MBProgress (1): 3.0/4.7 MBProgress (1): 3.0/4.7 MBProgress (1): 3.0/4.7 MBProgress (1): 3.1/4.7 MBProgress (1): 3.1/4.7 MBProgress (1): 3.1/4.7 MBProgress (1): 3.1/4.7 MBProgress (1): 3.1/4.7 MBProgress (1): 3.1/4.7 MBProgress (1): 3.2/4.7 MBProgress (1): 3.2/4.7 MBProgress (1): 3.2/4.7 MBProgress (1): 3.2/4.7 MBProgress (1): 3.2/4.7 MBProgress (1): 3.2/4.7 MBProgress (1): 3.3/4.7 MBProgress (1): 3.3/4.7 MBProgress (1): 3.3/4.7 MBProgress (1): 3.3/4.7 MBProgress (1): 3.3/4.7 MBProgress (1): 3.3/4.7 MBProgress (1): 3.4/4.7 MBProgress (1): 3.4/4.7 MBProgress (1): 3.4/4.7 MBProgress (1): 3.4/4.7 MBProgress (1): 3.4/4.7 MBProgress (1): 3.4/4.7 MBProgress (1): 3.5/4.7 MBProgress (1): 3.5/4.7 MBProgress (1): 3.5/4.7 MBProgress (1): 3.5/4.7 MBProgress (1): 3.5/4.7 MBProgress (1): 3.5/4.7 MBProgress (1): 3.5/4.7 MBProgress (1): 3.6/4.7 MBProgress (1): 3.6/4.7 MBProgress (1): 3.6/4.7 MBProgress (1): 3.6/4.7 MBProgress (1): 3.6/4.7 MBProgress (1): 3.6/4.7 MBProgress (1): 3.7/4.7 MBProgress (1): 3.7/4.7 MBProgress (1): 3.7/4.7 MBProgress (1): 3.7/4.7 MBProgress (1): 3.7/4.7 MBProgress (1): 3.7/4.7 MBProgress (1): 3.8/4.7 MBProgress (1): 3.8/4.7 MBProgress (1): 3.8/4.7 MBProgress (1): 3.8/4.7 MBProgress (1): 3.8/4.7 MBProgress (1): 3.8/4.7 MBProgress (1): 3.9/4.7 MBProgress (1): 3.9/4.7 MBProgress (1): 3.9/4.7 MBProgress (1): 3.9/4.7 MBProgress (1): 3.9/4.7 MBProgress (1): 3.9/4.7 MBProgress (1): 4.0/4.7 MBProgress (1): 4.0/4.7 MBProgress (1): 4.0/4.7 MBProgress (1): 4.0/4.7 MBProgress (1): 4.0/4.7 MBProgress (1): 4.0/4.7 MBProgress (1): 4.1/4.7 MBProgress (1): 4.1/4.7 MBProgress (1): 4.1/4.7 MBProgress (1): 4.1/4.7 MBProgress (1): 4.1/4.7 MBProgress (1): 4.1/4.7 MBProgress (1): 4.2/4.7 MBProgress (1): 4.2/4.7 MBProgress (1): 4.2/4.7 MBProgress (1): 4.2/4.7 MBProgress (1): 4.2/4.7 MBProgress (1): 4.2/4.7 MBProgress (1): 4.2/4.7 MBProgress (1): 4.3/4.7 MBProgress (1): 4.3/4.7 MBProgress (1): 4.3/4.7 MBProgress (1): 4.3/4.7 MBProgress (1): 4.3/4.7 MBProgress (1): 4.3/4.7 MBProgress (1): 4.4/4.7 MBProgress (1): 4.4/4.7 MBProgress (1): 4.4/4.7 MBProgress (1): 4.4/4.7 MBProgress (1): 4.4/4.7 MBProgress (1): 4.4/4.7 MBProgress (1): 4.5/4.7 MBProgress (1): 4.5/4.7 MBProgress (1): 4.5/4.7 MBProgress (1): 4.5/4.7 MBProgress (1): 4.5/4.7 MBProgress (1): 4.5/4.7 MBProgress (1): 4.6/4.7 MBProgress (1): 4.6/4.7 MBProgress (1): 4.6/4.7 MBProgress (1): 4.6/4.7 MBProgress (1): 4.6/4.7 MBProgress (1): 4.6/4.7 MBProgress (1): 4.7/4.7 MBProgress (1): 4.7 MB                        Downloaded from central: https://repo.maven.apache.org/maven2/net/bytebuddy/byte-buddy/1.18.10/byte-buddy-1.18.10.jar (4.7 MB at 1.3 MB/s)
[INFO] 
[INFO] --- resources:3.4.0:resources (default-resources) @ herokuAppQAAutomation ---
Downloading from central: https://repo.maven.apache.org/maven2/org/apache/maven/shared/maven-filtering/3.4.0/maven-filtering-3.4.0.pom
Progress (1): 787 BProgress (1): 2.2 kBProgress (1): 4.7 kBProgress (1): 6.5 kB                    Downloaded from central: https://repo.maven.apache.org/maven2/org/apache/maven/shared/maven-filtering/3.4.0/maven-filtering-3.4.0.pom (6.5 kB at 106 kB/s)
Downloading from central: https://repo.maven.apache.org/maven2/org/apache/maven/shared/maven-shared-components/43/maven-shared-components-43.pom
Progress (1): 811 BProgress (1): 2.3 kBProgress (1): 3.8 kB                    Downloaded from central: https://repo.maven.apache.org/maven2/org/apache/maven/shared/maven-shared-components/43/maven-shared-components-43.pom (3.8 kB at 82 kB/s)
Downloading from central: https://repo.maven.apache.org/maven2/org/apache/maven/maven-parent/43/maven-parent-43.pom
Progress (1): 720 BProgress (1): 1.9 kBProgress (1): 5.5 kBProgress (1): 9.9 kBProgress (1): 14 kB Progress (1): 19 kBProgress (1): 23 kBProgress (1): 26 kBProgress (1): 28 kBProgress (1): 31 kBProgress (1): 34 kBProgress (1): 38 kBProgress (1): 41 kBProgress (1): 43 kBProgress (1): 48 kBProgress (1): 48 kBProgress (1): 50 kB                   Downloaded from central: https://repo.maven.apache.org/maven2/org/apache/maven/maven-parent/43/maven-parent-43.pom (50 kB at 968 kB/s)
Downloading from central: https://repo.maven.apache.org/maven2/org/apache/apache/33/apache-33.pom
Progress (1): 741 BProgress (1): 2.1 kBProgress (1): 4.0 kBProgress (1): 6.0 kBProgress (1): 10 kB Progress (1): 16 kBProgress (1): 19 kBProgress (1): 22 kBProgress (1): 24 kB                   Downloaded from central: https://repo.maven.apache.org/maven2/org/apache/apache/33/apache-33.pom (24 kB at 494 kB/s)
Downloading from central: https://repo.maven.apache.org/maven2/org/junit/junit-bom/5.10.3/junit-bom-5.10.3.pom
Progress (1): 908 BProgress (1): 4.1 kBProgress (1): 5.6 kB                    Downloaded from central: https://repo.maven.apache.org/maven2/org/junit/junit-bom/5.10.3/junit-bom-5.10.3.pom (5.6 kB at 141 kB/s)
Downloading from central: https://repo.maven.apache.org/maven2/javax/inject/javax.inject/1/javax.inject-1.pom
Progress (1): 612 B                   Downloaded from central: https://repo.maven.apache.org/maven2/javax/inject/javax.inject/1/javax.inject-1.pom (612 B at 13 kB/s)
Downloading from central: https://repo.maven.apache.org/maven2/org/sonatype/plexus/plexus-build-api/0.0.7/plexus-build-api-0.0.7.pom
Progress (1): 910 BProgress (1): 3.2 kB                    Downloaded from central: https://repo.maven.apache.org/maven2/org/sonatype/plexus/plexus-build-api/0.0.7/plexus-build-api-0.0.7.pom (3.2 kB at 76 kB/s)
Downloading from central: https://repo.maven.apache.org/maven2/org/sonatype/spice/spice-parent/15/spice-parent-15.pom
Progress (1): 1.2 kBProgress (1): 3.7 kBProgress (1): 7.3 kBProgress (1): 8.4 kB                    Downloaded from central: https://repo.maven.apache.org/maven2/org/sonatype/spice/spice-parent/15/spice-parent-15.pom (8.4 kB at 137 kB/s)
Downloading from central: https://repo.maven.apache.org/maven2/org/sonatype/forge/forge-parent/5/forge-parent-5.pom
Progress (1): 1.4 kBProgress (1): 5.1 kBProgress (1): 8.4 kB                    Downloaded from central: https://repo.maven.apache.org/maven2/org/sonatype/forge/forge-parent/5/forge-parent-5.pom (8.4 kB at 149 kB/s)
Downloading from central: https://repo.maven.apache.org/maven2/org/codehaus/plexus/plexus-utils/4.0.2/plexus-utils-4.0.2.pom
Progress (1): 976 BProgress (1): 4.3 kBProgress (1): 7.7 kBProgress (1): 12 kB Progress (1): 13 kB                   Downloaded from central: https://repo.maven.apache.org/maven2/org/codehaus/plexus/plexus-utils/4.0.2/plexus-utils-4.0.2.pom (13 kB at 203 kB/s)
Downloading from central: https://repo.maven.apache.org/maven2/org/codehaus/plexus/plexus-xml/3.0.1/plexus-xml-3.0.1.pom
Progress (1): 814 BProgress (1): 2.6 kBProgress (1): 3.7 kB                    Downloaded from central: https://repo.maven.apache.org/maven2/org/codehaus/plexus/plexus-xml/3.0.1/plexus-xml-3.0.1.pom (3.7 kB at 67 kB/s)
Downloading from central: https://repo.maven.apache.org/maven2/org/codehaus/plexus/plexus/18/plexus-18.pom
Progress (1): 692 BProgress (1): 2.5 kBProgress (1): 6.4 kBProgress (1): 8.9 kBProgress (1): 10 kB Progress (1): 14 kBProgress (1): 18 kBProgress (1): 21 kBProgress (1): 25 kBProgress (1): 29 kBProgress (1): 29 kB                   Downloaded from central: https://repo.maven.apache.org/maven2/org/codehaus/plexus/plexus/18/plexus-18.pom (29 kB at 650 kB/s)
Downloading from central: https://repo.maven.apache.org/maven2/org/junit/junit-bom/5.10.2/junit-bom-5.10.2.pom
Progress (1): 908 BProgress (1): 4.1 kBProgress (1): 5.6 kB                    Downloaded from central: https://repo.maven.apache.org/maven2/org/junit/junit-bom/5.10.2/junit-bom-5.10.2.pom (5.6 kB at 145 kB/s)
Downloading from central: https://repo.maven.apache.org/maven2/org/codehaus/plexus/plexus-interpolation/1.27/plexus-interpolation-1.27.pom
Progress (1): 1.3 kBProgress (1): 3.0 kB                    Downloaded from central: https://repo.maven.apache.org/maven2/org/codehaus/plexus/plexus-interpolation/1.27/plexus-interpolation-1.27.pom (3.0 kB at 77 kB/s)
Downloading from central: https://repo.maven.apache.org/maven2/org/codehaus/plexus/plexus/16/plexus-16.pom
Progress (1): 692 BProgress (1): 2.7 kBProgress (1): 6.4 kBProgress (1): 8.9 kBProgress (1): 11 kB Progress (1): 14 kBProgress (1): 18 kBProgress (1): 21 kBProgress (1): 25 kBProgress (1): 28 kB                   Downloaded from central: https://repo.maven.apache.org/maven2/org/codehaus/plexus/plexus/16/plexus-16.pom (28 kB at 468 kB/s)
Downloading from central: https://repo.maven.apache.org/maven2/org/junit/junit-bom/5.10.1/junit-bom-5.10.1.pom
Progress (1): 908 BProgress (1): 4.1 kBProgress (1): 5.6 kB                    Downloaded from central: https://repo.maven.apache.org/maven2/org/junit/junit-bom/5.10.1/junit-bom-5.10.1.pom (5.6 kB at 145 kB/s)
Downloading from central: https://repo.maven.apache.org/maven2/commons-io/commons-io/2.16.1/commons-io-2.16.1.pom
Progress (1): 762 BProgress (1): 2.0 kBProgress (1): 4.9 kBProgress (1): 6.7 kBProgress (1): 8.8 kBProgress (1): 12 kB Progress (1): 15 kBProgress (1): 18 kBProgress (1): 20 kB                   Downloaded from central: https://repo.maven.apache.org/maven2/commons-io/commons-io/2.16.1/commons-io-2.16.1.pom (20 kB at 392 kB/s)
Downloading from central: https://repo.maven.apache.org/maven2/org/apache/commons/commons-parent/69/commons-parent-69.pom
Progress (1): 708 BProgress (1): 1.9 kBProgress (1): 3.1 kBProgress (1): 4.7 kBProgress (1): 6.4 kBProgress (1): 8.4 kBProgress (1): 10 kB Progress (1): 13 kBProgress (1): 14 kBProgress (1): 17 kBProgress (1): 19 kBProgress (1): 22 kBProgress (1): 25 kBProgress (1): 28 kBProgress (1): 31 kBProgress (1): 31 kBProgress (1): 35 kBProgress (1): 40 kBProgress (1): 43 kBProgress (1): 45 kBProgress (1): 48 kBProgress (1): 51 kBProgress (1): 55 kBProgress (1): 57 kBProgress (1): 59 kBProgress (1): 63 kBProgress (1): 67 kBProgress (1): 70 kBProgress (1): 73 kBProgress (1): 75 kBProgress (1): 77 kB                   Downloaded from central: https://repo.maven.apache.org/maven2/org/apache/commons/commons-parent/69/commons-parent-69.pom (77 kB at 1.2 MB/s)
Downloading from central: https://repo.maven.apache.org/maven2/org/apache/commons/commons-lang3/3.16.0/commons-lang3-3.16.0.pom
Progress (1): 744 BProgress (1): 1.8 kBProgress (1): 4.1 kBProgress (1): 5.7 kBProgress (1): 7.5 kBProgress (1): 10.0 kBProgress (1): 13 kB  Progress (1): 17 kBProgress (1): 20 kBProgress (1): 22 kBProgress (1): 26 kBProgress (1): 29 kBProgress (1): 31 kB                   Downloaded from central: https://repo.maven.apache.org/maven2/org/apache/commons/commons-lang3/3.16.0/commons-lang3-3.16.0.pom (31 kB at 680 kB/s)
Downloading from central: https://repo.maven.apache.org/maven2/org/apache/commons/commons-parent/72/commons-parent-72.pom
Progress (1): 705 BProgress (1): 1.9 kBProgress (1): 3.2 kBProgress (1): 4.7 kBProgress (1): 6.8 kBProgress (1): 8.4 kBProgress (1): 11 kB Progress (1): 13 kBProgress (1): 15 kBProgress (1): 17 kBProgress (1): 20 kBProgress (1): 22 kBProgress (1): 25 kBProgress (1): 28 kBProgress (1): 32 kBProgress (1): 32 kBProgress (1): 36 kBProgress (1): 40 kBProgress (1): 44 kBProgress (1): 46 kBProgress (1): 49 kBProgress (1): 51 kBProgress (1): 55 kBProgress (1): 57 kBProgress (1): 60 kBProgress (1): 63 kBProgress (1): 67 kBProgress (1): 70 kBProgress (1): 73 kBProgress (1): 75 kBProgress (1): 78 kB                   Downloaded from central: https://repo.maven.apache.org/maven2/org/apache/commons/commons-parent/72/commons-parent-72.pom (78 kB at 1.2 MB/s)
Downloading from central: https://repo.maven.apache.org/maven2/org/junit/junit-bom/5.11.0-M2/junit-bom-5.11.0-M2.pom
Progress (1): 908 BProgress (1): 4.1 kBProgress (1): 5.7 kB                    Downloaded from central: https://repo.maven.apache.org/maven2/org/junit/junit-bom/5.11.0-M2/junit-bom-5.11.0-M2.pom (5.7 kB at 146 kB/s)
Downloading from central: https://repo.maven.apache.org/maven2/org/apache/maven/shared/maven-filtering/3.4.0/maven-filtering-3.4.0.jar
Progress (1): 7.7/56 kBProgress (1): 12/56 kB Progress (1): 29/56 kBProgress (1): 45/56 kBProgress (1): 56 kB                      Downloaded from central: https://repo.maven.apache.org/maven2/org/apache/maven/shared/maven-filtering/3.4.0/maven-filtering-3.4.0.jar (56 kB at 919 kB/s)
Downloading from central: https://repo.maven.apache.org/maven2/org/slf4j/slf4j-api/1.7.36/slf4j-api-1.7.36.jar
Downloading from central: https://repo.maven.apache.org/maven2/org/codehaus/plexus/plexus-utils/4.0.2/plexus-utils-4.0.2.jar
Downloading from central: https://repo.maven.apache.org/maven2/org/sonatype/plexus/plexus-build-api/0.0.7/plexus-build-api-0.0.7.jar
Downloading from central: https://repo.maven.apache.org/maven2/org/codehaus/plexus/plexus-xml/3.0.1/plexus-xml-3.0.1.jar
Downloading from central: https://repo.maven.apache.org/maven2/org/codehaus/plexus/plexus-interpolation/1.27/plexus-interpolation-1.27.jar
Progress (1): 7.7/193 kBProgress (1): 16/193 kB Progress (1): 24/193 kBProgress (1): 40/193 kBProgress (2): 40/193 kB | 7.7/8.5 kBProgress (2): 40/193 kB | 8.5 kB    Progress (2): 57/193 kB | 8.5 kB                                Downloaded from central: https://repo.maven.apache.org/maven2/org/sonatype/plexus/plexus-build-api/0.0.7/plexus-build-api-0.0.7.jar (8.5 kB at 139 kB/s)
Downloading from central: https://repo.maven.apache.org/maven2/commons-io/commons-io/2.16.1/commons-io-2.16.1.jar
Progress (2): 57/193 kB | 7.7/41 kBProgress (2): 57/193 kB | 16/41 kB Progress (2): 73/193 kB | 16/41 kBProgress (2): 73/193 kB | 32/41 kBProgress (2): 90/193 kB | 32/41 kBProgress (2): 90/193 kB | 41 kB   Progress (3): 90/193 kB | 41 kB | 7.7/86 kBProgress (3): 90/193 kB | 41 kB | 16/86 kB                                           Downloaded from central: https://repo.maven.apache.org/maven2/org/slf4j/slf4j-api/1.7.36/slf4j-api-1.7.36.jar (41 kB at 377 kB/s)
Downloading from central: https://repo.maven.apache.org/maven2/javax/inject/javax.inject/1/javax.inject-1.jar
Progress (2): 90/193 kB | 25/86 kBProgress (2): 90/193 kB | 41/86 kBProgress (2): 90/193 kB | 57/86 kBProgress (2): 106/193 kB | 57/86 kBProgress (2): 106/193 kB | 74/86 kBProgress (2): 122/193 kB | 74/86 kBProgress (2): 122/193 kB | 86 kB   Progress (2): 139/193 kB | 86 kB                                Downloaded from central: https://repo.maven.apache.org/maven2/org/codehaus/plexus/plexus-interpolation/1.27/plexus-interpolation-1.27.jar (86 kB at 774 kB/s)
Progress (1): 155/193 kBProgress (1): 172/193 kBProgress (1): 188/193 kBProgress (1): 193 kB    Progress (2): 193 kB | 7.7/94 kBProgress (2): 193 kB | 16/94 kB Progress (2): 193 kB | 25/94 kBProgress (2): 193 kB | 41/94 kBProgress (2): 193 kB | 57/94 kBProgress (2): 193 kB | 74/94 kB                               Downloaded from central: https://repo.maven.apache.org/maven2/org/codehaus/plexus/plexus-utils/4.0.2/plexus-utils-4.0.2.jar (193 kB at 1.7 MB/s)
Progress (1): 90/94 kBProgress (1): 94 kB   Progress (2): 94 kB | 7.7/509 kBProgress (2): 94 kB | 16/509 kB Progress (2): 94 kB | 24/509 kBProgress (2): 94 kB | 40/509 kBProgress (2): 94 kB | 57/509 kB                               Downloaded from central: https://repo.maven.apache.org/maven2/org/codehaus/plexus/plexus-xml/3.0.1/plexus-xml-3.0.1.jar (94 kB at 813 kB/s)
Progress (1): 73/509 kBProgress (1): 90/509 kBProgress (1): 106/509 kBProgress (1): 122/509 kBProgress (1): 139/509 kBProgress (1): 155/509 kBProgress (1): 172/509 kBProgress (1): 188/509 kBProgress (1): 204/509 kBProgress (1): 221/509 kBProgress (1): 237/509 kBProgress (1): 246/509 kBProgress (1): 262/509 kBProgress (1): 279/509 kBProgress (1): 295/509 kBProgress (1): 311/509 kBProgress (1): 328/509 kBProgress (1): 344/509 kBProgress (1): 360/509 kBProgress (1): 377/509 kBProgress (1): 393/509 kBProgress (1): 410/509 kBProgress (1): 426/509 kBProgress (1): 442/509 kBProgress (1): 459/509 kBProgress (1): 475/509 kBProgress (1): 492/509 kBProgress (1): 508/509 kBProgress (1): 509 kB                        Downloaded from central: https://repo.maven.apache.org/maven2/commons-io/commons-io/2.16.1/commons-io-2.16.1.jar (509 kB at 3.7 MB/s)
Progress (1): 2.5 kB                    Downloaded from central: https://repo.maven.apache.org/maven2/javax/inject/javax.inject/1/javax.inject-1.jar (2.5 kB at 16 kB/s)
[INFO] Copying 0 resource from src/main/resources to target/classes
[INFO] 
[INFO] --- compiler:3.15.0:compile (default-compile) @ herokuAppQAAutomation ---
Downloading from central: https://repo.maven.apache.org/maven2/org/ow2/asm/asm/9.9.1/asm-9.9.1.pom
Progress (1): 1.3 kBProgress (1): 2.4 kB                    Downloaded from central: https://repo.maven.apache.org/maven2/org/ow2/asm/asm/9.9.1/asm-9.9.1.pom (2.4 kB at 48 kB/s)
Downloading from central: https://repo.maven.apache.org/maven2/org/ow2/ow2/1.5.1/ow2-1.5.1.pom
Progress (1): 709 BProgress (1): 2.1 kBProgress (1): 3.6 kBProgress (1): 5.7 kBProgress (1): 8.1 kBProgress (1): 11 kB                    Downloaded from central: https://repo.maven.apache.org/maven2/org/ow2/ow2/1.5.1/ow2-1.5.1.pom (11 kB at 240 kB/s)
Downloading from central: https://repo.maven.apache.org/maven2/org/apache/maven/shared/maven-shared-utils/3.4.2/maven-shared-utils-3.4.2.pom
Progress (1): 793 BProgress (1): 2.3 kBProgress (1): 4.3 kBProgress (1): 5.9 kB                    Downloaded from central: https://repo.maven.apache.org/maven2/org/apache/maven/shared/maven-shared-utils/3.4.2/maven-shared-utils-3.4.2.pom (5.9 kB at 137 kB/s)
Downloading from central: https://repo.maven.apache.org/maven2/org/apache/maven/shared/maven-shared-components/39/maven-shared-components-39.pom
Progress (1): 812 BProgress (1): 2.2 kBProgress (1): 3.2 kB                    Downloaded from central: https://repo.maven.apache.org/maven2/org/apache/maven/shared/maven-shared-components/39/maven-shared-components-39.pom (3.2 kB at 87 kB/s)
Downloading from central: https://repo.maven.apache.org/maven2/org/apache/maven/maven-parent/39/maven-parent-39.pom
Progress (1): 724 BProgress (1): 1.9 kBProgress (1): 5.5 kBProgress (1): 9.8 kBProgress (1): 14 kB Progress (1): 19 kBProgress (1): 23 kBProgress (1): 26 kBProgress (1): 28 kBProgress (1): 31 kBProgress (1): 34 kBProgress (1): 37 kBProgress (1): 40 kBProgress (1): 43 kBProgress (1): 48 kB                   Downloaded from central: https://repo.maven.apache.org/maven2/org/apache/maven/maven-parent/39/maven-parent-39.pom (48 kB at 1.2 MB/s)
Downloading from central: https://repo.maven.apache.org/maven2/org/apache/apache/29/apache-29.pom
Progress (1): 741 BProgress (1): 2.1 kBProgress (1): 3.9 kBProgress (1): 6.9 kBProgress (1): 12 kB Progress (1): 16 kBProgress (1): 19 kBProgress (1): 21 kB                   Downloaded from central: https://repo.maven.apache.org/maven2/org/apache/apache/29/apache-29.pom (21 kB at 531 kB/s)
Downloading from central: https://repo.maven.apache.org/maven2/commons-io/commons-io/2.11.0/commons-io-2.11.0.pom
Progress (1): 764 BProgress (1): 2.1 kBProgress (1): 5.2 kBProgress (1): 7.8 kBProgress (1): 10 kB Progress (1): 12 kBProgress (1): 15 kBProgress (1): 18 kBProgress (1): 20 kB                   Downloaded from central: https://repo.maven.apache.org/maven2/commons-io/commons-io/2.11.0/commons-io-2.11.0.pom (20 kB at 365 kB/s)
Downloading from central: https://repo.maven.apache.org/maven2/org/apache/commons/commons-parent/52/commons-parent-52.pom
Progress (1): 703 BProgress (1): 1.8 kBProgress (1): 3.1 kBProgress (1): 4.6 kBProgress (1): 6.7 kBProgress (1): 8.1 kBProgress (1): 10 kB Progress (1): 12 kBProgress (1): 15 kBProgress (1): 17 kBProgress (1): 20 kBProgress (1): 22 kBProgress (1): 25 kBProgress (1): 29 kBProgress (1): 32 kBProgress (1): 32 kBProgress (1): 36 kBProgress (1): 39 kBProgress (1): 42 kBProgress (1): 44 kBProgress (1): 47 kBProgress (1): 51 kBProgress (1): 54 kBProgress (1): 56 kBProgress (1): 61 kBProgress (1): 65 kBProgress (1): 73 kBProgress (1): 76 kBProgress (1): 79 kB                   Downloaded from central: https://repo.maven.apache.org/maven2/org/apache/commons/commons-parent/52/commons-parent-52.pom (79 kB at 1.7 MB/s)
Downloading from central: https://repo.maven.apache.org/maven2/org/apache/apache/23/apache-23.pom
Progress (1): 749 BProgress (1): 2.1 kBProgress (1): 3.9 kBProgress (1): 7.9 kBProgress (1): 13 kB Progress (1): 16 kBProgress (1): 18 kB                   Downloaded from central: https://repo.maven.apache.org/maven2/org/apache/apache/23/apache-23.pom (18 kB at 449 kB/s)
Downloading from central: https://repo.maven.apache.org/maven2/org/junit/junit-bom/5.7.2/junit-bom-5.7.2.pom
Progress (1): 912 BProgress (1): 4.1 kBProgress (1): 5.1 kB                    Downloaded from central: https://repo.maven.apache.org/maven2/org/junit/junit-bom/5.7.2/junit-bom-5.7.2.pom (5.1 kB at 142 kB/s)
Downloading from central: https://repo.maven.apache.org/maven2/org/apache/maven/shared/maven-shared-incremental/1.1/maven-shared-incremental-1.1.pom
Progress (1): 806 BProgress (1): 2.3 kBProgress (1): 4.7 kB                    Downloaded from central: https://repo.maven.apache.org/maven2/org/apache/maven/shared/maven-shared-incremental/1.1/maven-shared-incremental-1.1.pom (4.7 kB at 69 kB/s)
Downloading from central: https://repo.maven.apache.org/maven2/org/apache/maven/shared/maven-shared-components/19/maven-shared-components-19.pom
Progress (1): 773 BProgress (1): 2.4 kBProgress (1): 4.2 kBProgress (1): 6.4 kB                    Downloaded from central: https://repo.maven.apache.org/maven2/org/apache/maven/shared/maven-shared-components/19/maven-shared-components-19.pom (6.4 kB at 114 kB/s)
Downloading from central: https://repo.maven.apache.org/maven2/org/apache/maven/maven-parent/23/maven-parent-23.pom
Progress (1): 726 BProgress (1): 2.0 kBProgress (1): 5.9 kBProgress (1): 10 kB Progress (1): 15 kBProgress (1): 19 kBProgress (1): 22 kBProgress (1): 25 kBProgress (1): 27 kBProgress (1): 31 kBProgress (1): 33 kB                   Downloaded from central: https://repo.maven.apache.org/maven2/org/apache/maven/maven-parent/23/maven-parent-23.pom (33 kB at 652 kB/s)
Downloading from central: https://repo.maven.apache.org/maven2/org/apache/apache/13/apache-13.pom
Progress (1): 749 BProgress (1): 2.1 kBProgress (1): 4.1 kBProgress (1): 9.0 kBProgress (1): 11 kB Progress (1): 14 kB                   Downloaded from central: https://repo.maven.apache.org/maven2/org/apache/apache/13/apache-13.pom (14 kB at 318 kB/s)
Downloading from central: https://repo.maven.apache.org/maven2/org/codehaus/plexus/plexus-java/1.5.2/plexus-java-1.5.2.pom
Progress (1): 1.9 kBProgress (1): 4.1 kB                    Downloaded from central: https://repo.maven.apache.org/maven2/org/codehaus/plexus/plexus-java/1.5.2/plexus-java-1.5.2.pom (4.1 kB at 97 kB/s)
Downloading from central: https://repo.maven.apache.org/maven2/org/codehaus/plexus/plexus-languages/1.5.2/plexus-languages-1.5.2.pom
Progress (1): 1.4 kBProgress (1): 3.9 kB                    Downloaded from central: https://repo.maven.apache.org/maven2/org/codehaus/plexus/plexus-languages/1.5.2/plexus-languages-1.5.2.pom (3.9 kB at 90 kB/s)
Downloading from central: https://repo.maven.apache.org/maven2/org/codehaus/plexus/plexus/24/plexus-24.pom
Progress (1): 689 BProgress (1): 2.5 kBProgress (1): 6.4 kBProgress (1): 8.8 kBProgress (1): 11 kB Progress (1): 12 kBProgress (1): 16 kBProgress (1): 21 kBProgress (1): 23 kBProgress (1): 28 kBProgress (1): 31 kB                   Downloaded from central: https://repo.maven.apache.org/maven2/org/codehaus/plexus/plexus/24/plexus-24.pom (31 kB at 640 kB/s)
Downloading from central: https://repo.maven.apache.org/maven2/com/thoughtworks/qdox/qdox/2.2.0/qdox-2.2.0.pom
Progress (1): 872 BProgress (1): 3.4 kBProgress (1): 6.5 kBProgress (1): 11 kB Progress (1): 13 kBProgress (1): 18 kBProgress (1): 18 kB                   Downloaded from central: https://repo.maven.apache.org/maven2/com/thoughtworks/qdox/qdox/2.2.0/qdox-2.2.0.pom (18 kB at 280 kB/s)
Downloading from central: https://repo.maven.apache.org/maven2/org/codehaus/plexus/plexus-compiler-api/2.16.2/plexus-compiler-api-2.16.2.pom
Progress (1): 1.4 kB                    Downloaded from central: https://repo.maven.apache.org/maven2/org/codehaus/plexus/plexus-compiler-api/2.16.2/plexus-compiler-api-2.16.2.pom (1.4 kB at 28 kB/s)
Downloading from central: https://repo.maven.apache.org/maven2/org/codehaus/plexus/plexus-compiler/2.16.2/plexus-compiler-2.16.2.pom
Progress (1): 1.2 kBProgress (1): 4.6 kBProgress (1): 7.5 kB                    Downloaded from central: https://repo.maven.apache.org/maven2/org/codehaus/plexus/plexus-compiler/2.16.2/plexus-compiler-2.16.2.pom (7.5 kB at 135 kB/s)
Downloading from central: https://repo.maven.apache.org/maven2/org/codehaus/plexus/plexus/25/plexus-25.pom
Progress (1): 690 BProgress (1): 2.5 kBProgress (1): 6.4 kBProgress (1): 8.8 kBProgress (1): 11 kB Progress (1): 12 kBProgress (1): 17 kBProgress (1): 21 kBProgress (1): 23 kBProgress (1): 28 kBProgress (1): 31 kB                   Downloaded from central: https://repo.maven.apache.org/maven2/org/codehaus/plexus/plexus/25/plexus-25.pom (31 kB at 357 kB/s)
Downloading from central: https://repo.maven.apache.org/maven2/org/junit/junit-bom/5.14.1/junit-bom-5.14.1.pom
Progress (1): 908 BProgress (1): 4.1 kBProgress (1): 5.7 kB                    Downloaded from central: https://repo.maven.apache.org/maven2/org/junit/junit-bom/5.14.1/junit-bom-5.14.1.pom (5.7 kB at 135 kB/s)
Downloading from central: https://repo.maven.apache.org/maven2/org/codehaus/plexus/plexus-compiler-manager/2.16.2/plexus-compiler-manager-2.16.2.pom
Progress (1): 1.3 kB                    Downloaded from central: https://repo.maven.apache.org/maven2/org/codehaus/plexus/plexus-compiler-manager/2.16.2/plexus-compiler-manager-2.16.2.pom (1.3 kB at 24 kB/s)
Downloading from central: https://repo.maven.apache.org/maven2/org/codehaus/plexus/plexus-compiler-javac/2.16.2/plexus-compiler-javac-2.16.2.pom
Progress (1): 1.3 kB                    Downloaded from central: https://repo.maven.apache.org/maven2/org/codehaus/plexus/plexus-compiler-javac/2.16.2/plexus-compiler-javac-2.16.2.pom (1.3 kB at 29 kB/s)
Downloading from central: https://repo.maven.apache.org/maven2/org/codehaus/plexus/plexus-compilers/2.16.2/plexus-compilers-2.16.2.pom
Progress (1): 1.6 kBProgress (1): 1.6 kB                    Downloaded from central: https://repo.maven.apache.org/maven2/org/codehaus/plexus/plexus-compilers/2.16.2/plexus-compilers-2.16.2.pom (1.6 kB at 24 kB/s)
Downloading from central: https://repo.maven.apache.org/maven2/org/ow2/asm/asm/9.9.1/asm-9.9.1.jar
Progress (1): 7.7/126 kBProgress (1): 12/126 kB Progress (1): 29/126 kBProgress (1): 45/126 kBProgress (1): 61/126 kBProgress (1): 78/126 kBProgress (1): 94/126 kBProgress (1): 111/126 kBProgress (1): 126 kB                        Downloaded from central: https://repo.maven.apache.org/maven2/org/ow2/asm/asm/9.9.1/asm-9.9.1.jar (126 kB at 1.5 MB/s)
Downloading from central: https://repo.maven.apache.org/maven2/org/apache/maven/shared/maven-shared-utils/3.4.2/maven-shared-utils-3.4.2.jar
Downloading from central: https://repo.maven.apache.org/maven2/commons-io/commons-io/2.11.0/commons-io-2.11.0.jar
Downloading from central: https://repo.maven.apache.org/maven2/org/apache/maven/shared/maven-shared-incremental/1.1/maven-shared-incremental-1.1.jar
Downloading from central: https://repo.maven.apache.org/maven2/org/codehaus/plexus/plexus-java/1.5.2/plexus-java-1.5.2.jar
Downloading from central: https://repo.maven.apache.org/maven2/com/thoughtworks/qdox/qdox/2.2.0/qdox-2.2.0.jar
Progress (1): 7.7/327 kBProgress (1): 16/327 kB Progress (1): 24/327 kBProgress (1): 40/327 kBProgress (2): 40/327 kB | 7.7/151 kBProgress (2): 40/327 kB | 12/151 kB Progress (2): 57/327 kB | 12/151 kBProgress (2): 57/327 kB | 29/151 kBProgress (2): 73/327 kB | 29/151 kBProgress (2): 90/327 kB | 29/151 kBProgress (2): 90/327 kB | 45/151 kBProgress (2): 106/327 kB | 45/151 kBProgress (2): 106/327 kB | 61/151 kBProgress (2): 122/327 kB | 61/151 kBProgress (2): 139/327 kB | 61/151 kBProgress (2): 155/327 kB | 61/151 kBProgress (2): 172/327 kB | 61/151 kBProgress (2): 188/327 kB | 61/151 kBProgress (2): 204/327 kB | 61/151 kBProgress (2): 204/327 kB | 78/151 kBProgress (2): 221/327 kB | 78/151 kBProgress (2): 237/327 kB | 78/151 kBProgress (2): 253/327 kB | 78/151 kBProgress (2): 270/327 kB | 78/151 kBProgress (2): 286/327 kB | 78/151 kBProgress (2): 303/327 kB | 78/151 kBProgress (2): 319/327 kB | 78/151 kBProgress (2): 327 kB | 78/151 kB    Progress (2): 327 kB | 94/151 kB                                Downloaded from central: https://repo.maven.apache.org/maven2/commons-io/commons-io/2.11.0/commons-io-2.11.0.jar (327 kB at 3.3 MB/s)
Downloading from central: https://repo.maven.apache.org/maven2/org/codehaus/plexus/plexus-compiler-api/2.16.2/plexus-compiler-api-2.16.2.jar
Progress (1): 111/151 kBProgress (1): 127/151 kBProgress (2): 127/151 kB | 7.7/57 kBProgress (2): 127/151 kB | 12/57 kB Progress (2): 143/151 kB | 12/57 kBProgress (2): 143/151 kB | 29/57 kBProgress (3): 143/151 kB | 29/57 kB | 7.7/353 kBProgress (3): 143/151 kB | 29/57 kB | 12/353 kB Progress (3): 151 kB | 29/57 kB | 12/353 kB    Progress (3): 151 kB | 29/57 kB | 29/353 kB                                           Downloaded from central: https://repo.maven.apache.org/maven2/org/apache/maven/shared/maven-shared-utils/3.4.2/maven-shared-utils-3.4.2.jar (151 kB at 1.4 MB/s)
Downloading from central: https://repo.maven.apache.org/maven2/org/codehaus/plexus/plexus-compiler-manager/2.16.2/plexus-compiler-manager-2.16.2.jar
Progress (2): 45/57 kB | 29/353 kBProgress (2): 45/57 kB | 45/353 kBProgress (2): 57 kB | 45/353 kB                                  Downloaded from central: https://repo.maven.apache.org/maven2/org/codehaus/plexus/plexus-java/1.5.2/plexus-java-1.5.2.jar (57 kB at 521 kB/s)
Downloading from central: https://repo.maven.apache.org/maven2/org/codehaus/plexus/plexus-compiler-javac/2.16.2/plexus-compiler-javac-2.16.2.jar
Progress (1): 61/353 kBProgress (1): 78/353 kBProgress (1): 94/353 kBProgress (1): 111/353 kBProgress (1): 127/353 kBProgress (1): 143/353 kBProgress (1): 160/353 kBProgress (1): 176/353 kBProgress (1): 193/353 kBProgress (1): 209/353 kBProgress (1): 225/353 kBProgress (1): 242/353 kBProgress (1): 257/353 kBProgress (1): 274/353 kBProgress (1): 290/353 kBProgress (1): 307/353 kBProgress (1): 323/353 kBProgress (1): 339/353 kBProgress (1): 353 kB                        Downloaded from central: https://repo.maven.apache.org/maven2/com/thoughtworks/qdox/qdox/2.2.0/qdox-2.2.0.jar (353 kB at 2.8 MB/s)
Progress (1): 7.7/14 kBProgress (1): 14 kB                       Downloaded from central: https://repo.maven.apache.org/maven2/org/apache/maven/shared/maven-shared-incremental/1.1/maven-shared-incremental-1.1.jar (14 kB at 99 kB/s)
Progress (1): 7.7/29 kBProgress (1): 12/29 kB Progress (1): 29/29 kBProgress (1): 29 kB                      Downloaded from central: https://repo.maven.apache.org/maven2/org/codehaus/plexus/plexus-compiler-api/2.16.2/plexus-compiler-api-2.16.2.jar (29 kB at 202 kB/s)
Progress (1): 5.2 kB                    Downloaded from central: https://repo.maven.apache.org/maven2/org/codehaus/plexus/plexus-compiler-manager/2.16.2/plexus-compiler-manager-2.16.2.jar (5.2 kB at 34 kB/s)
Progress (1): 7.7/30 kBProgress (1): 11/30 kB Progress (1): 28/30 kBProgress (1): 30 kB                      Downloaded from central: https://repo.maven.apache.org/maven2/org/codehaus/plexus/plexus-compiler-javac/2.16.2/plexus-compiler-javac-2.16.2.jar (30 kB at 168 kB/s)
[INFO] Recompiling the module because of changed source code.
[INFO] Compiling 10 source files with javac [debug target 21] to target/classes
[INFO] 
[INFO] --- resources:3.4.0:testResources (default-testResources) @ herokuAppQAAutomation ---
[INFO] Copying 2 resources from src/test/resources to target/test-classes
[INFO] 
[INFO] --- compiler:3.15.0:testCompile (default-testCompile) @ herokuAppQAAutomation ---
[INFO] Recompiling the module because of changed dependency.
[INFO] Compiling 8 source files with javac [debug target 21] to target/test-classes
[INFO] 
[INFO] --- surefire:3.2.5:test (default-test) @ herokuAppQAAutomation ---
Downloading from central: https://repo.maven.apache.org/maven2/org/apache/maven/surefire/maven-surefire-common/3.2.5/maven-surefire-common-3.2.5.pom
Progress (1): 849 BProgress (1): 3.2 kBProgress (1): 5.9 kBProgress (1): 6.2 kB                    Downloaded from central: https://repo.maven.apache.org/maven2/org/apache/maven/surefire/maven-surefire-common/3.2.5/maven-surefire-common-3.2.5.pom (6.2 kB at 125 kB/s)
Downloading from central: https://repo.maven.apache.org/maven2/org/apache/maven/surefire/surefire-api/3.2.5/surefire-api-3.2.5.pom
Progress (1): 846 BProgress (1): 2.7 kBProgress (1): 3.5 kB                    Downloaded from central: https://repo.maven.apache.org/maven2/org/apache/maven/surefire/surefire-api/3.2.5/surefire-api-3.2.5.pom (3.5 kB at 84 kB/s)
Downloading from central: https://repo.maven.apache.org/maven2/org/apache/maven/surefire/surefire-logger-api/3.2.5/surefire-logger-api-3.2.5.pom
Progress (1): 834 BProgress (1): 2.3 kBProgress (1): 3.3 kB                    Downloaded from central: https://repo.maven.apache.org/maven2/org/apache/maven/surefire/surefire-logger-api/3.2.5/surefire-logger-api-3.2.5.pom (3.3 kB at 86 kB/s)
Downloading from central: https://repo.maven.apache.org/maven2/org/apache/maven/surefire/surefire-shared-utils/3.2.5/surefire-shared-utils-3.2.5.pom
Progress (1): 1.1 kBProgress (1): 4.1 kB                    Downloaded from central: https://repo.maven.apache.org/maven2/org/apache/maven/surefire/surefire-shared-utils/3.2.5/surefire-shared-utils-3.2.5.pom (4.1 kB at 107 kB/s)
Downloading from central: https://repo.maven.apache.org/maven2/org/apache/maven/surefire/surefire-extensions-api/3.2.5/surefire-extensions-api-3.2.5.pom
Progress (1): 842 BProgress (1): 2.8 kBProgress (1): 3.3 kB                    Downloaded from central: https://repo.maven.apache.org/maven2/org/apache/maven/surefire/surefire-extensions-api/3.2.5/surefire-extensions-api-3.2.5.pom (3.3 kB at 89 kB/s)
Downloading from central: https://repo.maven.apache.org/maven2/org/apache/maven/surefire/surefire-booter/3.2.5/surefire-booter-3.2.5.pom
Progress (1): 834 BProgress (1): 3.0 kBProgress (1): 4.5 kB                    Downloaded from central: https://repo.maven.apache.org/maven2/org/apache/maven/surefire/surefire-booter/3.2.5/surefire-booter-3.2.5.pom (4.5 kB at 89 kB/s)
Downloading from central: https://repo.maven.apache.org/maven2/org/apache/maven/surefire/surefire-extensions-spi/3.2.5/surefire-extensions-spi-3.2.5.pom
Progress (1): 878 BProgress (1): 1.8 kB                    Downloaded from central: https://repo.maven.apache.org/maven2/org/apache/maven/surefire/surefire-extensions-spi/3.2.5/surefire-extensions-spi-3.2.5.pom (1.8 kB at 34 kB/s)
Downloading from central: https://repo.maven.apache.org/maven2/org/eclipse/aether/aether-util/1.0.0.v20140518/aether-util-1.0.0.v20140518.pom
Progress (1): 937 BProgress (1): 2.2 kB                    Downloaded from central: https://repo.maven.apache.org/maven2/org/eclipse/aether/aether-util/1.0.0.v20140518/aether-util-1.0.0.v20140518.pom (2.2 kB at 37 kB/s)
Downloading from central: https://repo.maven.apache.org/maven2/org/eclipse/aether/aether/1.0.0.v20140518/aether-1.0.0.v20140518.pom
Progress (1): 798 BProgress (1): 3.2 kBProgress (1): 5.1 kBProgress (1): 9.1 kBProgress (1): 12 kB Progress (1): 17 kBProgress (1): 20 kBProgress (1): 23 kBProgress (1): 28 kBProgress (1): 30 kB                   Downloaded from central: https://repo.maven.apache.org/maven2/org/eclipse/aether/aether/1.0.0.v20140518/aether-1.0.0.v20140518.pom (30 kB at 548 kB/s)
Downloading from central: https://repo.maven.apache.org/maven2/org/eclipse/aether/aether-api/1.0.0.v20140518/aether-api-1.0.0.v20140518.pom
Progress (1): 938 BProgress (1): 1.9 kB                    Downloaded from central: https://repo.maven.apache.org/maven2/org/eclipse/aether/aether-api/1.0.0.v20140518/aether-api-1.0.0.v20140518.pom (1.9 kB at 43 kB/s)
Downloading from central: https://repo.maven.apache.org/maven2/org/apache/maven/shared/maven-common-artifact-filters/3.1.1/maven-common-artifact-filters-3.1.1.pom
Progress (1): 798 BProgress (1): 2.3 kBProgress (1): 5.7 kBProgress (1): 5.8 kB                    Downloaded from central: https://repo.maven.apache.org/maven2/org/apache/maven/shared/maven-common-artifact-filters/3.1.1/maven-common-artifact-filters-3.1.1.pom (5.8 kB at 118 kB/s)
Downloading from central: https://repo.maven.apache.org/maven2/org/apache/maven/shared/maven-shared-components/34/maven-shared-components-34.pom
Progress (1): 781 BProgress (1): 2.3 kBProgress (1): 4.6 kBProgress (1): 5.1 kB                    Downloaded from central: https://repo.maven.apache.org/maven2/org/apache/maven/shared/maven-shared-components/34/maven-shared-components-34.pom (5.1 kB at 106 kB/s)
Downloading from central: https://repo.maven.apache.org/maven2/org/apache/maven/maven-parent/34/maven-parent-34.pom
Progress (1): 806 BProgress (1): 2.1 kBProgress (1): 5.2 kBProgress (1): 9.6 kBProgress (1): 14 kB Progress (1): 19 kBProgress (1): 23 kBProgress (1): 26 kBProgress (1): 27 kBProgress (1): 30 kBProgress (1): 34 kBProgress (1): 37 kBProgress (1): 40 kBProgress (1): 43 kB                   Downloaded from central: https://repo.maven.apache.org/maven2/org/apache/maven/maven-parent/34/maven-parent-34.pom (43 kB at 649 kB/s)
Downloading from central: https://repo.maven.apache.org/maven2/org/apache/maven/maven-artifact/3.2.5/maven-artifact-3.2.5.pom
Progress (1): 843 BProgress (1): 2.3 kB                    Downloaded from central: https://repo.maven.apache.org/maven2/org/apache/maven/maven-artifact/3.2.5/maven-artifact-3.2.5.pom (2.3 kB at 56 kB/s)
Downloading from central: https://repo.maven.apache.org/maven2/org/apache/maven/maven/3.2.5/maven-3.2.5.pom
Progress (1): 759 BProgress (1): 1.9 kBProgress (1): 3.4 kBProgress (1): 5.3 kBProgress (1): 11 kB Progress (1): 15 kBProgress (1): 18 kBProgress (1): 21 kBProgress (1): 22 kB                   Downloaded from central: https://repo.maven.apache.org/maven2/org/apache/maven/maven/3.2.5/maven-3.2.5.pom (22 kB at 486 kB/s)
Downloading from central: https://repo.maven.apache.org/maven2/org/apache/maven/maven-parent/25/maven-parent-25.pom
Progress (1): 730 BProgress (1): 2.0 kBProgress (1): 6.0 kBProgress (1): 11 kB Progress (1): 15 kBProgress (1): 19 kBProgress (1): 23 kBProgress (1): 24 kBProgress (1): 27 kBProgress (1): 30 kBProgress (1): 32 kBProgress (1): 37 kBProgress (1): 37 kB                   Downloaded from central: https://repo.maven.apache.org/maven2/org/apache/maven/maven-parent/25/maven-parent-25.pom (37 kB at 797 kB/s)
Downloading from central: https://repo.maven.apache.org/maven2/org/apache/apache/15/apache-15.pom
Progress (1): 754 BProgress (1): 2.1 kBProgress (1): 3.9 kBProgress (1): 7.9 kBProgress (1): 11 kB Progress (1): 14 kBProgress (1): 15 kB                   Downloaded from central: https://repo.maven.apache.org/maven2/org/apache/apache/15/apache-15.pom (15 kB at 317 kB/s)
Downloading from central: https://repo.maven.apache.org/maven2/org/codehaus/plexus/plexus-utils/4.0.0/plexus-utils-4.0.0.pom
Progress (1): 724 BProgress (1): 2.3 kBProgress (1): 4.5 kBProgress (1): 8.7 kB                    Downloaded from central: https://repo.maven.apache.org/maven2/org/codehaus/plexus/plexus-utils/4.0.0/plexus-utils-4.0.0.pom (8.7 kB at 192 kB/s)
Downloading from central: https://repo.maven.apache.org/maven2/org/codehaus/plexus/plexus/13/plexus-13.pom
Progress (1): 693 BProgress (1): 2.5 kBProgress (1): 6.4 kBProgress (1): 8.9 kBProgress (1): 11 kB Progress (1): 14 kBProgress (1): 18 kBProgress (1): 21 kBProgress (1): 26 kBProgress (1): 27 kB                   Downloaded from central: https://repo.maven.apache.org/maven2/org/codehaus/plexus/plexus/13/plexus-13.pom (27 kB at 498 kB/s)
Downloading from central: https://repo.maven.apache.org/maven2/org/apache/maven/maven-core/3.2.5/maven-core-3.2.5.pom
Progress (1): 794 BProgress (1): 2.2 kBProgress (1): 5.3 kBProgress (1): 8.1 kB                    Downloaded from central: https://repo.maven.apache.org/maven2/org/apache/maven/maven-core/3.2.5/maven-core-3.2.5.pom (8.1 kB at 152 kB/s)
Downloading from central: https://repo.maven.apache.org/maven2/org/apache/maven/maven-settings/3.2.5/maven-settings-3.2.5.pom
Progress (1): 823 BProgress (1): 2.2 kB                    Downloaded from central: https://repo.maven.apache.org/maven2/org/apache/maven/maven-settings/3.2.5/maven-settings-3.2.5.pom (2.2 kB at 53 kB/s)
Downloading from central: https://repo.maven.apache.org/maven2/org/apache/maven/maven-settings-builder/3.2.5/maven-settings-builder-3.2.5.pom
Progress (1): 823 BProgress (1): 2.6 kB                    Downloaded from central: https://repo.maven.apache.org/maven2/org/apache/maven/maven-settings-builder/3.2.5/maven-settings-builder-3.2.5.pom (2.6 kB at 53 kB/s)
Downloading from central: https://repo.maven.apache.org/maven2/org/codehaus/plexus/plexus-interpolation/1.21/plexus-interpolation-1.21.pom
Progress (1): 1.3 kBProgress (1): 1.5 kB                    Downloaded from central: https://repo.maven.apache.org/maven2/org/codehaus/plexus/plexus-interpolation/1.21/plexus-interpolation-1.21.pom (1.5 kB at 25 kB/s)
Downloading from central: https://repo.maven.apache.org/maven2/org/codehaus/plexus/plexus-components/1.3.1/plexus-components-1.3.1.pom
Progress (1): 1.3 kBProgress (1): 3.1 kB                    Downloaded from central: https://repo.maven.apache.org/maven2/org/codehaus/plexus/plexus-components/1.3.1/plexus-components-1.3.1.pom (3.1 kB at 81 kB/s)
Downloading from central: https://repo.maven.apache.org/maven2/org/codehaus/plexus/plexus/3.3.1/plexus-3.3.1.pom
Progress (1): 707 BProgress (1): 2.6 kBProgress (1): 6.1 kBProgress (1): 8.6 kBProgress (1): 11 kB Progress (1): 16 kBProgress (1): 20 kBProgress (1): 20 kB                   Downloaded from central: https://repo.maven.apache.org/maven2/org/codehaus/plexus/plexus/3.3.1/plexus-3.3.1.pom (20 kB at 365 kB/s)
Downloading from central: https://repo.maven.apache.org/maven2/org/sonatype/spice/spice-parent/17/spice-parent-17.pom
Progress (1): 1.2 kBProgress (1): 3.4 kBProgress (1): 6.7 kBProgress (1): 6.8 kB                    Downloaded from central: https://repo.maven.apache.org/maven2/org/sonatype/spice/spice-parent/17/spice-parent-17.pom (6.8 kB at 121 kB/s)
Downloading from central: https://repo.maven.apache.org/maven2/org/sonatype/forge/forge-parent/10/forge-parent-10.pom
Progress (1): 735 BProgress (1): 2.6 kBProgress (1): 8.6 kBProgress (1): 12 kB Progress (1): 14 kB                   Downloaded from central: https://repo.maven.apache.org/maven2/org/sonatype/forge/forge-parent/10/forge-parent-10.pom (14 kB at 238 kB/s)
Downloading from central: https://repo.maven.apache.org/maven2/org/codehaus/plexus/plexus-component-annotations/1.5.5/plexus-component-annotations-1.5.5.pom
Progress (1): 815 B                   Downloaded from central: https://repo.maven.apache.org/maven2/org/codehaus/plexus/plexus-component-annotations/1.5.5/plexus-component-annotations-1.5.5.pom (815 B at 15 kB/s)
Downloading from central: https://repo.maven.apache.org/maven2/org/codehaus/plexus/plexus-containers/1.5.5/plexus-containers-1.5.5.pom
Progress (1): 1.3 kBProgress (1): 4.2 kB                    Downloaded from central: https://repo.maven.apache.org/maven2/org/codehaus/plexus/plexus-containers/1.5.5/plexus-containers-1.5.5.pom (4.2 kB at 99 kB/s)
Downloading from central: https://repo.maven.apache.org/maven2/org/codehaus/plexus/plexus/2.0.7/plexus-2.0.7.pom
Progress (1): 711 BProgress (1): 2.8 kBProgress (1): 6.4 kBProgress (1): 9.1 kBProgress (1): 13 kB Progress (1): 17 kB                   Downloaded from central: https://repo.maven.apache.org/maven2/org/codehaus/plexus/plexus/2.0.7/plexus-2.0.7.pom (17 kB at 339 kB/s)
Downloading from central: https://repo.maven.apache.org/maven2/org/sonatype/plexus/plexus-sec-dispatcher/1.3/plexus-sec-dispatcher-1.3.pom
Progress (1): 1.3 kBProgress (1): 3.0 kB                    Downloaded from central: https://repo.maven.apache.org/maven2/org/sonatype/plexus/plexus-sec-dispatcher/1.3/plexus-sec-dispatcher-1.3.pom (3.0 kB at 55 kB/s)
Downloading from central: https://repo.maven.apache.org/maven2/org/sonatype/spice/spice-parent/12/spice-parent-12.pom
Progress (1): 1.2 kBProgress (1): 4.2 kBProgress (1): 6.8 kB                    Downloaded from central: https://repo.maven.apache.org/maven2/org/sonatype/spice/spice-parent/12/spice-parent-12.pom (6.8 kB at 119 kB/s)
Downloading from central: https://repo.maven.apache.org/maven2/org/sonatype/forge/forge-parent/4/forge-parent-4.pom
Progress (1): 1.4 kBProgress (1): 5.8 kBProgress (1): 8.4 kB                    Downloaded from central: https://repo.maven.apache.org/maven2/org/sonatype/forge/forge-parent/4/forge-parent-4.pom (8.4 kB at 147 kB/s)
Downloading from central: https://repo.maven.apache.org/maven2/org/sonatype/plexus/plexus-cipher/1.4/plexus-cipher-1.4.pom
Progress (1): 1.4 kBProgress (1): 2.1 kB                    Downloaded from central: https://repo.maven.apache.org/maven2/org/sonatype/plexus/plexus-cipher/1.4/plexus-cipher-1.4.pom (2.1 kB at 38 kB/s)
Downloading from central: https://repo.maven.apache.org/maven2/org/apache/maven/maven-repository-metadata/3.2.5/maven-repository-metadata-3.2.5.pom
Progress (1): 823 BProgress (1): 2.2 kB                    Downloaded from central: https://repo.maven.apache.org/maven2/org/apache/maven/maven-repository-metadata/3.2.5/maven-repository-metadata-3.2.5.pom (2.2 kB at 53 kB/s)
Downloading from central: https://repo.maven.apache.org/maven2/org/apache/maven/maven-plugin-api/3.2.5/maven-plugin-api-3.2.5.pom
Progress (1): 816 BProgress (1): 2.5 kBProgress (1): 3.0 kB                    Downloaded from central: https://repo.maven.apache.org/maven2/org/apache/maven/maven-plugin-api/3.2.5/maven-plugin-api-3.2.5.pom (3.0 kB at 74 kB/s)
Downloading from central: https://repo.maven.apache.org/maven2/org/eclipse/sisu/org.eclipse.sisu.plexus/0.9.0.M2/org.eclipse.sisu.plexus-0.9.0.M2.pom
Progress (1): 827 BProgress (1): 3.5 kBProgress (1): 8.7 kBProgress (1): 15 kB Progress (1): 15 kB                   Downloaded from central: https://repo.maven.apache.org/maven2/org/eclipse/sisu/org.eclipse.sisu.plexus/0.9.0.M2/org.eclipse.sisu.plexus-0.9.0.M2.pom (15 kB at 267 kB/s)
Downloading from central: https://repo.maven.apache.org/maven2/org/eclipse/sisu/sisu-plexus/0.9.0.M2/sisu-plexus-0.9.0.M2.pom
Progress (1): 811 BProgress (1): 2.8 kBProgress (1): 4.9 kBProgress (1): 8.5 kBProgress (1): 12 kB Progress (1): 15 kB                   Downloaded from central: https://repo.maven.apache.org/maven2/org/eclipse/sisu/sisu-plexus/0.9.0.M2/sisu-plexus-0.9.0.M2.pom (15 kB at 242 kB/s)
Downloading from central: https://repo.maven.apache.org/maven2/javax/annotation/javax.annotation-api/1.2/javax.annotation-api-1.2.pom
Progress (1): 702 BProgress (1): 2.0 kBProgress (1): 3.5 kBProgress (1): 5.5 kBProgress (1): 8.7 kBProgress (1): 12 kB Progress (1): 13 kB                   Downloaded from central: https://repo.maven.apache.org/maven2/javax/annotation/javax.annotation-api/1.2/javax.annotation-api-1.2.pom (13 kB at 244 kB/s)
Downloading from central: https://repo.maven.apache.org/maven2/net/java/jvnet-parent/3/jvnet-parent-3.pom
Progress (1): 838 BProgress (1): 2.5 kBProgress (1): 4.8 kB                    Downloaded from central: https://repo.maven.apache.org/maven2/net/java/jvnet-parent/3/jvnet-parent-3.pom (4.8 kB at 86 kB/s)
Downloading from central: https://repo.maven.apache.org/maven2/javax/enterprise/cdi-api/1.2/cdi-api-1.2.pom
Progress (1): 1.0 kBProgress (1): 3.3 kBProgress (1): 5.8 kBProgress (1): 6.3 kB                    Downloaded from central: https://repo.maven.apache.org/maven2/javax/enterprise/cdi-api/1.2/cdi-api-1.2.pom (6.3 kB at 116 kB/s)
Downloading from central: https://repo.maven.apache.org/maven2/org/jboss/weld/weld-parent/26/weld-parent-26.pom
Progress (1): 1.0 kBProgress (1): 2.9 kBProgress (1): 6.3 kBProgress (1): 11 kB Progress (1): 16 kBProgress (1): 19 kBProgress (1): 22 kBProgress (1): 26 kBProgress (1): 31 kBProgress (1): 32 kB                   Downloaded from central: https://repo.maven.apache.org/maven2/org/jboss/weld/weld-parent/26/weld-parent-26.pom (32 kB at 557 kB/s)
Downloading from central: https://repo.maven.apache.org/maven2/org/eclipse/sisu/org.eclipse.sisu.inject/0.9.0.M2/org.eclipse.sisu.inject-0.9.0.M2.pom
Progress (1): 804 BProgress (1): 4.1 kBProgress (1): 10 kB Progress (1): 16 kBProgress (1): 17 kB                   Downloaded from central: https://repo.maven.apache.org/maven2/org/eclipse/sisu/org.eclipse.sisu.inject/0.9.0.M2/org.eclipse.sisu.inject-0.9.0.M2.pom (17 kB at 321 kB/s)
Downloading from central: https://repo.maven.apache.org/maven2/org/eclipse/sisu/sisu-inject/0.9.0.M2/sisu-inject-0.9.0.M2.pom
Progress (1): 819 BProgress (1): 2.8 kBProgress (1): 4.9 kBProgress (1): 8.5 kBProgress (1): 12 kB Progress (1): 15 kB                   Downloaded from central: https://repo.maven.apache.org/maven2/org/eclipse/sisu/sisu-inject/0.9.0.M2/sisu-inject-0.9.0.M2.pom (15 kB at 269 kB/s)
Downloading from central: https://repo.maven.apache.org/maven2/org/codehaus/plexus/plexus-component-annotations/2.1.0/plexus-component-annotations-2.1.0.pom
Progress (1): 750 B                   Downloaded from central: https://repo.maven.apache.org/maven2/org/codehaus/plexus/plexus-component-annotations/2.1.0/plexus-component-annotations-2.1.0.pom (750 B at 14 kB/s)
Downloading from central: https://repo.maven.apache.org/maven2/org/codehaus/plexus/plexus-containers/2.1.0/plexus-containers-2.1.0.pom
Progress (1): 1.3 kBProgress (1): 4.7 kBProgress (1): 4.8 kB                    Downloaded from central: https://repo.maven.apache.org/maven2/org/codehaus/plexus/plexus-containers/2.1.0/plexus-containers-2.1.0.pom (4.8 kB at 112 kB/s)
Downloading from central: https://repo.maven.apache.org/maven2/org/codehaus/plexus/plexus/5.1/plexus-5.1.pom
Progress (1): 700 BProgress (1): 2.7 kBProgress (1): 6.5 kBProgress (1): 9.1 kBProgress (1): 12 kB Progress (1): 16 kBProgress (1): 21 kBProgress (1): 23 kB                   Downloaded from central: https://repo.maven.apache.org/maven2/org/codehaus/plexus/plexus/5.1/plexus-5.1.pom (23 kB at 563 kB/s)
Downloading from central: https://repo.maven.apache.org/maven2/org/codehaus/plexus/plexus-classworlds/2.6.0/plexus-classworlds-2.6.0.pom
Progress (1): 932 BProgress (1): 2.6 kBProgress (1): 5.5 kBProgress (1): 7.9 kB                    Downloaded from central: https://repo.maven.apache.org/maven2/org/codehaus/plexus/plexus-classworlds/2.6.0/plexus-classworlds-2.6.0.pom (7.9 kB at 122 kB/s)
Downloading from central: https://repo.maven.apache.org/maven2/org/apache/maven/maven-model-builder/3.2.5/maven-model-builder-3.2.5.pom
Progress (1): 836 BProgress (1): 2.7 kBProgress (1): 3.0 kB                    Downloaded from central: https://repo.maven.apache.org/maven2/org/apache/maven/maven-model-builder/3.2.5/maven-model-builder-3.2.5.pom (3.0 kB at 79 kB/s)
Downloading from central: https://repo.maven.apache.org/maven2/org/apache/maven/maven-aether-provider/3.2.5/maven-aether-provider-3.2.5.pom
Progress (1): 811 BProgress (1): 3.0 kBProgress (1): 4.2 kB                    Downloaded from central: https://repo.maven.apache.org/maven2/org/apache/maven/maven-aether-provider/3.2.5/maven-aether-provider-3.2.5.pom (4.2 kB at 115 kB/s)
Downloading from central: https://repo.maven.apache.org/maven2/org/eclipse/aether/aether-spi/1.0.0.v20140518/aether-spi-1.0.0.v20140518.pom
Progress (1): 934 BProgress (1): 2.1 kB                    Downloaded from central: https://repo.maven.apache.org/maven2/org/eclipse/aether/aether-spi/1.0.0.v20140518/aether-spi-1.0.0.v20140518.pom (2.1 kB at 43 kB/s)
Downloading from central: https://repo.maven.apache.org/maven2/org/eclipse/aether/aether-impl/1.0.0.v20140518/aether-impl-1.0.0.v20140518.pom
Progress (1): 922 BProgress (1): 3.5 kB                    Downloaded from central: https://repo.maven.apache.org/maven2/org/eclipse/aether/aether-impl/1.0.0.v20140518/aether-impl-1.0.0.v20140518.pom (3.5 kB at 89 kB/s)
Downloading from central: https://repo.maven.apache.org/maven2/org/sonatype/sisu/sisu-guice/3.2.3/sisu-guice-3.2.3.pom
Progress (1): 1.3 kBProgress (1): 3.8 kBProgress (1): 6.0 kBProgress (1): 9.7 kBProgress (1): 11 kB                    Downloaded from central: https://repo.maven.apache.org/maven2/org/sonatype/sisu/sisu-guice/3.2.3/sisu-guice-3.2.3.pom (11 kB at 214 kB/s)
Downloading from central: https://repo.maven.apache.org/maven2/org/sonatype/sisu/inject/guice-parent/3.2.3/guice-parent-3.2.3.pom
Progress (1): 799 BProgress (1): 2.7 kBProgress (1): 5.1 kBProgress (1): 7.6 kBProgress (1): 10 kB Progress (1): 13 kB                   Downloaded from central: https://repo.maven.apache.org/maven2/org/sonatype/sisu/inject/guice-parent/3.2.3/guice-parent-3.2.3.pom (13 kB at 232 kB/s)
Downloading from central: https://repo.maven.apache.org/maven2/org/sonatype/forge/forge-parent/38/forge-parent-38.pom
Progress (1): 812 BProgress (1): 2.5 kBProgress (1): 5.0 kBProgress (1): 8.7 kBProgress (1): 12 kB Progress (1): 16 kBProgress (1): 19 kB                   Downloaded from central: https://repo.maven.apache.org/maven2/org/sonatype/forge/forge-parent/38/forge-parent-38.pom (19 kB at 468 kB/s)
Downloading from central: https://repo.maven.apache.org/maven2/aopalliance/aopalliance/1.0/aopalliance-1.0.pom
Progress (1): 363 B                   Downloaded from central: https://repo.maven.apache.org/maven2/aopalliance/aopalliance/1.0/aopalliance-1.0.pom (363 B at 5.8 kB/s)
Downloading from central: https://repo.maven.apache.org/maven2/com/google/guava/guava/16.0.1/guava-16.0.1.pom
Progress (1): 956 BProgress (1): 2.8 kBProgress (1): 5.3 kBProgress (1): 6.1 kB                    Downloaded from central: https://repo.maven.apache.org/maven2/com/google/guava/guava/16.0.1/guava-16.0.1.pom (6.1 kB at 156 kB/s)
Downloading from central: https://repo.maven.apache.org/maven2/com/google/guava/guava-parent/16.0.1/guava-parent-16.0.1.pom
Progress (1): 1.1 kBProgress (1): 2.9 kBProgress (1): 6.3 kBProgress (1): 7.3 kB                    Downloaded from central: https://repo.maven.apache.org/maven2/com/google/guava/guava-parent/16.0.1/guava-parent-16.0.1.pom (7.3 kB at 122 kB/s)
Downloading from central: https://repo.maven.apache.org/maven2/org/codehaus/plexus/plexus-classworlds/2.5.2/plexus-classworlds-2.5.2.pom
Progress (1): 930 BProgress (1): 3.0 kBProgress (1): 6.0 kBProgress (1): 7.3 kB                    Downloaded from central: https://repo.maven.apache.org/maven2/org/codehaus/plexus/plexus-classworlds/2.5.2/plexus-classworlds-2.5.2.pom (7.3 kB at 135 kB/s)
Downloading from central: https://repo.maven.apache.org/maven2/commons-io/commons-io/2.15.1/commons-io-2.15.1.pom
Progress (1): 765 BProgress (1): 2.1 kBProgress (1): 5.2 kBProgress (1): 7.6 kBProgress (1): 10 kB Progress (1): 12 kBProgress (1): 15 kBProgress (1): 18 kBProgress (1): 20 kB                   Downloaded from central: https://repo.maven.apache.org/maven2/commons-io/commons-io/2.15.1/commons-io-2.15.1.pom (20 kB at 370 kB/s)
Downloading from central: https://repo.maven.apache.org/maven2/org/apache/commons/commons-parent/65/commons-parent-65.pom
Progress (1): 705 BProgress (1): 1.9 kBProgress (1): 3.1 kBProgress (1): 4.7 kBProgress (1): 6.4 kBProgress (1): 8.4 kBProgress (1): 10 kB Progress (1): 13 kBProgress (1): 15 kBProgress (1): 18 kBProgress (1): 19 kBProgress (1): 23 kBProgress (1): 25 kBProgress (1): 28 kBProgress (1): 32 kBProgress (1): 32 kBProgress (1): 35 kBProgress (1): 41 kBProgress (1): 43 kBProgress (1): 46 kBProgress (1): 49 kBProgress (1): 51 kBProgress (1): 54 kBProgress (1): 58 kBProgress (1): 60 kBProgress (1): 64 kBProgress (1): 67 kBProgress (1): 71 kBProgress (1): 74 kBProgress (1): 76 kBProgress (1): 78 kB                   Downloaded from central: https://repo.maven.apache.org/maven2/org/apache/commons/commons-parent/65/commons-parent-65.pom (78 kB at 1.4 MB/s)
Downloading from central: https://repo.maven.apache.org/maven2/org/codehaus/plexus/plexus-java/1.2.0/plexus-java-1.2.0.pom
Progress (1): 1.9 kBProgress (1): 4.3 kB                    Downloaded from central: https://repo.maven.apache.org/maven2/org/codehaus/plexus/plexus-java/1.2.0/plexus-java-1.2.0.pom (4.3 kB at 122 kB/s)
Downloading from central: https://repo.maven.apache.org/maven2/org/codehaus/plexus/plexus-languages/1.2.0/plexus-languages-1.2.0.pom
Progress (1): 1.3 kBProgress (1): 3.2 kB                    Downloaded from central: https://repo.maven.apache.org/maven2/org/codehaus/plexus/plexus-languages/1.2.0/plexus-languages-1.2.0.pom (3.2 kB at 91 kB/s)
Downloading from central: https://repo.maven.apache.org/maven2/org/codehaus/plexus/plexus/15/plexus-15.pom
Progress (1): 692 BProgress (1): 2.7 kBProgress (1): 6.4 kBProgress (1): 8.9 kBProgress (1): 11 kB Progress (1): 14 kBProgress (1): 18 kBProgress (1): 21 kBProgress (1): 25 kBProgress (1): 28 kB                   Downloaded from central: https://repo.maven.apache.org/maven2/org/codehaus/plexus/plexus/15/plexus-15.pom (28 kB at 496 kB/s)
Downloading from central: https://repo.maven.apache.org/maven2/org/junit/junit-bom/5.10.0/junit-bom-5.10.0.pom
Progress (1): 913 BProgress (1): 4.1 kBProgress (1): 5.6 kB                    Downloaded from central: https://repo.maven.apache.org/maven2/org/junit/junit-bom/5.10.0/junit-bom-5.10.0.pom (5.6 kB at 134 kB/s)
Downloading from central: https://repo.maven.apache.org/maven2/org/ow2/asm/asm/9.6/asm-9.6.pom
Progress (1): 1.3 kBProgress (1): 2.4 kB                    Downloaded from central: https://repo.maven.apache.org/maven2/org/ow2/asm/asm/9.6/asm-9.6.pom (2.4 kB at 48 kB/s)
Downloading from central: https://repo.maven.apache.org/maven2/com/thoughtworks/qdox/qdox/2.0.3/qdox-2.0.3.pom
Progress (1): 872 BProgress (1): 3.4 kBProgress (1): 6.6 kBProgress (1): 11 kB Progress (1): 13 kBProgress (1): 17 kB                   Downloaded from central: https://repo.maven.apache.org/maven2/com/thoughtworks/qdox/qdox/2.0.3/qdox-2.0.3.pom (17 kB at 375 kB/s)
Downloading from central: https://repo.maven.apache.org/maven2/org/apache/maven/surefire/maven-surefire-common/3.2.5/maven-surefire-common-3.2.5.jar
Progress (1): 7.7/308 kBProgress (1): 12/308 kB Progress (1): 29/308 kBProgress (1): 45/308 kBProgress (1): 61/308 kBProgress (1): 78/308 kBProgress (1): 94/308 kBProgress (1): 111/308 kBProgress (1): 127/308 kBProgress (1): 143/308 kBProgress (1): 160/308 kBProgress (1): 176/308 kBProgress (1): 193/308 kBProgress (1): 209/308 kBProgress (1): 225/308 kBProgress (1): 242/308 kBProgress (1): 258/308 kBProgress (1): 274/308 kBProgress (1): 291/308 kBProgress (1): 307/308 kBProgress (1): 308 kB                        Downloaded from central: https://repo.maven.apache.org/maven2/org/apache/maven/surefire/maven-surefire-common/3.2.5/maven-surefire-common-3.2.5.jar (308 kB at 3.5 MB/s)
Downloading from central: https://repo.maven.apache.org/maven2/org/apache/maven/surefire/surefire-api/3.2.5/surefire-api-3.2.5.jar
Downloading from central: https://repo.maven.apache.org/maven2/org/apache/maven/surefire/surefire-logger-api/3.2.5/surefire-logger-api-3.2.5.jar
Downloading from central: https://repo.maven.apache.org/maven2/org/apache/maven/surefire/surefire-extensions-api/3.2.5/surefire-extensions-api-3.2.5.jar
Downloading from central: https://repo.maven.apache.org/maven2/org/apache/maven/surefire/surefire-booter/3.2.5/surefire-booter-3.2.5.jar
Downloading from central: https://repo.maven.apache.org/maven2/org/apache/maven/surefire/surefire-extensions-spi/3.2.5/surefire-extensions-spi-3.2.5.jar
Progress (1): 7.7/171 kBProgress (1): 16/171 kB Progress (1): 32/171 kBProgress (1): 49/171 kBProgress (2): 49/171 kB | 7.7/26 kBProgress (2): 49/171 kB | 16/26 kB Progress (2): 49/171 kB | 24/26 kBProgress (2): 65/171 kB | 24/26 kBProgress (2): 65/171 kB | 26 kB                                  Downloaded from central: https://repo.maven.apache.org/maven2/org/apache/maven/surefire/surefire-extensions-api/3.2.5/surefire-extensions-api-3.2.5.jar (26 kB at 417 kB/s)
Downloading from central: https://repo.maven.apache.org/maven2/org/eclipse/aether/aether-util/1.0.0.v20140518/aether-util-1.0.0.v20140518.jar
Progress (2): 65/171 kB | 7.7/118 kBProgress (2): 65/171 kB | 16/118 kB Progress (2): 65/171 kB | 25/118 kBProgress (2): 81/171 kB | 25/118 kBProgress (2): 98/171 kB | 25/118 kBProgress (2): 114/171 kB | 25/118 kBProgress (2): 114/171 kB | 41/118 kBProgress (2): 131/171 kB | 41/118 kBProgress (2): 147/171 kB | 41/118 kBProgress (2): 163/171 kB | 41/118 kBProgress (2): 171 kB | 41/118 kB                                    Downloaded from central: https://repo.maven.apache.org/maven2/org/apache/maven/surefire/surefire-api/3.2.5/surefire-api-3.2.5.jar (171 kB at 2.3 MB/s)
Downloading from central: https://repo.maven.apache.org/maven2/org/eclipse/aether/aether-api/1.0.0.v20140518/aether-api-1.0.0.v20140518.jar
Progress (1): 57/118 kBProgress (1): 74/118 kBProgress (1): 90/118 kBProgress (1): 106/118 kBProgress (1): 118 kB                        Downloaded from central: https://repo.maven.apache.org/maven2/org/apache/maven/surefire/surefire-booter/3.2.5/surefire-booter-3.2.5.jar (118 kB at 1.5 MB/s)
Downloading from central: https://repo.maven.apache.org/maven2/org/apache/maven/shared/maven-common-artifact-filters/3.1.1/maven-common-artifact-filters-3.1.1.jar
Progress (1): 7.7/8.2 kBProgress (1): 8.2 kB    Progress (2): 8.2 kB | 3.2/14 kB                                Downloaded from central: https://repo.maven.apache.org/maven2/org/apache/maven/surefire/surefire-extensions-spi/3.2.5/surefire-extensions-spi-3.2.5.jar (8.2 kB at 106 kB/s)
Downloading from central: https://repo.maven.apache.org/maven2/commons-io/commons-io/2.15.1/commons-io-2.15.1.jar
Progress (1): 14 kB                   Downloaded from central: https://repo.maven.apache.org/maven2/org/apache/maven/surefire/surefire-logger-api/3.2.5/surefire-logger-api-3.2.5.jar (14 kB at 149 kB/s)
Downloading from central: https://repo.maven.apache.org/maven2/org/codehaus/plexus/plexus-java/1.2.0/plexus-java-1.2.0.jar
Progress (1): 7.7/146 kBProgress (1): 16/146 kB Progress (1): 24/146 kBProgress (1): 40/146 kBProgress (1): 57/146 kBProgress (1): 73/146 kBProgress (1): 90/146 kBProgress (1): 106/146 kBProgress (1): 122/146 kBProgress (1): 139/146 kBProgress (1): 146 kB    Progress (2): 146 kB | 7.7/501 kBProgress (3): 146 kB | 7.7/501 kB | 7.7/61 kBProgress (3): 146 kB | 7.7/501 kB | 7.7/61 kBProgress (3): 146 kB | 16/501 kB | 7.7/61 kB Progress (3): 146 kB | 24/501 kB | 7.7/61 kB                                            Downloaded from central: https://repo.maven.apache.org/maven2/org/eclipse/aether/aether-util/1.0.0.v20140518/aether-util-1.0.0.v20140518.jar (146 kB at 1.1 MB/s)
Downloading from central: https://repo.maven.apache.org/maven2/org/ow2/asm/asm/9.6/asm-9.6.jar
Progress (2): 40/501 kB | 7.7/61 kBProgress (2): 40/501 kB | 24/61 kB Progress (2): 57/501 kB | 24/61 kBProgress (2): 73/501 kB | 24/61 kBProgress (2): 73/501 kB | 40/61 kBProgress (3): 73/501 kB | 40/61 kB | 7.7/136 kBProgress (3): 73/501 kB | 40/61 kB | 12/136 kB Progress (3): 90/501 kB | 40/61 kB | 12/136 kBProgress (3): 90/501 kB | 57/61 kB | 12/136 kBProgress (3): 90/501 kB | 61 kB | 12/136 kB   Progress (3): 90/501 kB | 61 kB | 29/136 kB                                           Downloaded from central: https://repo.maven.apache.org/maven2/org/apache/maven/shared/maven-common-artifact-filters/3.1.1/maven-common-artifact-filters-3.1.1.jar (61 kB at 454 kB/s)
Downloading from central: https://repo.maven.apache.org/maven2/com/thoughtworks/qdox/qdox/2.0.3/qdox-2.0.3.jar
Progress (2): 106/501 kB | 29/136 kBProgress (2): 122/501 kB | 29/136 kBProgress (2): 139/501 kB | 29/136 kBProgress (2): 155/501 kB | 29/136 kBProgress (2): 172/501 kB | 29/136 kBProgress (2): 172/501 kB | 45/136 kBProgress (2): 188/501 kB | 45/136 kBProgress (2): 204/501 kB | 45/136 kBProgress (2): 221/501 kB | 45/136 kBProgress (2): 237/501 kB | 45/136 kBProgress (2): 253/501 kB | 45/136 kBProgress (2): 270/501 kB | 45/136 kBProgress (2): 286/501 kB | 45/136 kBProgress (2): 303/501 kB | 45/136 kBProgress (2): 303/501 kB | 61/136 kBProgress (2): 319/501 kB | 61/136 kBProgress (2): 319/501 kB | 78/136 kBProgress (2): 335/501 kB | 78/136 kBProgress (2): 352/501 kB | 78/136 kBProgress (2): 368/501 kB | 78/136 kBProgress (2): 385/501 kB | 78/136 kBProgress (2): 385/501 kB | 94/136 kBProgress (2): 401/501 kB | 94/136 kBProgress (2): 417/501 kB | 94/136 kBProgress (2): 434/501 kB | 94/136 kBProgress (2): 450/501 kB | 94/136 kBProgress (2): 466/501 kB | 94/136 kBProgress (2): 466/501 kB | 111/136 kBProgress (2): 483/501 kB | 111/136 kBProgress (2): 499/501 kB | 111/136 kBProgress (2): 501 kB | 111/136 kB                                     Downloaded from central: https://repo.maven.apache.org/maven2/commons-io/commons-io/2.15.1/commons-io-2.15.1.jar (501 kB at 2.9 MB/s)
Downloading from central: https://repo.maven.apache.org/maven2/org/apache/maven/surefire/surefire-shared-utils/3.2.5/surefire-shared-utils-3.2.5.jar
Progress (1): 127/136 kBProgress (1): 136 kB    Progress (2): 136 kB | 7.7/58 kBProgress (2): 136 kB | 16/58 kB Progress (2): 136 kB | 32/58 kB                               Downloaded from central: https://repo.maven.apache.org/maven2/org/eclipse/aether/aether-api/1.0.0.v20140518/aether-api-1.0.0.v20140518.jar (136 kB at 774 kB/s)
Progress (1): 49/58 kBProgress (1): 58 kB                      Downloaded from central: https://repo.maven.apache.org/maven2/org/codehaus/plexus/plexus-java/1.2.0/plexus-java-1.2.0.jar (58 kB at 321 kB/s)
Progress (1): 7.7/124 kBProgress (1): 16/124 kB Progress (1): 24/124 kBProgress (1): 40/124 kBProgress (1): 57/124 kBProgress (1): 73/124 kBProgress (1): 90/124 kBProgress (1): 106/124 kBProgress (1): 122/124 kBProgress (1): 124 kB                        Downloaded from central: https://repo.maven.apache.org/maven2/org/ow2/asm/asm/9.6/asm-9.6.jar (124 kB at 647 kB/s)
Progress (1): 7.7/334 kBProgress (1): 16/334 kB Progress (1): 24/334 kBProgress (1): 40/334 kBProgress (1): 57/334 kBProgress (1): 73/334 kBProgress (1): 90/334 kBProgress (1): 106/334 kBProgress (1): 122/334 kBProgress (1): 139/334 kBProgress (1): 155/334 kBProgress (1): 172/334 kBProgress (1): 188/334 kBProgress (1): 204/334 kBProgress (1): 213/334 kBProgress (1): 229/334 kBProgress (1): 246/334 kBProgress (1): 262/334 kBProgress (1): 279/334 kBProgress (1): 295/334 kBProgress (1): 311/334 kBProgress (1): 328/334 kBProgress (1): 334 kB                        Downloaded from central: https://repo.maven.apache.org/maven2/com/thoughtworks/qdox/qdox/2.0.3/qdox-2.0.3.jar (334 kB at 1.6 MB/s)
Progress (1): 0/2.4 MBProgress (1): 0/2.4 MBProgress (1): 0/2.4 MBProgress (1): 0/2.4 MBProgress (1): 0.1/2.4 MBProgress (1): 0.1/2.4 MBProgress (1): 0.1/2.4 MBProgress (1): 0.1/2.4 MBProgress (1): 0.1/2.4 MBProgress (1): 0.1/2.4 MBProgress (1): 0.2/2.4 MBProgress (1): 0.2/2.4 MBProgress (1): 0.2/2.4 MBProgress (1): 0.2/2.4 MBProgress (1): 0.2/2.4 MBProgress (1): 0.2/2.4 MBProgress (1): 0.3/2.4 MBProgress (1): 0.3/2.4 MBProgress (1): 0.3/2.4 MBProgress (1): 0.3/2.4 MBProgress (1): 0.3/2.4 MBProgress (1): 0.3/2.4 MBProgress (1): 0.4/2.4 MBProgress (1): 0.4/2.4 MBProgress (1): 0.4/2.4 MBProgress (1): 0.4/2.4 MBProgress (1): 0.4/2.4 MBProgress (1): 0.4/2.4 MBProgress (1): 0.4/2.4 MBProgress (1): 0.5/2.4 MBProgress (1): 0.5/2.4 MBProgress (1): 0.5/2.4 MBProgress (1): 0.5/2.4 MBProgress (1): 0.5/2.4 MBProgress (1): 0.5/2.4 MBProgress (1): 0.6/2.4 MBProgress (1): 0.6/2.4 MBProgress (1): 0.6/2.4 MBProgress (1): 0.6/2.4 MBProgress (1): 0.6/2.4 MBProgress (1): 0.6/2.4 MBProgress (1): 0.7/2.4 MBProgress (1): 0.7/2.4 MBProgress (1): 0.7/2.4 MBProgress (1): 0.7/2.4 MBProgress (1): 0.7/2.4 MBProgress (1): 0.7/2.4 MBProgress (1): 0.8/2.4 MBProgress (1): 0.8/2.4 MBProgress (1): 0.8/2.4 MBProgress (1): 0.8/2.4 MBProgress (1): 0.8/2.4 MBProgress (1): 0.8/2.4 MBProgress (1): 0.9/2.4 MBProgress (1): 0.9/2.4 MBProgress (1): 0.9/2.4 MBProgress (1): 0.9/2.4 MBProgress (1): 0.9/2.4 MBProgress (1): 0.9/2.4 MBProgress (1): 1.0/2.4 MBProgress (1): 1.0/2.4 MBProgress (1): 1.0/2.4 MBProgress (1): 1.0/2.4 MBProgress (1): 1.0/2.4 MBProgress (1): 1.0/2.4 MBProgress (1): 1.1/2.4 MBProgress (1): 1.1/2.4 MBProgress (1): 1.1/2.4 MBProgress (1): 1.1/2.4 MBProgress (1): 1.1/2.4 MBProgress (1): 1.1/2.4 MBProgress (1): 1.2/2.4 MBProgress (1): 1.2/2.4 MBProgress (1): 1.2/2.4 MBProgress (1): 1.2/2.4 MBProgress (1): 1.2/2.4 MBProgress (1): 1.2/2.4 MBProgress (1): 1.2/2.4 MBProgress (1): 1.3/2.4 MBProgress (1): 1.3/2.4 MBProgress (1): 1.3/2.4 MBProgress (1): 1.3/2.4 MBProgress (1): 1.3/2.4 MBProgress (1): 1.3/2.4 MBProgress (1): 1.4/2.4 MBProgress (1): 1.4/2.4 MBProgress (1): 1.4/2.4 MBProgress (1): 1.4/2.4 MBProgress (1): 1.4/2.4 MBProgress (1): 1.4/2.4 MBProgress (1): 1.5/2.4 MBProgress (1): 1.5/2.4 MBProgress (1): 1.5/2.4 MBProgress (1): 1.5/2.4 MBProgress (1): 1.5/2.4 MBProgress (1): 1.5/2.4 MBProgress (1): 1.6/2.4 MBProgress (1): 1.6/2.4 MBProgress (1): 1.6/2.4 MBProgress (1): 1.6/2.4 MBProgress (1): 1.6/2.4 MBProgress (1): 1.6/2.4 MBProgress (1): 1.6/2.4 MBProgress (1): 1.7/2.4 MBProgress (1): 1.7/2.4 MBProgress (1): 1.7/2.4 MBProgress (1): 1.7/2.4 MBProgress (1): 1.7/2.4 MBProgress (1): 1.7/2.4 MBProgress (1): 1.8/2.4 MBProgress (1): 1.8/2.4 MBProgress (1): 1.8/2.4 MBProgress (1): 1.8/2.4 MBProgress (1): 1.8/2.4 MBProgress (1): 1.8/2.4 MBProgress (1): 1.9/2.4 MBProgress (1): 1.9/2.4 MBProgress (1): 1.9/2.4 MBProgress (1): 1.9/2.4 MBProgress (1): 1.9/2.4 MBProgress (1): 1.9/2.4 MBProgress (1): 1.9/2.4 MBProgress (1): 2.0/2.4 MBProgress (1): 2.0/2.4 MBProgress (1): 2.0/2.4 MBProgress (1): 2.0/2.4 MBProgress (1): 2.0/2.4 MBProgress (1): 2.0/2.4 MBProgress (1): 2.1/2.4 MBProgress (1): 2.1/2.4 MBProgress (1): 2.1/2.4 MBProgress (1): 2.1/2.4 MBProgress (1): 2.1/2.4 MBProgress (1): 2.1/2.4 MBProgress (1): 2.1/2.4 MBProgress (1): 2.2/2.4 MBProgress (1): 2.2/2.4 MBProgress (1): 2.2/2.4 MBProgress (1): 2.2/2.4 MBProgress (1): 2.2/2.4 MBProgress (1): 2.2/2.4 MBProgress (1): 2.2/2.4 MBProgress (1): 2.3/2.4 MBProgress (1): 2.3/2.4 MBProgress (1): 2.3/2.4 MBProgress (1): 2.3/2.4 MBProgress (1): 2.3/2.4 MBProgress (1): 2.3/2.4 MBProgress (1): 2.4/2.4 MBProgress (1): 2.4/2.4 MBProgress (1): 2.4/2.4 MBProgress (1): 2.4/2.4 MBProgress (1): 2.4/2.4 MBProgress (1): 2.4 MB                        Downloaded from central: https://repo.maven.apache.org/maven2/org/apache/maven/surefire/surefire-shared-utils/3.2.5/surefire-shared-utils-3.2.5.jar (2.4 MB at 6.6 MB/s)
[INFO] Using auto detected provider org.apache.maven.surefire.testng.TestNGProvider
Downloading from central: https://repo.maven.apache.org/maven2/org/apache/maven/surefire/surefire-testng/3.2.5/surefire-testng-3.2.5.pom
Progress (1): 839 BProgress (1): 2.9 kBProgress (1): 3.7 kB                    Downloaded from central: https://repo.maven.apache.org/maven2/org/apache/maven/surefire/surefire-testng/3.2.5/surefire-testng-3.2.5.pom (3.7 kB at 89 kB/s)
Downloading from central: https://repo.maven.apache.org/maven2/org/apache/maven/surefire/surefire-providers/3.2.5/surefire-providers-3.2.5.pom
Progress (1): 849 BProgress (1): 2.6 kB                    Downloaded from central: https://repo.maven.apache.org/maven2/org/apache/maven/surefire/surefire-providers/3.2.5/surefire-providers-3.2.5.pom (2.6 kB at 58 kB/s)
Downloading from central: https://repo.maven.apache.org/maven2/org/apache/maven/surefire/common-java5/3.2.5/common-java5-3.2.5.pom
Progress (1): 849 BProgress (1): 2.6 kBProgress (1): 2.8 kB                    Downloaded from central: https://repo.maven.apache.org/maven2/org/apache/maven/surefire/common-java5/3.2.5/common-java5-3.2.5.pom (2.8 kB at 61 kB/s)
Downloading from central: https://repo.maven.apache.org/maven2/org/apache/maven/surefire/surefire-testng-utils/3.2.5/surefire-testng-utils-3.2.5.pom
Progress (1): 849 BProgress (1): 2.7 kBProgress (1): 3.2 kB                    Downloaded from central: https://repo.maven.apache.org/maven2/org/apache/maven/surefire/surefire-testng-utils/3.2.5/surefire-testng-utils-3.2.5.pom (3.2 kB at 74 kB/s)
Downloading from central: https://repo.maven.apache.org/maven2/org/apache/maven/surefire/surefire-grouper/3.2.5/surefire-grouper-3.2.5.pom
Progress (1): 843 BProgress (1): 3.0 kBProgress (1): 3.4 kB                    Downloaded from central: https://repo.maven.apache.org/maven2/org/apache/maven/surefire/surefire-grouper/3.2.5/surefire-grouper-3.2.5.pom (3.4 kB at 82 kB/s)
Downloading from central: https://repo.maven.apache.org/maven2/org/apache/maven/surefire/surefire-testng/3.2.5/surefire-testng-3.2.5.jar
Progress (1): 3.2/47 kBProgress (1): 20/47 kB Progress (1): 36/47 kBProgress (1): 47 kB                      Downloaded from central: https://repo.maven.apache.org/maven2/org/apache/maven/surefire/surefire-testng/3.2.5/surefire-testng-3.2.5.jar (47 kB at 693 kB/s)
Downloading from central: https://repo.maven.apache.org/maven2/org/apache/maven/surefire/common-java5/3.2.5/common-java5-3.2.5.jar
Downloading from central: https://repo.maven.apache.org/maven2/org/apache/maven/surefire/surefire-testng-utils/3.2.5/surefire-testng-utils-3.2.5.jar
Downloading from central: https://repo.maven.apache.org/maven2/org/apache/maven/surefire/surefire-grouper/3.2.5/surefire-grouper-3.2.5.jar
Progress (1): 7.7/18 kBProgress (1): 7.7/18 kBProgress (1): 18 kB                       Downloaded from central: https://repo.maven.apache.org/maven2/org/apache/maven/surefire/common-java5/3.2.5/common-java5-3.2.5.jar (18 kB at 293 kB/s)
Progress (1): 7.3/40 kBProgress (1): 24/40 kB Progress (2): 24/40 kB | 7.7/14 kBProgress (2): 24/40 kB | 7.7/14 kBProgress (2): 24/40 kB | 14 kB                                  Downloaded from central: https://repo.maven.apache.org/maven2/org/apache/maven/surefire/surefire-testng-utils/3.2.5/surefire-testng-utils-3.2.5.jar (14 kB at 173 kB/s)
Progress (1): 40/40 kBProgress (1): 40 kB                      Downloaded from central: https://repo.maven.apache.org/maven2/org/apache/maven/surefire/surefire-grouper/3.2.5/surefire-grouper-3.2.5.jar (40 kB at 510 kB/s)
[INFO] 
[INFO] -------------------------------------------------------
[INFO]  T E S T S
[INFO] -------------------------------------------------------
[INFO] Running TestSuite
[main] INFO io.github.bonigarcia.wdm.WebDriverManager - Using chromedriver 151.0.7922.138 (resolved driver for Chrome 151)
[main] INFO io.github.bonigarcia.wdm.online.Downloader - Downloading https://storage.googleapis.com/chrome-for-testing-public/151.0.7922.138/linux64/chromedriver-linux64.zip
[main] INFO io.github.bonigarcia.wdm.online.Downloader - Extracting driver from compressed file chromedriver-linux64.zip
[main] INFO io.github.bonigarcia.wdm.WebDriverManager - Exporting webdriver.chrome.driver as /root/.cache/selenium/chromedriver/linux64/151.0.7922.138/chromedriver
Aug 23, 2026 1:30:34 PM org.openqa.selenium.devtools.CdpVersionFinder findNearestMatch
WARNING: Unable to find an exact match for CDP version 151, returning the closest version; found: 149; Please update to a Selenium version that supports CDP version 151
[main] INFO io.github.bonigarcia.wdm.WebDriverManager - Using chromedriver 151.0.7922.138 (resolved driver for Chrome 151)
[main] INFO io.github.bonigarcia.wdm.WebDriverManager - Exporting webdriver.chrome.driver as /root/.cache/selenium/chromedriver/linux64/151.0.7922.138/chromedriver
Aug 23, 2026 1:30:36 PM org.openqa.selenium.devtools.CdpVersionFinder findNearestMatch
WARNING: Unable to find an exact match for CDP version 151, returning the closest version; found: 149; Please update to a Selenium version that supports CDP version 151
[main] INFO io.github.bonigarcia.wdm.WebDriverManager - Using chromedriver 151.0.7922.138 (resolved driver for Chrome 151)
[main] INFO io.github.bonigarcia.wdm.WebDriverManager - Exporting webdriver.chrome.driver as /root/.cache/selenium/chromedriver/linux64/151.0.7922.138/chromedriver
Aug 23, 2026 1:30:39 PM org.openqa.selenium.devtools.CdpVersionFinder findNearestMatch
WARNING: Unable to find an exact match for CDP version 151, returning the closest version; found: 149; Please update to a Selenium version that supports CDP version 151
[main] INFO io.github.bonigarcia.wdm.WebDriverManager - Using chromedriver 151.0.7922.138 (resolved driver for Chrome 151)
[main] INFO io.github.bonigarcia.wdm.WebDriverManager - Exporting webdriver.chrome.driver as /root/.cache/selenium/chromedriver/linux64/151.0.7922.138/chromedriver
Aug 23, 2026 1:30:41 PM org.openqa.selenium.devtools.CdpVersionFinder findNearestMatch
WARNING: Unable to find an exact match for CDP version 151, returning the closest version; found: 149; Please update to a Selenium version that supports CDP version 151
[main] INFO io.github.bonigarcia.wdm.WebDriverManager - Using chromedriver 151.0.7922.138 (resolved driver for Chrome 151)
[main] INFO io.github.bonigarcia.wdm.WebDriverManager - Exporting webdriver.chrome.driver as /root/.cache/selenium/chromedriver/linux64/151.0.7922.138/chromedriver
Aug 23, 2026 1:30:43 PM org.openqa.selenium.devtools.CdpVersionFinder findNearestMatch
WARNING: Unable to find an exact match for CDP version 151, returning the closest version; found: 149; Please update to a Selenium version that supports CDP version 151
[main] INFO io.github.bonigarcia.wdm.WebDriverManager - Using chromedriver 151.0.7922.138 (resolved driver for Chrome 151)
[main] INFO io.github.bonigarcia.wdm.WebDriverManager - Exporting webdriver.chrome.driver as /root/.cache/selenium/chromedriver/linux64/151.0.7922.138/chromedriver
Aug 23, 2026 1:30:56 PM org.openqa.selenium.devtools.CdpVersionFinder findNearestMatch
WARNING: Unable to find an exact match for CDP version 151, returning the closest version; found: 149; Please update to a Selenium version that supports CDP version 151
[main] INFO io.github.bonigarcia.wdm.WebDriverManager - Using chromedriver 151.0.7922.138 (resolved driver for Chrome 151)
[main] INFO io.github.bonigarcia.wdm.WebDriverManager - Exporting webdriver.chrome.driver as /root/.cache/selenium/chromedriver/linux64/151.0.7922.138/chromedriver
Aug 23, 2026 1:30:59 PM org.openqa.selenium.devtools.CdpVersionFinder findNearestMatch
WARNING: Unable to find an exact match for CDP version 151, returning the closest version; found: 149; Please update to a Selenium version that supports CDP version 151
[main] INFO io.github.bonigarcia.wdm.WebDriverManager - Using chromedriver 151.0.7922.138 (resolved driver for Chrome 151)
[main] INFO io.github.bonigarcia.wdm.WebDriverManager - Exporting webdriver.chrome.driver as /root/.cache/selenium/chromedriver/linux64/151.0.7922.138/chromedriver
Aug 23, 2026 1:31:01 PM org.openqa.selenium.devtools.CdpVersionFinder findNearestMatch
WARNING: Unable to find an exact match for CDP version 151, returning the closest version; found: 149; Please update to a Selenium version that supports CDP version 151
[main] INFO io.github.bonigarcia.wdm.WebDriverManager - Using chromedriver 151.0.7922.138 (resolved driver for Chrome 151)
[main] INFO io.github.bonigarcia.wdm.WebDriverManager - Exporting webdriver.chrome.driver as /root/.cache/selenium/chromedriver/linux64/151.0.7922.138/chromedriver
Aug 23, 2026 1:31:10 PM org.openqa.selenium.devtools.CdpVersionFinder findNearestMatch
WARNING: Unable to find an exact match for CDP version 151, returning the closest version; found: 149; Please update to a Selenium version that supports CDP version 151
[main] INFO io.github.bonigarcia.wdm.WebDriverManager - Using chromedriver 151.0.7922.138 (resolved driver for Chrome 151)
[main] INFO io.github.bonigarcia.wdm.WebDriverManager - Exporting webdriver.chrome.driver as /root/.cache/selenium/chromedriver/linux64/151.0.7922.138/chromedriver
Aug 23, 2026 1:31:12 PM org.openqa.selenium.devtools.CdpVersionFinder findNearestMatch
WARNING: Unable to find an exact match for CDP version 151, returning the closest version; found: 149; Please update to a Selenium version that supports CDP version 151
[main] INFO io.github.bonigarcia.wdm.WebDriverManager - Using chromedriver 151.0.7922.138 (resolved driver for Chrome 151)
[main] INFO io.github.bonigarcia.wdm.WebDriverManager - Exporting webdriver.chrome.driver as /root/.cache/selenium/chromedriver/linux64/151.0.7922.138/chromedriver
Aug 23, 2026 1:31:15 PM org.openqa.selenium.devtools.CdpVersionFinder findNearestMatch
WARNING: Unable to find an exact match for CDP version 151, returning the closest version; found: 149; Please update to a Selenium version that supports CDP version 151
[main] INFO io.github.bonigarcia.wdm.WebDriverManager - Using chromedriver 151.0.7922.138 (resolved driver for Chrome 151)
[main] INFO io.github.bonigarcia.wdm.WebDriverManager - Exporting webdriver.chrome.driver as /root/.cache/selenium/chromedriver/linux64/151.0.7922.138/chromedriver
Aug 23, 2026 1:31:17 PM org.openqa.selenium.devtools.CdpVersionFinder findNearestMatch
WARNING: Unable to find an exact match for CDP version 151, returning the closest version; found: 149; Please update to a Selenium version that supports CDP version 151
[main] INFO io.github.bonigarcia.wdm.WebDriverManager - Using chromedriver 151.0.7922.138 (resolved driver for Chrome 151)
[main] INFO io.github.bonigarcia.wdm.WebDriverManager - Exporting webdriver.chrome.driver as /root/.cache/selenium/chromedriver/linux64/151.0.7922.138/chromedriver
Aug 23, 2026 1:31:19 PM org.openqa.selenium.devtools.CdpVersionFinder findNearestMatch
WARNING: Unable to find an exact match for CDP version 151, returning the closest version; found: 149; Please update to a Selenium version that supports CDP version 151
[main] INFO io.github.bonigarcia.wdm.WebDriverManager - Using chromedriver 151.0.7922.138 (resolved driver for Chrome 151)
[main] INFO io.github.bonigarcia.wdm.WebDriverManager - Exporting webdriver.chrome.driver as /root/.cache/selenium/chromedriver/linux64/151.0.7922.138/chromedriver
Aug 23, 2026 1:31:22 PM org.openqa.selenium.devtools.CdpVersionFinder findNearestMatch
WARNING: Unable to find an exact match for CDP version 151, returning the closest version; found: 149; Please update to a Selenium version that supports CDP version 151
[main] INFO io.github.bonigarcia.wdm.WebDriverManager - Using chromedriver 151.0.7922.138 (resolved driver for Chrome 151)
[main] INFO io.github.bonigarcia.wdm.WebDriverManager - Exporting webdriver.chrome.driver as /root/.cache/selenium/chromedriver/linux64/151.0.7922.138/chromedriver
Aug 23, 2026 1:31:24 PM org.openqa.selenium.devtools.CdpVersionFinder findNearestMatch
WARNING: Unable to find an exact match for CDP version 151, returning the closest version; found: 149; Please update to a Selenium version that supports CDP version 151
[main] INFO io.github.bonigarcia.wdm.WebDriverManager - Using chromedriver 151.0.7922.138 (resolved driver for Chrome 151)
[main] INFO io.github.bonigarcia.wdm.WebDriverManager - Exporting webdriver.chrome.driver as /root/.cache/selenium/chromedriver/linux64/151.0.7922.138/chromedriver
Aug 23, 2026 1:31:26 PM org.openqa.selenium.devtools.CdpVersionFinder findNearestMatch
WARNING: Unable to find an exact match for CDP version 151, returning the closest version; found: 149; Please update to a Selenium version that supports CDP version 151
[main] INFO io.github.bonigarcia.wdm.WebDriverManager - Using chromedriver 151.0.7922.138 (resolved driver for Chrome 151)
[main] INFO io.github.bonigarcia.wdm.WebDriverManager - Exporting webdriver.chrome.driver as /root/.cache/selenium/chromedriver/linux64/151.0.7922.138/chromedriver
Aug 23, 2026 1:31:35 PM org.openqa.selenium.devtools.CdpVersionFinder findNearestMatch
WARNING: Unable to find an exact match for CDP version 151, returning the closest version; found: 149; Please update to a Selenium version that supports CDP version 151
[main] INFO io.github.bonigarcia.wdm.WebDriverManager - Using chromedriver 151.0.7922.138 (resolved driver for Chrome 151)
[main] INFO io.github.bonigarcia.wdm.WebDriverManager - Exporting webdriver.chrome.driver as /root/.cache/selenium/chromedriver/linux64/151.0.7922.138/chromedriver
Aug 23, 2026 1:31:38 PM org.openqa.selenium.devtools.CdpVersionFinder findNearestMatch
WARNING: Unable to find an exact match for CDP version 151, returning the closest version; found: 149; Please update to a Selenium version that supports CDP version 151
[main] INFO io.github.bonigarcia.wdm.WebDriverManager - Using chromedriver 151.0.7922.138 (resolved driver for Chrome 151)
[main] INFO io.github.bonigarcia.wdm.WebDriverManager - Exporting webdriver.chrome.driver as /root/.cache/selenium/chromedriver/linux64/151.0.7922.138/chromedriver
Aug 23, 2026 1:31:40 PM org.openqa.selenium.devtools.CdpVersionFinder findNearestMatch
WARNING: Unable to find an exact match for CDP version 151, returning the closest version; found: 149; Please update to a Selenium version that supports CDP version 151
[main] INFO io.github.bonigarcia.wdm.WebDriverManager - Using chromedriver 151.0.7922.138 (resolved driver for Chrome 151)
[main] INFO io.github.bonigarcia.wdm.WebDriverManager - Exporting webdriver.chrome.driver as /root/.cache/selenium/chromedriver/linux64/151.0.7922.138/chromedriver
Aug 23, 2026 1:31:42 PM org.openqa.selenium.devtools.CdpVersionFinder findNearestMatch
WARNING: Unable to find an exact match for CDP version 151, returning the closest version; found: 149; Please update to a Selenium version that supports CDP version 151
[main] INFO io.github.bonigarcia.wdm.WebDriverManager - Using chromedriver 151.0.7922.138 (resolved driver for Chrome 151)
[main] INFO io.github.bonigarcia.wdm.WebDriverManager - Exporting webdriver.chrome.driver as /root/.cache/selenium/chromedriver/linux64/151.0.7922.138/chromedriver
Aug 23, 2026 1:31:44 PM org.openqa.selenium.devtools.CdpVersionFinder findNearestMatch
WARNING: Unable to find an exact match for CDP version 151, returning the closest version; found: 149; Please update to a Selenium version that supports CDP version 151
[main] INFO io.github.bonigarcia.wdm.WebDriverManager - Using chromedriver 151.0.7922.138 (resolved driver for Chrome 151)
[main] INFO io.github.bonigarcia.wdm.WebDriverManager - Exporting webdriver.chrome.driver as /root/.cache/selenium/chromedriver/linux64/151.0.7922.138/chromedriver
Aug 23, 2026 1:31:47 PM org.openqa.selenium.devtools.CdpVersionFinder findNearestMatch
WARNING: Unable to find an exact match for CDP version 151, returning the closest version; found: 149; Please update to a Selenium version that supports CDP version 151
[main] INFO io.github.bonigarcia.wdm.WebDriverManager - Using chromedriver 151.0.7922.138 (resolved driver for Chrome 151)
[main] INFO io.github.bonigarcia.wdm.WebDriverManager - Exporting webdriver.chrome.driver as /root/.cache/selenium/chromedriver/linux64/151.0.7922.138/chromedriver
Aug 23, 2026 1:31:49 PM org.openqa.selenium.devtools.CdpVersionFinder findNearestMatch
WARNING: Unable to find an exact match for CDP version 151, returning the closest version; found: 149; Please update to a Selenium version that supports CDP version 151
[main] INFO io.github.bonigarcia.wdm.WebDriverManager - Using chromedriver 151.0.7922.138 (resolved driver for Chrome 151)
[main] INFO io.github.bonigarcia.wdm.WebDriverManager - Exporting webdriver.chrome.driver as /root/.cache/selenium/chromedriver/linux64/151.0.7922.138/chromedriver
Aug 23, 2026 1:31:51 PM org.openqa.selenium.devtools.CdpVersionFinder findNearestMatch
WARNING: Unable to find an exact match for CDP version 151, returning the closest version; found: 149; Please update to a Selenium version that supports CDP version 151
[INFO] Tests run: 24, Failures: 0, Errors: 0, Skipped: 0, Time elapsed: 83.14 s -- in TestSuite
[INFO] 
[INFO] Results:
[INFO] 
[INFO] Tests run: 24, Failures: 0, Errors: 0, Skipped: 0
[INFO] 
[INFO] ------------------------------------------------------------------------
[INFO] BUILD SUCCESS
[INFO] ------------------------------------------------------------------------
[INFO] Total time:  01:44 min
[INFO] Finished at: 2026-08-23T13:31:53Z
[INFO] ------------------------------------------------------------------------
